******************************************************************************
            TI ARM Clang Linker PC v4.0.3                      
******************************************************************************
>> Linked Tue Jul 29 19:21:14 2025

OUTPUT FILE NAME:   <23_E.out>
ENTRY POINT SYMBOL: "_c_int00_noargs"  address: 00000e7d


MEMORY CONFIGURATION

         name            origin    length      used     unused   attr    fill
----------------------  --------  ---------  --------  --------  ----  --------
  FLASH                 00000000   00020000  000010b0  0001ef50  R  X
  SRAM                  20200000   00008000  00000348  00007cb8  RW X
  BCR_CONFIG            41c00000   000000ff  00000000  000000ff  R   
  BSL_CONFIG            41c00100   00000080  00000000  00000080  R   


SEGMENT ALLOCATION MAP

run origin  load origin   length   init length attrs members
----------  ----------- ---------- ----------- ----- -------
00000000    00000000    000010b0   000010b0    r-x
  00000000    00000000    000000c0   000000c0    r-- .intvecs
  000000c0    000000c0    00000f38   00000f38    r-x .text
  00000ff8    00000ff8    00000078   00000078    r-- .rodata
  00001070    00001070    00000040   00000040    r-- .cinit
20200000    20200000    00000148   00000000    rw-
  20200000    20200000    00000148   00000000    rw- .data
20207e00    20207e00    00000200   00000000    rw-
  20207e00    20207e00    00000200   00000000    rw- .stack


SECTION ALLOCATION MAP

 output                                  attributes/
section   page    origin      length       input sections
--------  ----  ----------  ----------   ----------------
.intvecs   0    00000000    000000c0     
                  00000000    000000c0     startup_mspm0g350x_ticlang.o (.intvecs)

.text      0    000000c0    00000f38     
                  000000c0    0000036c     bsp_coord.o (.text.UART1_IRQHandler)
                  0000042c    00000284     libc.a : _printfi.c.obj (.text:__TI_printfi_minimal)
                  000006b0    000000dc     driverlib.a : dl_sysctl_mspm0g1x0x_g3x0x.o (.text.DL_SYSCTL_configSYSPLL)
                  0000078c    000000a4     ti_msp_dl_config.o (.text.SYSCFG_DL_UART_COORD_init)
                  00000830    0000009a     libc.a : memcpy16.S.obj (.text:memcpy)
                  000008ca    00000002     startup_mspm0g350x_ticlang.o (.text.Default_Handler)
                  000008cc    00000098     board.o (.text.fputs)
                  00000964    0000007c     libc.a : copy_decompress_lzss.c.obj (.text:decompress:lzss)
                  000009e0    00000064     driverlib.a : dl_sysctl_mspm0g1x0x_g3x0x.o (.text.DL_SYSCTL_setHFCLKSourceHFXTParams)
                  00000a44    00000064     ti_msp_dl_config.o (.text.SYSCFG_DL_SYSCTL_init)
                  00000aa8    00000062     libc.a : memset16.S.obj (.text:memset)
                  00000b0a    00000002     libclang_rt.builtins.a : aeabi_div0.c.obj (.text.__aeabi_idiv0)
                  00000b0c    00000060     ti_msp_dl_config.o (.text.SYSCFG_DL_UART_DEBUG_init)
                  00000b6c    0000005c     libc.a : printf.c.obj (.text.printf)
                  00000bc8    00000058     main.o (.text.main)
                  00000c20    00000054     driverlib.a : dl_uart.o (.text.DL_UART_drainRXFIFO)
                  00000c74    0000004c                 : dl_dma.o (.text.DL_DMA_initChannel)
                  00000cc0    00000048                 : dl_uart.o (.text.DL_UART_init)
                  00000d08    00000044                 : dl_sysctl_mspm0g1x0x_g3x0x.o (.text.DL_SYSCTL_switchMCLKfromSYSOSCtoHSCLK)
                  00000d4c    00000044     board.o (.text.delay_ms)
                  00000d90    00000040     ti_msp_dl_config.o (.text.SYSCFG_DL_initPower)
                  00000dd0    00000040     libclang_rt.builtins.a : aeabi_uidivmod.S.obj (.text.__aeabi_uidivmod)
                  00000e10    0000003c     libc.a : autoinit.c.obj (.text:__TI_auto_init_nobinit_nopinit)
                  00000e4c    00000030     bsp_coord.o (.text.Coord_Init)
                  00000e7c    00000028     libc.a : boot_cortex_m.c.obj (.text:_c_int00_noargs)
                  00000ea4    00000022            : memccpy.c.obj (.text.memccpy)
                  00000ec6    00000002            : _lock.c.obj (.text._nop)
                  00000ec8    00000020     driverlib.a : dl_uart.o (.text.DL_UART_transmitDataBlocking)
                  00000ee8    00000020     ti_msp_dl_config.o (.text.SYSCFG_DL_init)
                  00000f08    0000001c     ti_msp_dl_config.o (.text.SYSCFG_DL_GPIO_init)
                  00000f24    0000001c     ti_msp_dl_config.o (.text.SYSCFG_DL_SYSTICK_init)
                  00000f40    00000018     ti_msp_dl_config.o (.text.SYSCFG_DL_DMA_COORD_init)
                  00000f58    00000014     board.o (.text.fputc)
                  00000f6c    00000012     driverlib.a : dl_uart.o (.text.DL_UART_setClockConfig)
                  00000f7e    00000012     libc.a : copy_decompress_none.c.obj (.text:decompress:none)
                  00000f90    0000000e     libclang_rt.builtins.a : aeabi_memset.S.obj (.text.__aeabi_memset)
                  00000f9e    0000000e     libc.a : _printfi.c.obj (.text.strlen)
                  00000fac    0000000a     driverlib.a : dl_common.o (.text.DL_Common_delayCycles)
                  00000fb6    00000008     ti_msp_dl_config.o (.text.SYSCFG_DL_DMA_init)
                  00000fbe    00000002     --HOLE-- [fill = 0]
                  00000fc0    00000008     libclang_rt.builtins.a : aeabi_memcpy.S.obj (.text.__aeabi_memcpy)
                  00000fc8    00000008     libc.a : printf.c.obj (.text._outc)
                  00000fd0    00000008            : printf.c.obj (.text._outs)
                  00000fd8    00000008     board.o (.text.board_init)
                  00000fe0    00000006     libc.a : exit.c.obj (.text:abort)
                  00000fe6    00000004     libsysbm.a : hostexit.c.obj (.text.HOSTexit)
                  00000fea    00000004     startup_mspm0g350x_ticlang.o (.text.Reset_Handler)
                  00000fee    00000004     libc.a : pre_init.c.obj (.text._system_pre_init)
                  00000ff2    00000006     --HOLE-- [fill = 0]

.cinit     0    00001070    00000040     
                  00001070    0000002b     (.cinit..data.load) [load image, compression = lzss]
                  0000109b    00000001     --HOLE-- [fill = 0]
                  0000109c    00000008     (__TI_handler_table)
                  000010a4    00000008     (__TI_cinit_table)
                  000010ac    00000004     --HOLE-- [fill = 0]

.rodata    0    00000ff8    00000078     
                  00000ff8    00000028     ti_msp_dl_config.o (.rodata.gSYSPLLConfig)
                  00001020    00000018     ti_msp_dl_config.o (.rodata.gDMA_COORDConfig)
                  00001038    00000011     libc.a : _printfi.c.obj (.rodata.str1.15363888844622738466.1)
                  00001049    0000000d     main.o (.rodata.str1.15159059442110792349.1)
                  00001056    0000000a     ti_msp_dl_config.o (.rodata.gUART_COORDConfig)
                  00001060    0000000a     ti_msp_dl_config.o (.rodata.gUART_DEBUGConfig)
                  0000106a    00000002     ti_msp_dl_config.o (.rodata.gUART_COORDClockConfig)
                  0000106c    00000002     ti_msp_dl_config.o (.rodata.gUART_DEBUGClockConfig)
                  0000106e    00000002     --HOLE-- [fill = 0]

.init_array 
*          0    00000000    00000000     UNINITIALIZED

.binit     0    00000000    00000000     

.data      0    20200000    00000148     UNINITIALIZED
                  20200000    000000f0     libc.a : defs.c.obj (.data._ftable)
                  202000f0    0000003f     bsp_coord.o (.data.Coord_DMA_Buffer)
                  2020012f    00000001     --HOLE--
                  20200130    00000010     bsp_coord.o (.data.Coord_Data)
                  20200140    00000004     libc.a : _lock.c.obj (.data._lock)
                  20200144    00000004            : _lock.c.obj (.data._unlock)

.stack     0    20207e00    00000200     UNINITIALIZED
                  20207e00    00000004     libc.a : boot_cortex_m.c.obj (.stack)
                  20207e04    000001fc     --HOLE--

__llvm_prf_cnts 
*          0    20200000    00000000     UNINITIALIZED

__llvm_prf_bits 
*          0    20200000    00000000     UNINITIALIZED

MODULE SUMMARY

       Module                         code   ro data   rw data
       ------                         ----   -------   -------
    .\
       ti_msp_dl_config.o             544    88        0      
       board.o                        248    0         0      
       startup_mspm0g350x_ticlang.o   6      192       0      
       main.o                         88     13        0      
    +--+------------------------------+------+---------+---------+
       Total:                         886    293       0      
                                                              
    .\BSP\
       bsp_coord.o                    924    0         79     
    +--+------------------------------+------+---------+---------+
       Total:                         924    0         79     
                                                              
    C:/ti/mspm0_sdk_2_05_01_00/source/ti/driverlib/lib/ticlang/m0p/mspm0g1x0x_g3x0x/driverlib.a
       dl_sysctl_mspm0g1x0x_g3x0x.o   388    0         0      
       dl_uart.o                      206    0         0      
       dl_dma.o                       76     0         0      
       dl_common.o                    10     0         0      
    +--+------------------------------+------+---------+---------+
       Total:                         680    0         0      
                                                              
    D:\ti\CCS2020\ccs\tools\compiler\ti-cgt-armllvm_4.0.3.LTS\lib\armv6m-ti-none-eabi/c/libc.a
       _printfi.c.obj                 658    17        0      
       defs.c.obj                     0      0         240    
       memcpy16.S.obj                 154    0         0      
       copy_decompress_lzss.c.obj     124    0         0      
       printf.c.obj                   108    0         0      
       memset16.S.obj                 98     0         0      
       autoinit.c.obj                 60     0         0      
       boot_cortex_m.c.obj            40     0         0      
       memccpy.c.obj                  34     0         0      
       copy_decompress_none.c.obj     18     0         0      
       _lock.c.obj                    2      0         8      
       exit.c.obj                     6      0         0      
       pre_init.c.obj                 4      0         0      
    +--+------------------------------+------+---------+---------+
       Total:                         1306   17        248    
                                                              
    D:\ti\CCS2020\ccs\tools\compiler\ti-cgt-armllvm_4.0.3.LTS\lib\armv6m-ti-none-eabi/c/libsysbm.a
       hostexit.c.obj                 4      0         0      
    +--+------------------------------+------+---------+---------+
       Total:                         4      0         0      
                                                              
    D:\ti\CCS2020\ccs\tools\compiler\ti-cgt-armllvm_4.0.3.LTS\lib\armv6m-ti-none-eabi/libclang_rt.builtins.a
       aeabi_uidivmod.S.obj           64     0         0      
       aeabi_memset.S.obj             14     0         0      
       aeabi_memcpy.S.obj             8      0         0      
       aeabi_div0.c.obj               2      0         0      
    +--+------------------------------+------+---------+---------+
       Total:                         88     0         0      
                                                              
       Stack:                         0      0         512    
       Linker Generated:              0      59        0      
    +--+------------------------------+------+---------+---------+
       Grand Total:                   3888   369       839    


LINKER GENERATED COPY TABLES

__TI_cinit_table @ 000010a4 records: 1, size/record: 8, table size: 8
	.data: load addr=00001070, load size=0000002b bytes, run addr=20200000, run size=00000148 bytes, compression=lzss


LINKER GENERATED HANDLER TABLE

__TI_handler_table @ 0000109c records: 2, size/record: 4, table size: 8
	index: 0, handler: __TI_decompress_lzss
	index: 1, handler: __TI_decompress_none


GLOBAL SYMBOLS: SORTED ALPHABETICALLY BY Name 

address   name                                 
-------   ----                                 
000008cb  ADC0_IRQHandler                      
000008cb  ADC1_IRQHandler                      
000008cb  AES_IRQHandler                       
00000fe6  C$$EXIT                              
000008cb  CANFD0_IRQHandler                    
202000f0  Coord_DMA_Buffer                     
20200130  Coord_Data                           
00000e4d  Coord_Init                           
000008cb  DAC0_IRQHandler                      
00000fad  DL_Common_delayCycles                
00000c75  DL_DMA_initChannel                   
000006b1  DL_SYSCTL_configSYSPLL               
000009e1  DL_SYSCTL_setHFCLKSourceHFXTParams   
00000d09  DL_SYSCTL_switchMCLKfromSYSOSCtoHSCLK
00000c21  DL_UART_drainRXFIFO                  
00000cc1  DL_UART_init                         
00000f6d  DL_UART_setClockConfig               
00000ec9  DL_UART_transmitDataBlocking         
000008cb  DMA_IRQHandler                       
000008cb  Default_Handler                      
000008cb  GROUP0_IRQHandler                    
000008cb  GROUP1_IRQHandler                    
00000fe7  HOSTexit                             
000008cb  HardFault_Handler                    
000008cb  I2C0_IRQHandler                      
000008cb  I2C1_IRQHandler                      
000008cb  NMI_Handler                          
000008cb  PendSV_Handler                       
000008cb  RTC_IRQHandler                       
00000feb  Reset_Handler                        
000008cb  SPI0_IRQHandler                      
000008cb  SPI1_IRQHandler                      
000008cb  SVC_Handler                          
00000f41  SYSCFG_DL_DMA_COORD_init             
00000fb7  SYSCFG_DL_DMA_init                   
00000f09  SYSCFG_DL_GPIO_init                  
00000a45  SYSCFG_DL_SYSCTL_init                
00000f25  SYSCFG_DL_SYSTICK_init               
0000078d  SYSCFG_DL_UART_COORD_init            
00000b0d  SYSCFG_DL_UART_DEBUG_init            
00000ee9  SYSCFG_DL_init                       
00000d91  SYSCFG_DL_initPower                  
000008cb  SysTick_Handler                      
000008cb  TIMA0_IRQHandler                     
000008cb  TIMA1_IRQHandler                     
000008cb  TIMG0_IRQHandler                     
000008cb  TIMG12_IRQHandler                    
000008cb  TIMG6_IRQHandler                     
000008cb  TIMG7_IRQHandler                     
000008cb  TIMG8_IRQHandler                     
000008cb  UART0_IRQHandler                     
000000c1  UART1_IRQHandler                     
000008cb  UART2_IRQHandler                     
000008cb  UART3_IRQHandler                     
20208000  __STACK_END                          
00000200  __STACK_SIZE                         
00000000  __TI_ATRegion0_region_sz             
00000000  __TI_ATRegion0_src_addr              
00000000  __TI_ATRegion0_trg_addr              
00000000  __TI_ATRegion1_region_sz             
00000000  __TI_ATRegion1_src_addr              
00000000  __TI_ATRegion1_trg_addr              
00000000  __TI_ATRegion2_region_sz             
00000000  __TI_ATRegion2_src_addr              
00000000  __TI_ATRegion2_trg_addr              
000010a4  __TI_CINIT_Base                      
000010ac  __TI_CINIT_Limit                     
000010ac  __TI_CINIT_Warm                      
0000109c  __TI_Handler_Table_Base              
000010a4  __TI_Handler_Table_Limit             
00000e11  __TI_auto_init_nobinit_nopinit       
00000965  __TI_decompress_lzss                 
00000f7f  __TI_decompress_none                 
ffffffff  __TI_pprof_out_hndl                  
0000042d  __TI_printfi_minimal                 
ffffffff  __TI_prof_data_size                  
ffffffff  __TI_prof_data_start                 
00000000  __TI_static_base__                   
00000b0b  __aeabi_idiv0                        
00000fc1  __aeabi_memcpy                       
00000fc1  __aeabi_memcpy4                      
00000fc1  __aeabi_memcpy8                      
00000f91  __aeabi_memset                       
00000f91  __aeabi_memset4                      
00000f91  __aeabi_memset8                      
00000dd1  __aeabi_uidiv                        
00000dd1  __aeabi_uidivmod                     
ffffffff  __binit__                            
UNDEFED   __mpu_init                           
20207e00  __stack                              
20200000  __start___llvm_prf_bits              
20200000  __start___llvm_prf_cnts              
20200000  __stop___llvm_prf_bits               
20200000  __stop___llvm_prf_cnts               
00000e7d  _c_int00_noargs                      
20200000  _ftable                              
20200140  _lock                                
00000ec7  _nop                                 
UNDEFED   _system_post_cinit                   
00000fef  _system_pre_init                     
20200144  _unlock                              
00000fe1  abort                                
ffffffff  binit                                
00000fd9  board_init                           
00000d4d  delay_ms                             
00000f59  fputc                                
000008cd  fputs                                
00000000  interruptVectors                     
00000bc9  main                                 
00000ea5  memccpy                              
00000831  memcpy                               
00000aa9  memset                               
00000b6d  printf                               


GLOBAL SYMBOLS: SORTED BY Symbol Address 

address   name                                 
-------   ----                                 
00000000  __TI_ATRegion0_region_sz             
00000000  __TI_ATRegion0_src_addr              
00000000  __TI_ATRegion0_trg_addr              
00000000  __TI_ATRegion1_region_sz             
00000000  __TI_ATRegion1_src_addr              
00000000  __TI_ATRegion1_trg_addr              
00000000  __TI_ATRegion2_region_sz             
00000000  __TI_ATRegion2_src_addr              
00000000  __TI_ATRegion2_trg_addr              
00000000  __TI_static_base__                   
00000000  interruptVectors                     
000000c1  UART1_IRQHandler                     
00000200  __STACK_SIZE                         
0000042d  __TI_printfi_minimal                 
000006b1  DL_SYSCTL_configSYSPLL               
0000078d  SYSCFG_DL_UART_COORD_init            
00000831  memcpy                               
000008cb  ADC0_IRQHandler                      
000008cb  ADC1_IRQHandler                      
000008cb  AES_IRQHandler                       
000008cb  CANFD0_IRQHandler                    
000008cb  DAC0_IRQHandler                      
000008cb  DMA_IRQHandler                       
000008cb  Default_Handler                      
000008cb  GROUP0_IRQHandler                    
000008cb  GROUP1_IRQHandler                    
000008cb  HardFault_Handler                    
000008cb  I2C0_IRQHandler                      
000008cb  I2C1_IRQHandler                      
000008cb  NMI_Handler                          
000008cb  PendSV_Handler                       
000008cb  RTC_IRQHandler                       
000008cb  SPI0_IRQHandler                      
000008cb  SPI1_IRQHandler                      
000008cb  SVC_Handler                          
000008cb  SysTick_Handler                      
000008cb  TIMA0_IRQHandler                     
000008cb  TIMA1_IRQHandler                     
000008cb  TIMG0_IRQHandler                     
000008cb  TIMG12_IRQHandler                    
000008cb  TIMG6_IRQHandler                     
000008cb  TIMG7_IRQHandler                     
000008cb  TIMG8_IRQHandler                     
000008cb  UART0_IRQHandler                     
000008cb  UART2_IRQHandler                     
000008cb  UART3_IRQHandler                     
000008cd  fputs                                
00000965  __TI_decompress_lzss                 
000009e1  DL_SYSCTL_setHFCLKSourceHFXTParams   
00000a45  SYSCFG_DL_SYSCTL_init                
00000aa9  memset                               
00000b0b  __aeabi_idiv0                        
00000b0d  SYSCFG_DL_UART_DEBUG_init            
00000b6d  printf                               
00000bc9  main                                 
00000c21  DL_UART_drainRXFIFO                  
00000c75  DL_DMA_initChannel                   
00000cc1  DL_UART_init                         
00000d09  DL_SYSCTL_switchMCLKfromSYSOSCtoHSCLK
00000d4d  delay_ms                             
00000d91  SYSCFG_DL_initPower                  
00000dd1  __aeabi_uidiv                        
00000dd1  __aeabi_uidivmod                     
00000e11  __TI_auto_init_nobinit_nopinit       
00000e4d  Coord_Init                           
00000e7d  _c_int00_noargs                      
00000ea5  memccpy                              
00000ec7  _nop                                 
00000ec9  DL_UART_transmitDataBlocking         
00000ee9  SYSCFG_DL_init                       
00000f09  SYSCFG_DL_GPIO_init                  
00000f25  SYSCFG_DL_SYSTICK_init               
00000f41  SYSCFG_DL_DMA_COORD_init             
00000f59  fputc                                
00000f6d  DL_UART_setClockConfig               
00000f7f  __TI_decompress_none                 
00000f91  __aeabi_memset                       
00000f91  __aeabi_memset4                      
00000f91  __aeabi_memset8                      
00000fad  DL_Common_delayCycles                
00000fb7  SYSCFG_DL_DMA_init                   
00000fc1  __aeabi_memcpy                       
00000fc1  __aeabi_memcpy4                      
00000fc1  __aeabi_memcpy8                      
00000fd9  board_init                           
00000fe1  abort                                
00000fe6  C$$EXIT                              
00000fe7  HOSTexit                             
00000feb  Reset_Handler                        
00000fef  _system_pre_init                     
0000109c  __TI_Handler_Table_Base              
000010a4  __TI_CINIT_Base                      
000010a4  __TI_Handler_Table_Limit             
000010ac  __TI_CINIT_Limit                     
000010ac  __TI_CINIT_Warm                      
20200000  __start___llvm_prf_bits              
20200000  __start___llvm_prf_cnts              
20200000  __stop___llvm_prf_bits               
20200000  __stop___llvm_prf_cnts               
20200000  _ftable                              
202000f0  Coord_DMA_Buffer                     
20200130  Coord_Data                           
20200140  _lock                                
20200144  _unlock                              
20207e00  __stack                              
20208000  __STACK_END                          
ffffffff  __TI_pprof_out_hndl                  
ffffffff  __TI_prof_data_size                  
ffffffff  __TI_prof_data_start                 
ffffffff  __binit__                            
ffffffff  binit                                
UNDEFED   __mpu_init                           
UNDEFED   _system_post_cinit                   

[113 symbols]
