<?xml version="1.0" encoding="ISO-8859-1" ?>
<link_info>
   <banner>TI ARM Clang Linker PC v4.0.3.LTS</banner>
   <copyright>Copyright (c) 1996-2018 Texas Instruments Incorporated</copyright>
   <command_line>D:\ti\CCS2020\ccs\tools\compiler\ti-cgt-armllvm_4.0.3.LTS\bin\tiarmlnk -ID:\ti\CCS2020\ccs\tools\compiler\ti-cgt-armllvm_4.0.3.LTS\lib -o 24_H.out -m24_H.map --heap_size=0x2000 -iC:/ti/mspm0_sdk_2_05_01_00/source -iE:/CCS/24_H -iE:/CCS/24_H/Debug/syscfg -iD:/ti/CCS2020/ccs/tools/compiler/ti-cgt-armllvm_4.0.3.LTS/lib --diag_wrap=off --display_error_number --warn_sections --xml_link_info=24_H_linkInfo.xml --rom_model ./ti_msp_dl_config.o ./startup_mspm0g350x_ticlang.o ./board.o ./main.o ./BSP/bsp_gyro.o ./BSP/bsp_iic.o ./BSP/bsp_key.o ./BSP/bsp_menu.o ./BSP/bsp_motor.o ./BSP/bsp_movectrl.o ./BSP/bsp_oled.o ./BSP/bsp_oled_data.o ./BSP/bsp_pid.o ./BSP/bsp_task.o ./BSP/bsp_track.o -l./device_linker.cmd -ldevice.cmd.genlibs -llibc.a --start-group -llibc++.a -llibc++abi.a -llibc.a -llibsys.a -llibsysbm.a -llibclang_rt.builtins.a -llibclang_rt.profile.a --end-group --cg_opt_level=2</command_line>
   <link_time>0x688396c9</link_time>
   <link_errors>0x0</link_errors>
   <output_file>E:\CCS\24_H\Debug\24_H.out</output_file>
   <entry_point>
      <name>_c_int00_noargs</name>
      <address>0x3391</address>
   </entry_point>
   <input_file_list>
      <input_file id="fl-1">
         <path>E:\CCS\24_H\Debug\.\</path>
         <kind>object</kind>
         <file>ti_msp_dl_config.o</file>
         <name>ti_msp_dl_config.o</name>
      </input_file>
      <input_file id="fl-2">
         <path>E:\CCS\24_H\Debug\.\</path>
         <kind>object</kind>
         <file>startup_mspm0g350x_ticlang.o</file>
         <name>startup_mspm0g350x_ticlang.o</name>
      </input_file>
      <input_file id="fl-3">
         <path>E:\CCS\24_H\Debug\.\</path>
         <kind>object</kind>
         <file>board.o</file>
         <name>board.o</name>
      </input_file>
      <input_file id="fl-4">
         <path>E:\CCS\24_H\Debug\.\</path>
         <kind>object</kind>
         <file>main.o</file>
         <name>main.o</name>
      </input_file>
      <input_file id="fl-5">
         <path>E:\CCS\24_H\Debug\.\BSP\</path>
         <kind>object</kind>
         <file>bsp_gyro.o</file>
         <name>bsp_gyro.o</name>
      </input_file>
      <input_file id="fl-6">
         <path>E:\CCS\24_H\Debug\.\BSP\</path>
         <kind>object</kind>
         <file>bsp_iic.o</file>
         <name>bsp_iic.o</name>
      </input_file>
      <input_file id="fl-7">
         <path>E:\CCS\24_H\Debug\.\BSP\</path>
         <kind>object</kind>
         <file>bsp_key.o</file>
         <name>bsp_key.o</name>
      </input_file>
      <input_file id="fl-8">
         <path>E:\CCS\24_H\Debug\.\BSP\</path>
         <kind>object</kind>
         <file>bsp_menu.o</file>
         <name>bsp_menu.o</name>
      </input_file>
      <input_file id="fl-9">
         <path>E:\CCS\24_H\Debug\.\BSP\</path>
         <kind>object</kind>
         <file>bsp_motor.o</file>
         <name>bsp_motor.o</name>
      </input_file>
      <input_file id="fl-a">
         <path>E:\CCS\24_H\Debug\.\BSP\</path>
         <kind>object</kind>
         <file>bsp_movectrl.o</file>
         <name>bsp_movectrl.o</name>
      </input_file>
      <input_file id="fl-b">
         <path>E:\CCS\24_H\Debug\.\BSP\</path>
         <kind>object</kind>
         <file>bsp_oled.o</file>
         <name>bsp_oled.o</name>
      </input_file>
      <input_file id="fl-c">
         <path>E:\CCS\24_H\Debug\.\BSP\</path>
         <kind>object</kind>
         <file>bsp_oled_data.o</file>
         <name>bsp_oled_data.o</name>
      </input_file>
      <input_file id="fl-d">
         <path>E:\CCS\24_H\Debug\.\BSP\</path>
         <kind>object</kind>
         <file>bsp_pid.o</file>
         <name>bsp_pid.o</name>
      </input_file>
      <input_file id="fl-e">
         <path>E:\CCS\24_H\Debug\.\BSP\</path>
         <kind>object</kind>
         <file>bsp_task.o</file>
         <name>bsp_task.o</name>
      </input_file>
      <input_file id="fl-f">
         <path>E:\CCS\24_H\Debug\.\BSP\</path>
         <kind>object</kind>
         <file>bsp_track.o</file>
         <name>bsp_track.o</name>
      </input_file>
      <input_file id="fl-1c">
         <path>E:\CCS\24_H\Debug\</path>
         <kind>object</kind>
         <file>&lt;internal&gt;</file>
         <name>&lt;internal&gt;</name>
      </input_file>
      <input_file id="fl-1d">
         <path>C:\ti\mspm0_sdk_2_05_01_00\source\ti\driverlib\lib\ticlang\m0p\mspm0g1x0x_g3x0x\</path>
         <kind>archive</kind>
         <file>driverlib.a</file>
         <name>dl_common.o</name>
      </input_file>
      <input_file id="fl-1e">
         <path>C:\ti\mspm0_sdk_2_05_01_00\source\ti\driverlib\lib\ticlang\m0p\mspm0g1x0x_g3x0x\</path>
         <kind>archive</kind>
         <file>driverlib.a</file>
         <name>dl_dma.o</name>
      </input_file>
      <input_file id="fl-1f">
         <path>C:\ti\mspm0_sdk_2_05_01_00\source\ti\driverlib\lib\ticlang\m0p\mspm0g1x0x_g3x0x\</path>
         <kind>archive</kind>
         <file>driverlib.a</file>
         <name>dl_timer.o</name>
      </input_file>
      <input_file id="fl-20">
         <path>C:\ti\mspm0_sdk_2_05_01_00\source\ti\driverlib\lib\ticlang\m0p\mspm0g1x0x_g3x0x\</path>
         <kind>archive</kind>
         <file>driverlib.a</file>
         <name>dl_uart.o</name>
      </input_file>
      <input_file id="fl-21">
         <path>C:\ti\mspm0_sdk_2_05_01_00\source\ti\driverlib\lib\ticlang\m0p\mspm0g1x0x_g3x0x\</path>
         <kind>archive</kind>
         <file>driverlib.a</file>
         <name>dl_sysctl_mspm0g1x0x_g3x0x.o</name>
      </input_file>
      <input_file id="fl-38">
         <path>D:\ti\CCS2020\ccs\tools\compiler\ti-cgt-armllvm_4.0.3.LTS\lib\armv6m-ti-none-eabi\c\</path>
         <kind>archive</kind>
         <file>libc.a</file>
         <name>vsprintf.c.obj</name>
      </input_file>
      <input_file id="fl-39">
         <path>D:\ti\CCS2020\ccs\tools\compiler\ti-cgt-armllvm_4.0.3.LTS\lib\armv6m-ti-none-eabi\c\</path>
         <kind>archive</kind>
         <file>libc.a</file>
         <name>e_atan2.c.obj</name>
      </input_file>
      <input_file id="fl-3a">
         <path>D:\ti\CCS2020\ccs\tools\compiler\ti-cgt-armllvm_4.0.3.LTS\lib\armv6m-ti-none-eabi\c\</path>
         <kind>archive</kind>
         <file>libc.a</file>
         <name>s_atan.c.obj</name>
      </input_file>
      <input_file id="fl-3b">
         <path>D:\ti\CCS2020\ccs\tools\compiler\ti-cgt-armllvm_4.0.3.LTS\lib\armv6m-ti-none-eabi\c\</path>
         <kind>archive</kind>
         <file>libc.a</file>
         <name>s_round.c.obj</name>
      </input_file>
      <input_file id="fl-3c">
         <path>D:\ti\CCS2020\ccs\tools\compiler\ti-cgt-armllvm_4.0.3.LTS\lib\armv6m-ti-none-eabi\c\</path>
         <kind>archive</kind>
         <file>libc.a</file>
         <name>strcmp-armv6m.S.obj</name>
      </input_file>
      <input_file id="fl-3d">
         <path>D:\ti\CCS2020\ccs\tools\compiler\ti-cgt-armllvm_4.0.3.LTS\lib\armv6m-ti-none-eabi\c\</path>
         <kind>archive</kind>
         <file>libc.a</file>
         <name>boot_cortex_m.c.obj</name>
      </input_file>
      <input_file id="fl-3e">
         <path>D:\ti\CCS2020\ccs\tools\compiler\ti-cgt-armllvm_4.0.3.LTS\lib\armv6m-ti-none-eabi\c\</path>
         <kind>archive</kind>
         <file>libc.a</file>
         <name>mathacl_init.c.obj</name>
      </input_file>
      <input_file id="fl-3f">
         <path>D:\ti\CCS2020\ccs\tools\compiler\ti-cgt-armllvm_4.0.3.LTS\lib\armv6m-ti-none-eabi\c\</path>
         <kind>archive</kind>
         <file>libc.a</file>
         <name>autoinit.c.obj</name>
      </input_file>
      <input_file id="fl-40">
         <path>D:\ti\CCS2020\ccs\tools\compiler\ti-cgt-armllvm_4.0.3.LTS\lib\armv6m-ti-none-eabi\c\</path>
         <kind>archive</kind>
         <file>libc.a</file>
         <name>pre_init.c.obj</name>
      </input_file>
      <input_file id="fl-41">
         <path>D:\ti\CCS2020\ccs\tools\compiler\ti-cgt-armllvm_4.0.3.LTS\lib\armv6m-ti-none-eabi\c\</path>
         <kind>archive</kind>
         <file>libc.a</file>
         <name>cpy_tbl.c.obj</name>
      </input_file>
      <input_file id="fl-42">
         <path>D:\ti\CCS2020\ccs\tools\compiler\ti-cgt-armllvm_4.0.3.LTS\lib\armv6m-ti-none-eabi\c\</path>
         <kind>archive</kind>
         <file>libc.a</file>
         <name>copy_zero_init.c.obj</name>
      </input_file>
      <input_file id="fl-43">
         <path>D:\ti\CCS2020\ccs\tools\compiler\ti-cgt-armllvm_4.0.3.LTS\lib\armv6m-ti-none-eabi\c\</path>
         <kind>archive</kind>
         <file>libc.a</file>
         <name>copy_decompress_none.c.obj</name>
      </input_file>
      <input_file id="fl-44">
         <path>D:\ti\CCS2020\ccs\tools\compiler\ti-cgt-armllvm_4.0.3.LTS\lib\armv6m-ti-none-eabi\c\</path>
         <kind>archive</kind>
         <file>libc.a</file>
         <name>copy_decompress_lzss.c.obj</name>
      </input_file>
      <input_file id="fl-45">
         <path>D:\ti\CCS2020\ccs\tools\compiler\ti-cgt-armllvm_4.0.3.LTS\lib\armv6m-ti-none-eabi\c\</path>
         <kind>archive</kind>
         <file>libc.a</file>
         <name>_printfi.c.obj</name>
      </input_file>
      <input_file id="fl-46">
         <path>D:\ti\CCS2020\ccs\tools\compiler\ti-cgt-armllvm_4.0.3.LTS\lib\armv6m-ti-none-eabi\c\</path>
         <kind>archive</kind>
         <file>libc.a</file>
         <name>s_floor.c.obj</name>
      </input_file>
      <input_file id="fl-47">
         <path>D:\ti\CCS2020\ccs\tools\compiler\ti-cgt-armllvm_4.0.3.LTS\lib\armv6m-ti-none-eabi\c\</path>
         <kind>archive</kind>
         <file>libc.a</file>
         <name>s_frexp.c.obj</name>
      </input_file>
      <input_file id="fl-48">
         <path>D:\ti\CCS2020\ccs\tools\compiler\ti-cgt-armllvm_4.0.3.LTS\lib\armv6m-ti-none-eabi\c\</path>
         <kind>archive</kind>
         <file>libc.a</file>
         <name>s_scalbn.c.obj</name>
      </input_file>
      <input_file id="fl-49">
         <path>D:\ti\CCS2020\ccs\tools\compiler\ti-cgt-armllvm_4.0.3.LTS\lib\armv6m-ti-none-eabi\c\</path>
         <kind>archive</kind>
         <file>libc.a</file>
         <name>wcslen.c.obj</name>
      </input_file>
      <input_file id="fl-4a">
         <path>D:\ti\CCS2020\ccs\tools\compiler\ti-cgt-armllvm_4.0.3.LTS\lib\armv6m-ti-none-eabi\c\</path>
         <kind>archive</kind>
         <file>libc.a</file>
         <name>aeabi_portable.c.obj</name>
      </input_file>
      <input_file id="fl-4b">
         <path>D:\ti\CCS2020\ccs\tools\compiler\ti-cgt-armllvm_4.0.3.LTS\lib\armv6m-ti-none-eabi\c\</path>
         <kind>archive</kind>
         <file>libc.a</file>
         <name>exit.c.obj</name>
      </input_file>
      <input_file id="fl-4c">
         <path>D:\ti\CCS2020\ccs\tools\compiler\ti-cgt-armllvm_4.0.3.LTS\lib\armv6m-ti-none-eabi\c\</path>
         <kind>archive</kind>
         <file>libc.a</file>
         <name>_lock.c.obj</name>
      </input_file>
      <input_file id="fl-4d">
         <path>D:\ti\CCS2020\ccs\tools\compiler\ti-cgt-armllvm_4.0.3.LTS\lib\armv6m-ti-none-eabi\c\</path>
         <kind>archive</kind>
         <file>libc.a</file>
         <name>_ltoa.c.obj</name>
      </input_file>
      <input_file id="fl-4e">
         <path>D:\ti\CCS2020\ccs\tools\compiler\ti-cgt-armllvm_4.0.3.LTS\lib\armv6m-ti-none-eabi\c\</path>
         <kind>archive</kind>
         <file>libc.a</file>
         <name>args_main.c.obj</name>
      </input_file>
      <input_file id="fl-4f">
         <path>D:\ti\CCS2020\ccs\tools\compiler\ti-cgt-armllvm_4.0.3.LTS\lib\armv6m-ti-none-eabi\c\</path>
         <kind>archive</kind>
         <file>libc.a</file>
         <name>assert.c.obj</name>
      </input_file>
      <input_file id="fl-50">
         <path>D:\ti\CCS2020\ccs\tools\compiler\ti-cgt-armllvm_4.0.3.LTS\lib\armv6m-ti-none-eabi\c\</path>
         <kind>archive</kind>
         <file>libc.a</file>
         <name>atoi.c.obj</name>
      </input_file>
      <input_file id="fl-51">
         <path>D:\ti\CCS2020\ccs\tools\compiler\ti-cgt-armllvm_4.0.3.LTS\lib\armv6m-ti-none-eabi\c\</path>
         <kind>archive</kind>
         <file>libc.a</file>
         <name>defs.c.obj</name>
      </input_file>
      <input_file id="fl-52">
         <path>D:\ti\CCS2020\ccs\tools\compiler\ti-cgt-armllvm_4.0.3.LTS\lib\armv6m-ti-none-eabi\c\</path>
         <kind>archive</kind>
         <file>libc.a</file>
         <name>memccpy.c.obj</name>
      </input_file>
      <input_file id="fl-53">
         <path>D:\ti\CCS2020\ccs\tools\compiler\ti-cgt-armllvm_4.0.3.LTS\lib\armv6m-ti-none-eabi\c\</path>
         <kind>archive</kind>
         <file>libc.a</file>
         <name>memory.c.obj</name>
      </input_file>
      <input_file id="fl-54">
         <path>D:\ti\CCS2020\ccs\tools\compiler\ti-cgt-armllvm_4.0.3.LTS\lib\armv6m-ti-none-eabi\c\</path>
         <kind>archive</kind>
         <file>libc.a</file>
         <name>sprintf.c.obj</name>
      </input_file>
      <input_file id="fl-55">
         <path>D:\ti\CCS2020\ccs\tools\compiler\ti-cgt-armllvm_4.0.3.LTS\lib\armv6m-ti-none-eabi\c\</path>
         <kind>archive</kind>
         <file>libc.a</file>
         <name>fflush.c.obj</name>
      </input_file>
      <input_file id="fl-56">
         <path>D:\ti\CCS2020\ccs\tools\compiler\ti-cgt-armllvm_4.0.3.LTS\lib\armv6m-ti-none-eabi\c\</path>
         <kind>archive</kind>
         <file>libc.a</file>
         <name>aeabi_ctype.S.obj</name>
      </input_file>
      <input_file id="fl-f6">
         <path>D:\ti\CCS2020\ccs\tools\compiler\ti-cgt-armllvm_4.0.3.LTS\lib\armv6m-ti-none-eabi\c\</path>
         <kind>archive</kind>
         <file>libsysbm.a</file>
         <name>hostexit.c.obj</name>
      </input_file>
      <input_file id="fl-f7">
         <path>D:\ti\CCS2020\ccs\tools\compiler\ti-cgt-armllvm_4.0.3.LTS\lib\armv6m-ti-none-eabi\c\</path>
         <kind>archive</kind>
         <file>libsysbm.a</file>
         <name>write.c.obj</name>
      </input_file>
      <input_file id="fl-f8">
         <path>D:\ti\CCS2020\ccs\tools\compiler\ti-cgt-armllvm_4.0.3.LTS\lib\armv6m-ti-none-eabi\c\</path>
         <kind>archive</kind>
         <file>libsysbm.a</file>
         <name>host_device.c.obj</name>
      </input_file>
      <input_file id="fl-f9">
         <path>D:\ti\CCS2020\ccs\tools\compiler\ti-cgt-armllvm_4.0.3.LTS\lib\armv6m-ti-none-eabi\c\</path>
         <kind>archive</kind>
         <file>libsysbm.a</file>
         <name>hostclose.c.obj</name>
      </input_file>
      <input_file id="fl-fa">
         <path>D:\ti\CCS2020\ccs\tools\compiler\ti-cgt-armllvm_4.0.3.LTS\lib\armv6m-ti-none-eabi\c\</path>
         <kind>archive</kind>
         <file>libsysbm.a</file>
         <name>hostlseek.c.obj</name>
      </input_file>
      <input_file id="fl-fb">
         <path>D:\ti\CCS2020\ccs\tools\compiler\ti-cgt-armllvm_4.0.3.LTS\lib\armv6m-ti-none-eabi\c\</path>
         <kind>archive</kind>
         <file>libsysbm.a</file>
         <name>hostopen.c.obj</name>
      </input_file>
      <input_file id="fl-fc">
         <path>D:\ti\CCS2020\ccs\tools\compiler\ti-cgt-armllvm_4.0.3.LTS\lib\armv6m-ti-none-eabi\c\</path>
         <kind>archive</kind>
         <file>libsysbm.a</file>
         <name>hostread.c.obj</name>
      </input_file>
      <input_file id="fl-fd">
         <path>D:\ti\CCS2020\ccs\tools\compiler\ti-cgt-armllvm_4.0.3.LTS\lib\armv6m-ti-none-eabi\c\</path>
         <kind>archive</kind>
         <file>libsysbm.a</file>
         <name>hostrename.c.obj</name>
      </input_file>
      <input_file id="fl-fe">
         <path>D:\ti\CCS2020\ccs\tools\compiler\ti-cgt-armllvm_4.0.3.LTS\lib\armv6m-ti-none-eabi\c\</path>
         <kind>archive</kind>
         <file>libsysbm.a</file>
         <name>hostunlink.c.obj</name>
      </input_file>
      <input_file id="fl-ff">
         <path>D:\ti\CCS2020\ccs\tools\compiler\ti-cgt-armllvm_4.0.3.LTS\lib\armv6m-ti-none-eabi\c\</path>
         <kind>archive</kind>
         <file>libsysbm.a</file>
         <name>hostwrite.c.obj</name>
      </input_file>
      <input_file id="fl-100">
         <path>D:\ti\CCS2020\ccs\tools\compiler\ti-cgt-armllvm_4.0.3.LTS\lib\armv6m-ti-none-eabi\c\</path>
         <kind>archive</kind>
         <file>libsysbm.a</file>
         <name>trgmsg.c.obj</name>
      </input_file>
      <input_file id="fl-101">
         <path>D:\ti\CCS2020\ccs\tools\compiler\ti-cgt-armllvm_4.0.3.LTS\lib\armv6m-ti-none-eabi\</path>
         <kind>archive</kind>
         <file>libclang_rt.builtins.a</file>
         <name>addsf3.S.obj</name>
      </input_file>
      <input_file id="fl-102">
         <path>D:\ti\CCS2020\ccs\tools\compiler\ti-cgt-armllvm_4.0.3.LTS\lib\armv6m-ti-none-eabi\</path>
         <kind>archive</kind>
         <file>libclang_rt.builtins.a</file>
         <name>adddf3.S.obj</name>
      </input_file>
      <input_file id="fl-103">
         <path>D:\ti\CCS2020\ccs\tools\compiler\ti-cgt-armllvm_4.0.3.LTS\lib\armv6m-ti-none-eabi\</path>
         <kind>archive</kind>
         <file>libclang_rt.builtins.a</file>
         <name>muldf3.S.obj</name>
      </input_file>
      <input_file id="fl-104">
         <path>D:\ti\CCS2020\ccs\tools\compiler\ti-cgt-armllvm_4.0.3.LTS\lib\armv6m-ti-none-eabi\</path>
         <kind>archive</kind>
         <file>libclang_rt.builtins.a</file>
         <name>muldsi3.S.obj</name>
      </input_file>
      <input_file id="fl-105">
         <path>D:\ti\CCS2020\ccs\tools\compiler\ti-cgt-armllvm_4.0.3.LTS\lib\armv6m-ti-none-eabi\</path>
         <kind>archive</kind>
         <file>libclang_rt.builtins.a</file>
         <name>mulsf3.S.obj</name>
      </input_file>
      <input_file id="fl-106">
         <path>D:\ti\CCS2020\ccs\tools\compiler\ti-cgt-armllvm_4.0.3.LTS\lib\armv6m-ti-none-eabi\</path>
         <kind>archive</kind>
         <file>libclang_rt.builtins.a</file>
         <name>divdf3.S.obj</name>
      </input_file>
      <input_file id="fl-107">
         <path>D:\ti\CCS2020\ccs\tools\compiler\ti-cgt-armllvm_4.0.3.LTS\lib\armv6m-ti-none-eabi\</path>
         <kind>archive</kind>
         <file>libclang_rt.builtins.a</file>
         <name>extendsfdf2.S.obj</name>
      </input_file>
      <input_file id="fl-108">
         <path>D:\ti\CCS2020\ccs\tools\compiler\ti-cgt-armllvm_4.0.3.LTS\lib\armv6m-ti-none-eabi\</path>
         <kind>archive</kind>
         <file>libclang_rt.builtins.a</file>
         <name>fixdfsi.S.obj</name>
      </input_file>
      <input_file id="fl-109">
         <path>D:\ti\CCS2020\ccs\tools\compiler\ti-cgt-armllvm_4.0.3.LTS\lib\armv6m-ti-none-eabi\</path>
         <kind>archive</kind>
         <file>libclang_rt.builtins.a</file>
         <name>fixsfsi.S.obj</name>
      </input_file>
      <input_file id="fl-10a">
         <path>D:\ti\CCS2020\ccs\tools\compiler\ti-cgt-armllvm_4.0.3.LTS\lib\armv6m-ti-none-eabi\</path>
         <kind>archive</kind>
         <file>libclang_rt.builtins.a</file>
         <name>fixunsdfsi.S.obj</name>
      </input_file>
      <input_file id="fl-10b">
         <path>D:\ti\CCS2020\ccs\tools\compiler\ti-cgt-armllvm_4.0.3.LTS\lib\armv6m-ti-none-eabi\</path>
         <kind>archive</kind>
         <file>libclang_rt.builtins.a</file>
         <name>fixunssfsi.S.obj</name>
      </input_file>
      <input_file id="fl-10c">
         <path>D:\ti\CCS2020\ccs\tools\compiler\ti-cgt-armllvm_4.0.3.LTS\lib\armv6m-ti-none-eabi\</path>
         <kind>archive</kind>
         <file>libclang_rt.builtins.a</file>
         <name>floatsidf.S.obj</name>
      </input_file>
      <input_file id="fl-10d">
         <path>D:\ti\CCS2020\ccs\tools\compiler\ti-cgt-armllvm_4.0.3.LTS\lib\armv6m-ti-none-eabi\</path>
         <kind>archive</kind>
         <file>libclang_rt.builtins.a</file>
         <name>floatsisf.S.obj</name>
      </input_file>
      <input_file id="fl-10e">
         <path>D:\ti\CCS2020\ccs\tools\compiler\ti-cgt-armllvm_4.0.3.LTS\lib\armv6m-ti-none-eabi\</path>
         <kind>archive</kind>
         <file>libclang_rt.builtins.a</file>
         <name>floatunsidf.S.obj</name>
      </input_file>
      <input_file id="fl-10f">
         <path>D:\ti\CCS2020\ccs\tools\compiler\ti-cgt-armllvm_4.0.3.LTS\lib\armv6m-ti-none-eabi\</path>
         <kind>archive</kind>
         <file>libclang_rt.builtins.a</file>
         <name>muldi3.S.obj</name>
      </input_file>
      <input_file id="fl-110">
         <path>D:\ti\CCS2020\ccs\tools\compiler\ti-cgt-armllvm_4.0.3.LTS\lib\armv6m-ti-none-eabi\</path>
         <kind>archive</kind>
         <file>libclang_rt.builtins.a</file>
         <name>truncdfsf2.S.obj</name>
      </input_file>
      <input_file id="fl-111">
         <path>D:\ti\CCS2020\ccs\tools\compiler\ti-cgt-armllvm_4.0.3.LTS\lib\armv6m-ti-none-eabi\</path>
         <kind>archive</kind>
         <file>libclang_rt.builtins.a</file>
         <name>aeabi_dcmp.S.obj</name>
      </input_file>
      <input_file id="fl-112">
         <path>D:\ti\CCS2020\ccs\tools\compiler\ti-cgt-armllvm_4.0.3.LTS\lib\armv6m-ti-none-eabi\</path>
         <kind>archive</kind>
         <file>libclang_rt.builtins.a</file>
         <name>aeabi_fcmp.S.obj</name>
      </input_file>
      <input_file id="fl-113">
         <path>D:\ti\CCS2020\ccs\tools\compiler\ti-cgt-armllvm_4.0.3.LTS\lib\armv6m-ti-none-eabi\</path>
         <kind>archive</kind>
         <file>libclang_rt.builtins.a</file>
         <name>aeabi_idivmod.S.obj</name>
      </input_file>
      <input_file id="fl-114">
         <path>D:\ti\CCS2020\ccs\tools\compiler\ti-cgt-armllvm_4.0.3.LTS\lib\armv6m-ti-none-eabi\</path>
         <kind>archive</kind>
         <file>libclang_rt.builtins.a</file>
         <name>aeabi_memcpy.S.obj</name>
      </input_file>
      <input_file id="fl-115">
         <path>D:\ti\CCS2020\ccs\tools\compiler\ti-cgt-armllvm_4.0.3.LTS\lib\armv6m-ti-none-eabi\</path>
         <kind>archive</kind>
         <file>libclang_rt.builtins.a</file>
         <name>aeabi_memset.S.obj</name>
      </input_file>
      <input_file id="fl-116">
         <path>D:\ti\CCS2020\ccs\tools\compiler\ti-cgt-armllvm_4.0.3.LTS\lib\armv6m-ti-none-eabi\</path>
         <kind>archive</kind>
         <file>libclang_rt.builtins.a</file>
         <name>aeabi_uidivmod.S.obj</name>
      </input_file>
      <input_file id="fl-117">
         <path>D:\ti\CCS2020\ccs\tools\compiler\ti-cgt-armllvm_4.0.3.LTS\lib\armv6m-ti-none-eabi\</path>
         <kind>archive</kind>
         <file>libclang_rt.builtins.a</file>
         <name>aeabi_uldivmod.S.obj</name>
      </input_file>
      <input_file id="fl-118">
         <path>D:\ti\CCS2020\ccs\tools\compiler\ti-cgt-armllvm_4.0.3.LTS\lib\armv6m-ti-none-eabi\</path>
         <kind>archive</kind>
         <file>libclang_rt.builtins.a</file>
         <name>comparesf2.S.obj</name>
      </input_file>
      <input_file id="fl-119">
         <path>D:\ti\CCS2020\ccs\tools\compiler\ti-cgt-armllvm_4.0.3.LTS\lib\armv6m-ti-none-eabi\</path>
         <kind>archive</kind>
         <file>libclang_rt.builtins.a</file>
         <name>udivmoddi4.S.obj</name>
      </input_file>
      <input_file id="fl-11a">
         <path>D:\ti\CCS2020\ccs\tools\compiler\ti-cgt-armllvm_4.0.3.LTS\lib\armv6m-ti-none-eabi\</path>
         <kind>archive</kind>
         <file>libclang_rt.builtins.a</file>
         <name>ashldi3.S.obj</name>
      </input_file>
      <input_file id="fl-11b">
         <path>D:\ti\CCS2020\ccs\tools\compiler\ti-cgt-armllvm_4.0.3.LTS\lib\armv6m-ti-none-eabi\</path>
         <kind>archive</kind>
         <file>libclang_rt.builtins.a</file>
         <name>comparedf2.c.obj</name>
      </input_file>
      <input_file id="fl-11c">
         <path>D:\ti\CCS2020\ccs\tools\compiler\ti-cgt-armllvm_4.0.3.LTS\lib\armv6m-ti-none-eabi\</path>
         <kind>archive</kind>
         <file>libclang_rt.builtins.a</file>
         <name>aeabi_div0.c.obj</name>
      </input_file>
      <input_file id="fl-11d">
         <path>D:\ti\CCS2020\ccs\tools\compiler\ti-cgt-armllvm_4.0.3.LTS\lib\armv6m-ti-none-eabi\c\</path>
         <kind>archive</kind>
         <file>libc.a</file>
         <name>memcpy16.S.obj</name>
      </input_file>
      <input_file id="fl-11e">
         <path>D:\ti\CCS2020\ccs\tools\compiler\ti-cgt-armllvm_4.0.3.LTS\lib\armv6m-ti-none-eabi\c\</path>
         <kind>archive</kind>
         <file>libc.a</file>
         <name>memset16.S.obj</name>
      </input_file>
   </input_file_list>
   <object_component_list>
      <object_component id="oc-18">
         <name>.intvecs</name>
         <load_address>0x0</load_address>
         <readonly>true</readonly>
         <run_address>0x0</run_address>
         <size>0xc0</size>
         <alignment>0x4</alignment>
         <input_file_ref idref="fl-2"/>
      </object_component>
      <object_component id="oc-149">
         <name>.text.OLED_ShowNum</name>
         <load_address>0xc0</load_address>
         <readonly>true</readonly>
         <executable>true</executable>
         <run_address>0xc0</run_address>
         <size>0x408</size>
         <alignment>0x4</alignment>
         <input_file_ref idref="fl-b"/>
      </object_component>
      <object_component id="oc-1a6">
         <name>.text.Track_Scan</name>
         <load_address>0x4c8</load_address>
         <readonly>true</readonly>
         <executable>true</executable>
         <run_address>0x4c8</run_address>
         <size>0x3ec</size>
         <alignment>0x4</alignment>
         <input_file_ref idref="fl-f"/>
      </object_component>
      <object_component id="oc-195">
         <name>.text.OLED_ShowImage</name>
         <load_address>0x8b4</load_address>
         <readonly>true</readonly>
         <executable>true</executable>
         <run_address>0x8b4</run_address>
         <size>0x264</size>
         <alignment>0x4</alignment>
         <input_file_ref idref="fl-b"/>
      </object_component>
      <object_component id="oc-3b">
         <name>.text.UART1_IRQHandler</name>
         <load_address>0xb18</load_address>
         <readonly>true</readonly>
         <executable>true</executable>
         <run_address>0xb18</run_address>
         <size>0x250</size>
         <alignment>0x4</alignment>
         <input_file_ref idref="fl-5"/>
      </object_component>
      <object_component id="oc-144">
         <name>.text.OLED_ShowString</name>
         <load_address>0xd68</load_address>
         <readonly>true</readonly>
         <executable>true</executable>
         <run_address>0xd68</run_address>
         <size>0x1f0</size>
         <alignment>0x4</alignment>
         <input_file_ref idref="fl-b"/>
      </object_component>
      <object_component id="oc-df">
         <name>.text.OLED_Init</name>
         <load_address>0xf58</load_address>
         <readonly>true</readonly>
         <executable>true</executable>
         <run_address>0xf58</run_address>
         <size>0x19c</size>
         <alignment>0x4</alignment>
         <input_file_ref idref="fl-b"/>
      </object_component>
      <object_component id="oc-9a">
         <name>.text.Key_Scan</name>
         <load_address>0x10f4</load_address>
         <readonly>true</readonly>
         <executable>true</executable>
         <run_address>0x10f4</run_address>
         <size>0x154</size>
         <alignment>0x4</alignment>
         <input_file_ref idref="fl-7"/>
      </object_component>
      <object_component id="oc-181">
         <name>.text.Send_Byte</name>
         <load_address>0x1248</load_address>
         <readonly>true</readonly>
         <executable>true</executable>
         <run_address>0x1248</run_address>
         <size>0x13c</size>
         <alignment>0x4</alignment>
         <input_file_ref idref="fl-6"/>
      </object_component>
      <object_component id="oc-f3">
         <name>.text.Menu_Show</name>
         <load_address>0x1384</load_address>
         <readonly>true</readonly>
         <executable>true</executable>
         <run_address>0x1384</run_address>
         <size>0x11c</size>
         <alignment>0x4</alignment>
         <input_file_ref idref="fl-8"/>
      </object_component>
      <object_component id="oc-ee">
         <name>.text.Menu_Set</name>
         <load_address>0x14a0</load_address>
         <readonly>true</readonly>
         <executable>true</executable>
         <run_address>0x14a0</run_address>
         <size>0x10c</size>
         <alignment>0x4</alignment>
         <input_file_ref idref="fl-8"/>
      </object_component>
      <object_component id="oc-7c">
         <name>.text.__divdf3</name>
         <load_address>0x15ac</load_address>
         <readonly>true</readonly>
         <executable>true</executable>
         <run_address>0x15ac</run_address>
         <size>0x10c</size>
         <alignment>0x4</alignment>
         <input_file_ref idref="fl-106"/>
      </object_component>
      <object_component id="oc-1cf">
         <name>.text.DL_Timer_initFourCCPWMMode</name>
         <load_address>0x16b8</load_address>
         <readonly>true</readonly>
         <executable>true</executable>
         <run_address>0x16b8</run_address>
         <size>0x104</size>
         <alignment>0x4</alignment>
         <input_file_ref idref="fl-1f"/>
      </object_component>
      <object_component id="oc-14b">
         <name>.text.OLED_Update</name>
         <load_address>0x17bc</load_address>
         <readonly>true</readonly>
         <executable>true</executable>
         <run_address>0x17bc</run_address>
         <size>0x104</size>
         <alignment>0x4</alignment>
         <input_file_ref idref="fl-b"/>
      </object_component>
      <object_component id="oc-16d">
         <name>.text.SYSCFG_DL_GPIO_init</name>
         <load_address>0x18c0</load_address>
         <readonly>true</readonly>
         <executable>true</executable>
         <run_address>0x18c0</run_address>
         <size>0xfc</size>
         <alignment>0x4</alignment>
         <input_file_ref idref="fl-1"/>
      </object_component>
      <object_component id="oc-1d4">
         <name>.text.DL_Timer_initTimerMode</name>
         <load_address>0x19bc</load_address>
         <readonly>true</readonly>
         <executable>true</executable>
         <run_address>0x19bc</run_address>
         <size>0xe8</size>
         <alignment>0x4</alignment>
         <input_file_ref idref="fl-1f"/>
      </object_component>
      <object_component id="oc-88">
         <name>.text.__muldf3</name>
         <load_address>0x1aa4</load_address>
         <readonly>true</readonly>
         <executable>true</executable>
         <run_address>0x1aa4</run_address>
         <size>0xe4</size>
         <alignment>0x4</alignment>
         <input_file_ref idref="fl-103"/>
      </object_component>
      <object_component id="oc-1cb">
         <name>.text.DL_SYSCTL_configSYSPLL</name>
         <load_address>0x1b88</load_address>
         <readonly>true</readonly>
         <executable>true</executable>
         <run_address>0x1b88</run_address>
         <size>0xdc</size>
         <alignment>0x4</alignment>
         <input_file_ref idref="fl-21"/>
      </object_component>
      <object_component id="oc-13c">
         <name>.text</name>
         <load_address>0x1c64</load_address>
         <readonly>true</readonly>
         <executable>true</executable>
         <run_address>0x1c64</run_address>
         <size>0xd8</size>
         <alignment>0x4</alignment>
         <input_file_ref idref="fl-101"/>
      </object_component>
      <object_component id="oc-1a7">
         <name>.text.PID_PositionalPID</name>
         <load_address>0x1d3c</load_address>
         <readonly>true</readonly>
         <executable>true</executable>
         <run_address>0x1d3c</run_address>
         <size>0xc4</size>
         <alignment>0x4</alignment>
         <input_file_ref idref="fl-d"/>
      </object_component>
      <object_component id="oc-183">
         <name>.text.IIC_WaitAck</name>
         <load_address>0x1e00</load_address>
         <readonly>true</readonly>
         <executable>true</executable>
         <run_address>0x1e00</run_address>
         <size>0xb0</size>
         <alignment>0x4</alignment>
         <input_file_ref idref="fl-6"/>
      </object_component>
      <object_component id="oc-174">
         <name>.text.SYSCFG_DL_UART_GYRO_init</name>
         <load_address>0x1eb0</load_address>
         <readonly>true</readonly>
         <executable>true</executable>
         <run_address>0x1eb0</run_address>
         <size>0xb0</size>
         <alignment>0x4</alignment>
         <input_file_ref idref="fl-1"/>
      </object_component>
      <object_component id="oc-136">
         <name>.text.Gyro_YawZero</name>
         <load_address>0x1f60</load_address>
         <readonly>true</readonly>
         <executable>true</executable>
         <run_address>0x1f60</run_address>
         <size>0xa8</size>
         <alignment>0x4</alignment>
         <input_file_ref idref="fl-5"/>
      </object_component>
      <object_component id="oc-1a3">
         <name>.text.PID_IncrementalPID</name>
         <load_address>0x2008</load_address>
         <readonly>true</readonly>
         <executable>true</executable>
         <run_address>0x2008</run_address>
         <size>0xa8</size>
         <alignment>0x2</alignment>
         <input_file_ref idref="fl-d"/>
      </object_component>
      <object_component id="oc-ad">
         <name>.text.main</name>
         <load_address>0x20b0</load_address>
         <readonly>true</readonly>
         <executable>true</executable>
         <run_address>0x20b0</run_address>
         <size>0xa4</size>
         <alignment>0x4</alignment>
         <input_file_ref idref="fl-4"/>
      </object_component>
      <object_component id="oc-d5">
         <name>.text:memcpy</name>
         <load_address>0x2154</load_address>
         <readonly>true</readonly>
         <executable>true</executable>
         <run_address>0x2154</run_address>
         <size>0x9a</size>
         <alignment>0x1</alignment>
         <input_file_ref idref="fl-11d"/>
      </object_component>
      <object_component id="oc-35">
         <name>.text.Default_Handler</name>
         <load_address>0x21ee</load_address>
         <readonly>true</readonly>
         <executable>true</executable>
         <run_address>0x21ee</run_address>
         <size>0x2</size>
         <alignment>0x2</alignment>
         <input_file_ref idref="fl-2"/>
      </object_component>
      <object_component id="oc-170">
         <name>.text.SYSCFG_DL_PWM_MOTOR_init</name>
         <load_address>0x21f0</load_address>
         <readonly>true</readonly>
         <executable>true</executable>
         <run_address>0x21f0</run_address>
         <size>0x94</size>
         <alignment>0x4</alignment>
         <input_file_ref idref="fl-1"/>
      </object_component>
      <object_component id="oc-187">
         <name>.text.__mulsf3</name>
         <load_address>0x2284</load_address>
         <readonly>true</readonly>
         <executable>true</executable>
         <run_address>0x2284</run_address>
         <size>0x8c</size>
         <alignment>0x4</alignment>
         <input_file_ref idref="fl-105"/>
      </object_component>
      <object_component id="oc-36">
         <name>.text.GROUP1_IRQHandler</name>
         <load_address>0x2310</load_address>
         <readonly>true</readonly>
         <executable>true</executable>
         <run_address>0x2310</run_address>
         <size>0x88</size>
         <alignment>0x4</alignment>
         <input_file_ref idref="fl-9"/>
      </object_component>
      <object_component id="oc-175">
         <name>.text.SYSCFG_DL_DMA_init</name>
         <load_address>0x2398</load_address>
         <readonly>true</readonly>
         <executable>true</executable>
         <run_address>0x2398</run_address>
         <size>0x8</size>
         <alignment>0x2</alignment>
         <input_file_ref idref="fl-1"/>
      </object_component>
      <object_component id="oc-191">
         <name>.text:strcmp</name>
         <load_address>0x23a0</load_address>
         <readonly>true</readonly>
         <executable>true</executable>
         <run_address>0x23a0</run_address>
         <size>0x88</size>
         <alignment>0x10</alignment>
         <input_file_ref idref="fl-3c"/>
      </object_component>
      <object_component id="oc-129">
         <name>.text.OLED_WriteData</name>
         <load_address>0x2428</load_address>
         <readonly>true</readonly>
         <executable>true</executable>
         <run_address>0x2428</run_address>
         <size>0x7c</size>
         <alignment>0x2</alignment>
         <input_file_ref idref="fl-b"/>
      </object_component>
      <object_component id="oc-16e">
         <name>.text.SYSCFG_DL_SYSCTL_init</name>
         <load_address>0x24a4</load_address>
         <readonly>true</readonly>
         <executable>true</executable>
         <run_address>0x24a4</run_address>
         <size>0x7c</size>
         <alignment>0x4</alignment>
         <input_file_ref idref="fl-1"/>
      </object_component>
      <object_component id="oc-1c">
         <name>.text:decompress:lzss</name>
         <load_address>0x2520</load_address>
         <readonly>true</readonly>
         <executable>true</executable>
         <run_address>0x2520</run_address>
         <size>0x7c</size>
         <alignment>0x4</alignment>
         <input_file_ref idref="fl-44"/>
      </object_component>
      <object_component id="oc-1f7">
         <name>.text.__gedf2</name>
         <load_address>0x259c</load_address>
         <readonly>true</readonly>
         <executable>true</executable>
         <run_address>0x259c</run_address>
         <size>0x74</size>
         <alignment>0x4</alignment>
         <input_file_ref idref="fl-11b"/>
      </object_component>
      <object_component id="oc-84">
         <name>.text.__truncdfsf2</name>
         <load_address>0x2610</load_address>
         <readonly>true</readonly>
         <executable>true</executable>
         <run_address>0x2610</run_address>
         <size>0x74</size>
         <alignment>0x10</alignment>
         <input_file_ref idref="fl-110"/>
      </object_component>
      <object_component id="oc-157">
         <name>.text.Gyro_Angle_PID_Work</name>
         <load_address>0x2684</load_address>
         <readonly>true</readonly>
         <executable>true</executable>
         <run_address>0x2684</run_address>
         <size>0x70</size>
         <alignment>0x4</alignment>
         <input_file_ref idref="fl-5"/>
      </object_component>
      <object_component id="oc-154">
         <name>.text.Motor_Velocity_PID_Work</name>
         <load_address>0x26f4</load_address>
         <readonly>true</readonly>
         <executable>true</executable>
         <run_address>0x26f4</run_address>
         <size>0x70</size>
         <alignment>0x4</alignment>
         <input_file_ref idref="fl-9"/>
      </object_component>
      <object_component id="oc-156">
         <name>.text.Motor_SetSpeed</name>
         <load_address>0x2764</load_address>
         <readonly>true</readonly>
         <executable>true</executable>
         <run_address>0x2764</run_address>
         <size>0x68</size>
         <alignment>0x4</alignment>
         <input_file_ref idref="fl-9"/>
      </object_component>
      <object_component id="oc-1f1">
         <name>.text.__ledf2</name>
         <load_address>0x27cc</load_address>
         <readonly>true</readonly>
         <executable>true</executable>
         <run_address>0x27cc</run_address>
         <size>0x68</size>
         <alignment>0x4</alignment>
         <input_file_ref idref="fl-11b"/>
      </object_component>
      <object_component id="oc-1c5">
         <name>.text.DL_SYSCTL_setHFCLKSourceHFXTParams</name>
         <load_address>0x2834</load_address>
         <readonly>true</readonly>
         <executable>true</executable>
         <run_address>0x2834</run_address>
         <size>0x64</size>
         <alignment>0x4</alignment>
         <input_file_ref idref="fl-21"/>
      </object_component>
      <object_component id="oc-14a">
         <name>.text.OLED_ReverseArea</name>
         <load_address>0x2898</load_address>
         <readonly>true</readonly>
         <executable>true</executable>
         <run_address>0x2898</run_address>
         <size>0x64</size>
         <alignment>0x4</alignment>
         <input_file_ref idref="fl-b"/>
      </object_component>
      <object_component id="oc-1b2">
         <name>.text.__aeabi_dcmp</name>
         <load_address>0x28fc</load_address>
         <readonly>true</readonly>
         <executable>true</executable>
         <run_address>0x28fc</run_address>
         <size>0x62</size>
         <alignment>0x4</alignment>
         <input_file_ref idref="fl-111"/>
      </object_component>
      <object_component id="oc-b8">
         <name>.text.__aeabi_idiv0</name>
         <load_address>0x295e</load_address>
         <readonly>true</readonly>
         <executable>true</executable>
         <run_address>0x295e</run_address>
         <size>0x2</size>
         <alignment>0x2</alignment>
         <input_file_ref idref="fl-11c"/>
      </object_component>
      <object_component id="oc-1ea">
         <name>.text.__aeabi_fcmp</name>
         <load_address>0x2960</load_address>
         <readonly>true</readonly>
         <executable>true</executable>
         <run_address>0x2960</run_address>
         <size>0x62</size>
         <alignment>0x4</alignment>
         <input_file_ref idref="fl-112"/>
      </object_component>
      <object_component id="oc-11f">
         <name>.text:memset</name>
         <load_address>0x29c2</load_address>
         <readonly>true</readonly>
         <executable>true</executable>
         <run_address>0x29c2</run_address>
         <size>0x62</size>
         <alignment>0x1</alignment>
         <input_file_ref idref="fl-11e"/>
      </object_component>
      <object_component id="oc-173">
         <name>.text.SYSCFG_DL_UART_DEBUG_init</name>
         <load_address>0x2a24</load_address>
         <readonly>true</readonly>
         <executable>true</executable>
         <run_address>0x2a24</run_address>
         <size>0x60</size>
         <alignment>0x4</alignment>
         <input_file_ref idref="fl-1"/>
      </object_component>
      <object_component id="oc-16c">
         <name>.text.SYSCFG_DL_initPower</name>
         <load_address>0x2a84</load_address>
         <readonly>true</readonly>
         <executable>true</executable>
         <run_address>0x2a84</run_address>
         <size>0x60</size>
         <alignment>0x4</alignment>
         <input_file_ref idref="fl-1"/>
      </object_component>
      <object_component id="oc-e6">
         <name>.text.Motor_PID_Init</name>
         <load_address>0x2ae4</load_address>
         <readonly>true</readonly>
         <executable>true</executable>
         <run_address>0x2ae4</run_address>
         <size>0x5c</size>
         <alignment>0x4</alignment>
         <input_file_ref idref="fl-9"/>
      </object_component>
      <object_component id="oc-fa">
         <name>.text.task1</name>
         <load_address>0x2b40</load_address>
         <readonly>true</readonly>
         <executable>true</executable>
         <run_address>0x2b40</run_address>
         <size>0x5c</size>
         <alignment>0x4</alignment>
         <input_file_ref idref="fl-e"/>
      </object_component>
      <object_component id="oc-f4">
         <name>.text.task2</name>
         <load_address>0x2b9c</load_address>
         <readonly>true</readonly>
         <executable>true</executable>
         <run_address>0x2b9c</run_address>
         <size>0x5c</size>
         <alignment>0x4</alignment>
         <input_file_ref idref="fl-e"/>
      </object_component>
      <object_component id="oc-8c">
         <name>.text.DL_UART_drainRXFIFO</name>
         <load_address>0x2bf8</load_address>
         <readonly>true</readonly>
         <executable>true</executable>
         <run_address>0x2bf8</run_address>
         <size>0x54</size>
         <alignment>0x4</alignment>
         <input_file_ref idref="fl-20"/>
      </object_component>
      <object_component id="oc-1fe">
         <name>.text.DL_DMA_initChannel</name>
         <load_address>0x2c4c</load_address>
         <readonly>true</readonly>
         <executable>true</executable>
         <run_address>0x2c4c</run_address>
         <size>0x4c</size>
         <alignment>0x4</alignment>
         <input_file_ref idref="fl-1e"/>
      </object_component>
      <object_component id="oc-171">
         <name>.text.SYSCFG_DL_TIMER_0_init</name>
         <load_address>0x2c98</load_address>
         <readonly>true</readonly>
         <executable>true</executable>
         <run_address>0x2c98</run_address>
         <size>0x4c</size>
         <alignment>0x4</alignment>
         <input_file_ref idref="fl-1"/>
      </object_component>
      <object_component id="oc-172">
         <name>.text.SYSCFG_DL_TIMER_1_init</name>
         <load_address>0x2ce4</load_address>
         <readonly>true</readonly>
         <executable>true</executable>
         <run_address>0x2ce4</run_address>
         <size>0x4c</size>
         <alignment>0x4</alignment>
         <input_file_ref idref="fl-1"/>
      </object_component>
      <object_component id="oc-120">
         <name>.text.SYSCFG_DL_init</name>
         <load_address>0x2d30</load_address>
         <readonly>true</readonly>
         <executable>true</executable>
         <run_address>0x2d30</run_address>
         <size>0x4c</size>
         <alignment>0x4</alignment>
         <input_file_ref idref="fl-1"/>
      </object_component>
      <object_component id="oc-80">
         <name>.text.__fixdfsi</name>
         <load_address>0x2d7c</load_address>
         <readonly>true</readonly>
         <executable>true</executable>
         <run_address>0x2d7c</run_address>
         <size>0x4a</size>
         <alignment>0x4</alignment>
         <input_file_ref idref="fl-108"/>
      </object_component>
      <object_component id="oc-1da">
         <name>.text.DL_UART_init</name>
         <load_address>0x2dc8</load_address>
         <readonly>true</readonly>
         <executable>true</executable>
         <run_address>0x2dc8</run_address>
         <size>0x48</size>
         <alignment>0x4</alignment>
         <input_file_ref idref="fl-20"/>
      </object_component>
      <object_component id="oc-133">
         <name>.text.PID_SetParameter</name>
         <load_address>0x2e10</load_address>
         <readonly>true</readonly>
         <executable>true</executable>
         <run_address>0x2e10</run_address>
         <size>0x48</size>
         <alignment>0x2</alignment>
         <input_file_ref idref="fl-d"/>
      </object_component>
      <object_component id="oc-1cc">
         <name>.text.DL_SYSCTL_switchMCLKfromSYSOSCtoHSCLK</name>
         <load_address>0x2e58</load_address>
         <readonly>true</readonly>
         <executable>true</executable>
         <run_address>0x2e58</run_address>
         <size>0x44</size>
         <alignment>0x4</alignment>
         <input_file_ref idref="fl-21"/>
      </object_component>
      <object_component id="oc-15a">
         <name>.text.Motor_Stop</name>
         <load_address>0x2e9c</load_address>
         <readonly>true</readonly>
         <executable>true</executable>
         <run_address>0x2e9c</run_address>
         <size>0x44</size>
         <alignment>0x4</alignment>
         <input_file_ref idref="fl-9"/>
      </object_component>
      <object_component id="oc-18c">
         <name>.text.delay_ms</name>
         <load_address>0x2ee0</load_address>
         <readonly>true</readonly>
         <executable>true</executable>
         <run_address>0x2ee0</run_address>
         <size>0x44</size>
         <alignment>0x4</alignment>
         <input_file_ref idref="fl-3"/>
      </object_component>
      <object_component id="oc-17c">
         <name>.text.IIC_Start</name>
         <load_address>0x2f24</load_address>
         <readonly>true</readonly>
         <executable>true</executable>
         <run_address>0x2f24</run_address>
         <size>0x40</size>
         <alignment>0x4</alignment>
         <input_file_ref idref="fl-6"/>
      </object_component>
      <object_component id="oc-74">
         <name>.text.__aeabi_uidivmod</name>
         <load_address>0x2f64</load_address>
         <readonly>true</readonly>
         <executable>true</executable>
         <run_address>0x2f64</run_address>
         <size>0x40</size>
         <alignment>0x4</alignment>
         <input_file_ref idref="fl-116"/>
      </object_component>
      <object_component id="oc-1ae">
         <name>.text.__extendsfdf2</name>
         <load_address>0x2fa4</load_address>
         <readonly>true</readonly>
         <executable>true</executable>
         <run_address>0x2fa4</run_address>
         <size>0x40</size>
         <alignment>0x4</alignment>
         <input_file_ref idref="fl-107"/>
      </object_component>
      <object_component id="oc-1e0">
         <name>.text.delay_us</name>
         <load_address>0x2fe4</load_address>
         <readonly>true</readonly>
         <executable>true</executable>
         <run_address>0x2fe4</run_address>
         <size>0x40</size>
         <alignment>0x4</alignment>
         <input_file_ref idref="fl-3"/>
      </object_component>
      <object_component id="oc-19f">
         <name>.text.__floatsisf</name>
         <load_address>0x3024</load_address>
         <readonly>true</readonly>
         <executable>true</executable>
         <run_address>0x3024</run_address>
         <size>0x3c</size>
         <alignment>0x4</alignment>
         <input_file_ref idref="fl-10d"/>
      </object_component>
      <object_component id="oc-208">
         <name>.text.__gtsf2</name>
         <load_address>0x3060</load_address>
         <readonly>true</readonly>
         <executable>true</executable>
         <run_address>0x3060</run_address>
         <size>0x3c</size>
         <alignment>0x4</alignment>
         <input_file_ref idref="fl-118"/>
      </object_component>
      <object_component id="oc-103">
         <name>.text:__TI_auto_init_nobinit_nopinit</name>
         <load_address>0x309c</load_address>
         <readonly>true</readonly>
         <executable>true</executable>
         <run_address>0x309c</run_address>
         <size>0x3c</size>
         <alignment>0x4</alignment>
         <input_file_ref idref="fl-3f"/>
      </object_component>
      <object_component id="oc-203">
         <name>.text.__eqsf2</name>
         <load_address>0x30d8</load_address>
         <readonly>true</readonly>
         <executable>true</executable>
         <run_address>0x30d8</run_address>
         <size>0x3a</size>
         <alignment>0x4</alignment>
         <input_file_ref idref="fl-118"/>
      </object_component>
      <object_component id="oc-c2">
         <name>.text.__muldsi3</name>
         <load_address>0x3114</load_address>
         <readonly>true</readonly>
         <executable>true</executable>
         <run_address>0x3114</run_address>
         <size>0x3a</size>
         <alignment>0x4</alignment>
         <input_file_ref idref="fl-104"/>
      </object_component>
      <object_component id="oc-e7">
         <name>.text.Gyro_Init</name>
         <load_address>0x3150</load_address>
         <readonly>true</readonly>
         <executable>true</executable>
         <run_address>0x3150</run_address>
         <size>0x38</size>
         <alignment>0x4</alignment>
         <input_file_ref idref="fl-5"/>
      </object_component>
      <object_component id="oc-e8">
         <name>.text.Gyro_PID_Init</name>
         <load_address>0x3188</load_address>
         <readonly>true</readonly>
         <executable>true</executable>
         <run_address>0x3188</run_address>
         <size>0x38</size>
         <alignment>0x4</alignment>
         <input_file_ref idref="fl-5"/>
      </object_component>
      <object_component id="oc-128">
         <name>.text.OLED_WriteCommand</name>
         <load_address>0x31c0</load_address>
         <readonly>true</readonly>
         <executable>true</executable>
         <run_address>0x31c0</run_address>
         <size>0x38</size>
         <alignment>0x2</alignment>
         <input_file_ref idref="fl-b"/>
      </object_component>
      <object_component id="oc-e9">
         <name>.text.Track_PID_Init</name>
         <load_address>0x31f8</load_address>
         <readonly>true</readonly>
         <executable>true</executable>
         <run_address>0x31f8</run_address>
         <size>0x38</size>
         <alignment>0x4</alignment>
         <input_file_ref idref="fl-f"/>
      </object_component>
      <object_component id="oc-155">
         <name>.text.Track_Position_PID_Work</name>
         <load_address>0x3230</load_address>
         <readonly>true</readonly>
         <executable>true</executable>
         <run_address>0x3230</run_address>
         <size>0x38</size>
         <alignment>0x4</alignment>
         <input_file_ref idref="fl-f"/>
      </object_component>
      <object_component id="oc-19a">
         <name>.text.__fixsfsi</name>
         <load_address>0x3268</load_address>
         <readonly>true</readonly>
         <executable>true</executable>
         <run_address>0x3268</run_address>
         <size>0x38</size>
         <alignment>0x4</alignment>
         <input_file_ref idref="fl-109"/>
      </object_component>
      <object_component id="oc-184">
         <name>.text.IIC_Stop</name>
         <load_address>0x32a0</load_address>
         <readonly>true</readonly>
         <executable>true</executable>
         <run_address>0x32a0</run_address>
         <size>0x34</size>
         <alignment>0x4</alignment>
         <input_file_ref idref="fl-6"/>
      </object_component>
      <object_component id="oc-145">
         <name>.text.__fixunssfsi</name>
         <load_address>0x32d4</load_address>
         <readonly>true</readonly>
         <executable>true</executable>
         <run_address>0x32d4</run_address>
         <size>0x32</size>
         <alignment>0x4</alignment>
         <input_file_ref idref="fl-10b"/>
      </object_component>
      <object_component id="oc-46">
         <name>.text.TIMA1_IRQHandler</name>
         <load_address>0x3308</load_address>
         <readonly>true</readonly>
         <executable>true</executable>
         <run_address>0x3308</run_address>
         <size>0x30</size>
         <alignment>0x4</alignment>
         <input_file_ref idref="fl-4"/>
      </object_component>
      <object_component id="oc-96">
         <name>.text.Encoder_GetCnt</name>
         <load_address>0x3338</load_address>
         <readonly>true</readonly>
         <executable>true</executable>
         <run_address>0x3338</run_address>
         <size>0x2c</size>
         <alignment>0x4</alignment>
         <input_file_ref idref="fl-9"/>
      </object_component>
      <object_component id="oc-78">
         <name>.text.__floatsidf</name>
         <load_address>0x3364</load_address>
         <readonly>true</readonly>
         <executable>true</executable>
         <run_address>0x3364</run_address>
         <size>0x2c</size>
         <alignment>0x4</alignment>
         <input_file_ref idref="fl-10c"/>
      </object_component>
      <object_component id="oc-62">
         <name>.text:_c_int00_noargs</name>
         <load_address>0x3390</load_address>
         <readonly>true</readonly>
         <executable>true</executable>
         <run_address>0x3390</run_address>
         <size>0x28</size>
         <alignment>0x4</alignment>
         <input_file_ref idref="fl-3d"/>
      </object_component>
      <object_component id="oc-18b">
         <name>.text.DL_UART_transmitDataBlocking</name>
         <load_address>0x33b8</load_address>
         <readonly>true</readonly>
         <executable>true</executable>
         <run_address>0x33b8</run_address>
         <size>0x20</size>
         <alignment>0x4</alignment>
         <input_file_ref idref="fl-20"/>
      </object_component>
      <object_component id="oc-41">
         <name>.text.TIMA0_IRQHandler</name>
         <load_address>0x33d8</load_address>
         <readonly>true</readonly>
         <executable>true</executable>
         <run_address>0x33d8</run_address>
         <size>0x20</size>
         <alignment>0x4</alignment>
         <input_file_ref idref="fl-4"/>
      </object_component>
      <object_component id="oc-1d1">
         <name>.text.DL_Timer_setCaptCompUpdateMethod</name>
         <load_address>0x33f8</load_address>
         <readonly>true</readonly>
         <executable>true</executable>
         <run_address>0x33f8</run_address>
         <size>0x1c</size>
         <alignment>0x4</alignment>
         <input_file_ref idref="fl-1f"/>
      </object_component>
      <object_component id="oc-1ce">
         <name>.text.DL_Timer_setClockConfig</name>
         <load_address>0x3414</load_address>
         <readonly>true</readonly>
         <executable>true</executable>
         <run_address>0x3414</run_address>
         <size>0x1c</size>
         <alignment>0x4</alignment>
         <input_file_ref idref="fl-1f"/>
      </object_component>
      <object_component id="oc-e5">
         <name>.text.Motor_Init</name>
         <load_address>0x3430</load_address>
         <readonly>true</readonly>
         <executable>true</executable>
         <run_address>0x3430</run_address>
         <size>0x1c</size>
         <alignment>0x4</alignment>
         <input_file_ref idref="fl-9"/>
      </object_component>
      <object_component id="oc-176">
         <name>.text.SYSCFG_DL_SYSTICK_init</name>
         <load_address>0x344c</load_address>
         <readonly>true</readonly>
         <executable>true</executable>
         <run_address>0x344c</run_address>
         <size>0x1c</size>
         <alignment>0x4</alignment>
         <input_file_ref idref="fl-1"/>
      </object_component>
      <object_component id="oc-da">
         <name>.text.board_init</name>
         <load_address>0x3468</load_address>
         <readonly>true</readonly>
         <executable>true</executable>
         <run_address>0x3468</run_address>
         <size>0x1c</size>
         <alignment>0x4</alignment>
         <input_file_ref idref="fl-3"/>
      </object_component>
      <object_component id="oc-1d0">
         <name>.text.DL_Timer_setCaptureCompareOutCtl</name>
         <load_address>0x3484</load_address>
         <readonly>true</readonly>
         <executable>true</executable>
         <run_address>0x3484</run_address>
         <size>0x18</size>
         <alignment>0x4</alignment>
         <input_file_ref idref="fl-1f"/>
      </object_component>
      <object_component id="oc-1df">
         <name>.text.SYSCFG_DL_DMA_GYRO_init</name>
         <load_address>0x349c</load_address>
         <readonly>true</readonly>
         <executable>true</executable>
         <run_address>0x349c</run_address>
         <size>0x18</size>
         <alignment>0x4</alignment>
         <input_file_ref idref="fl-1"/>
      </object_component>
      <object_component id="oc-1d9">
         <name>.text.DL_UART_setClockConfig</name>
         <load_address>0x34b4</load_address>
         <readonly>true</readonly>
         <executable>true</executable>
         <run_address>0x34b4</run_address>
         <size>0x12</size>
         <alignment>0x2</alignment>
         <input_file_ref idref="fl-20"/>
      </object_component>
      <object_component id="oc-20">
         <name>.text:decompress:none</name>
         <load_address>0x34c6</load_address>
         <readonly>true</readonly>
         <executable>true</executable>
         <run_address>0x34c6</run_address>
         <size>0x12</size>
         <alignment>0x2</alignment>
         <input_file_ref idref="fl-43"/>
      </object_component>
      <object_component id="oc-1a8">
         <name>.text.DL_Timer_setCaptureCompareValue</name>
         <load_address>0x34d8</load_address>
         <readonly>true</readonly>
         <executable>true</executable>
         <run_address>0x34d8</run_address>
         <size>0x10</size>
         <alignment>0x4</alignment>
         <input_file_ref idref="fl-1f"/>
      </object_component>
      <object_component id="oc-5f">
         <name>.text:decompress:ZI</name>
         <load_address>0x34e8</load_address>
         <readonly>true</readonly>
         <executable>true</executable>
         <run_address>0x34e8</run_address>
         <size>0x10</size>
         <alignment>0x2</alignment>
         <input_file_ref idref="fl-42"/>
      </object_component>
      <object_component id="oc-a4">
         <name>.text.__aeabi_memclr</name>
         <load_address>0x34f8</load_address>
         <readonly>true</readonly>
         <executable>true</executable>
         <run_address>0x34f8</run_address>
         <size>0xc</size>
         <alignment>0x4</alignment>
         <input_file_ref idref="fl-115"/>
      </object_component>
      <object_component id="oc-1c1">
         <name>.text.DL_Common_delayCycles</name>
         <load_address>0x3504</load_address>
         <readonly>true</readonly>
         <executable>true</executable>
         <run_address>0x3504</run_address>
         <size>0xa</size>
         <alignment>0x2</alignment>
         <input_file_ref idref="fl-1d"/>
      </object_component>
      <object_component id="oc-12d">
         <name>.text.PID_Init</name>
         <load_address>0x350e</load_address>
         <readonly>true</readonly>
         <executable>true</executable>
         <run_address>0x350e</run_address>
         <size>0xa</size>
         <alignment>0x2</alignment>
         <input_file_ref idref="fl-d"/>
      </object_component>
      <object_component id="oc-52">
         <name>.text.__aeabi_memcpy</name>
         <load_address>0x3518</load_address>
         <readonly>true</readonly>
         <executable>true</executable>
         <run_address>0x3518</run_address>
         <size>0x8</size>
         <alignment>0x4</alignment>
         <input_file_ref idref="fl-114"/>
      </object_component>
      <object_component id="oc-fc">
         <name>.text:abort</name>
         <load_address>0x3520</load_address>
         <readonly>true</readonly>
         <executable>true</executable>
         <run_address>0x3520</run_address>
         <size>0x6</size>
         <alignment>0x2</alignment>
         <input_file_ref idref="fl-4b"/>
      </object_component>
      <object_component id="oc-15b">
         <name>.text.HOSTexit</name>
         <load_address>0x3526</load_address>
         <readonly>true</readonly>
         <executable>true</executable>
         <run_address>0x3526</run_address>
         <size>0x4</size>
         <alignment>0x2</alignment>
         <input_file_ref idref="fl-f6"/>
      </object_component>
      <object_component id="oc-31">
         <name>.text.Reset_Handler</name>
         <load_address>0x352a</load_address>
         <readonly>true</readonly>
         <executable>true</executable>
         <run_address>0x352a</run_address>
         <size>0x4</size>
         <alignment>0x2</alignment>
         <input_file_ref idref="fl-2"/>
      </object_component>
      <object_component id="oc-a9">
         <name>.text._system_pre_init</name>
         <load_address>0x352e</load_address>
         <readonly>true</readonly>
         <executable>true</executable>
         <run_address>0x352e</run_address>
         <size>0x4</size>
         <alignment>0x2</alignment>
         <input_file_ref idref="fl-40"/>
      </object_component>
      <object_component id="oc-251">
         <name>.cinit..data.load</name>
         <load_address>0x4190</load_address>
         <readonly>true</readonly>
         <run_address>0x4190</run_address>
         <size>0x19</size>
         <alignment>0x1</alignment>
      </object_component>
      <object_component id="oc-24f">
         <name>__TI_handler_table</name>
         <load_address>0x41ac</load_address>
         <readonly>true</readonly>
         <run_address>0x41ac</run_address>
         <size>0xc</size>
         <alignment>0x4</alignment>
      </object_component>
      <object_component id="oc-252">
         <name>.cinit..bss.load</name>
         <load_address>0x41b8</load_address>
         <readonly>true</readonly>
         <run_address>0x41b8</run_address>
         <size>0x8</size>
         <alignment>0x4</alignment>
      </object_component>
      <object_component id="oc-250">
         <name>__TI_cinit_table</name>
         <load_address>0x41c0</load_address>
         <readonly>true</readonly>
         <run_address>0x41c0</run_address>
         <size>0x10</size>
         <alignment>0x4</alignment>
      </object_component>
      <object_component id="oc-199">
         <name>.rodata.OLED_F8x16</name>
         <load_address>0x3540</load_address>
         <readonly>true</readonly>
         <run_address>0x3540</run_address>
         <size>0x5f0</size>
         <alignment>0x1</alignment>
         <input_file_ref idref="fl-c"/>
      </object_component>
      <object_component id="oc-196">
         <name>.rodata.OLED_CF16x16</name>
         <load_address>0x3b30</load_address>
         <readonly>true</readonly>
         <run_address>0x3b30</run_address>
         <size>0x309</size>
         <alignment>0x1</alignment>
         <input_file_ref idref="fl-c"/>
      </object_component>
      <object_component id="oc-198">
         <name>.rodata.OLED_F6x8</name>
         <load_address>0x3e39</load_address>
         <readonly>true</readonly>
         <run_address>0x3e39</run_address>
         <size>0x23a</size>
         <alignment>0x1</alignment>
         <input_file_ref idref="fl-c"/>
      </object_component>
      <object_component id="oc-1cd">
         <name>.rodata.gSYSPLLConfig</name>
         <load_address>0x4074</load_address>
         <readonly>true</readonly>
         <run_address>0x4074</run_address>
         <size>0x28</size>
         <alignment>0x4</alignment>
         <input_file_ref idref="fl-1"/>
      </object_component>
      <object_component id="oc-202">
         <name>.rodata.gDMA_GYROConfig</name>
         <load_address>0x409c</load_address>
         <readonly>true</readonly>
         <run_address>0x409c</run_address>
         <size>0x18</size>
         <alignment>0x4</alignment>
         <input_file_ref idref="fl-1"/>
      </object_component>
      <object_component id="oc-1d6">
         <name>.rodata.gTIMER_0TimerConfig</name>
         <load_address>0x40b4</load_address>
         <readonly>true</readonly>
         <run_address>0x40b4</run_address>
         <size>0x14</size>
         <alignment>0x4</alignment>
         <input_file_ref idref="fl-1"/>
      </object_component>
      <object_component id="oc-1d8">
         <name>.rodata.gTIMER_1TimerConfig</name>
         <load_address>0x40c8</load_address>
         <readonly>true</readonly>
         <run_address>0x40c8</run_address>
         <size>0x14</size>
         <alignment>0x4</alignment>
         <input_file_ref idref="fl-1"/>
      </object_component>
      <object_component id="oc-152">
         <name>.rodata.str1.12615557765740276178.1</name>
         <load_address>0x40dc</load_address>
         <readonly>true</readonly>
         <run_address>0x40dc</run_address>
         <size>0x11</size>
         <alignment>0x1</alignment>
         <input_file_ref idref="fl-8"/>
      </object_component>
      <object_component id="oc-14f">
         <name>.rodata.str1.13182386008698490712.1</name>
         <load_address>0x40ed</load_address>
         <readonly>true</readonly>
         <run_address>0x40ed</run_address>
         <size>0x11</size>
         <alignment>0x1</alignment>
         <input_file_ref idref="fl-8"/>
      </object_component>
      <object_component id="oc-150">
         <name>.rodata.str1.15675623641841497665.1</name>
         <load_address>0x40fe</load_address>
         <readonly>true</readonly>
         <run_address>0x40fe</run_address>
         <size>0x11</size>
         <alignment>0x1</alignment>
         <input_file_ref idref="fl-8"/>
      </object_component>
      <object_component id="oc-153">
         <name>.rodata.str1.18249499161485566478.1</name>
         <load_address>0x410f</load_address>
         <readonly>true</readonly>
         <run_address>0x410f</run_address>
         <size>0x11</size>
         <alignment>0x1</alignment>
         <input_file_ref idref="fl-8"/>
      </object_component>
      <object_component id="oc-14e">
         <name>.rodata.str1.3926273994540286900.1</name>
         <load_address>0x4120</load_address>
         <readonly>true</readonly>
         <run_address>0x4120</run_address>
         <size>0x11</size>
         <alignment>0x1</alignment>
         <input_file_ref idref="fl-8"/>
      </object_component>
      <object_component id="oc-14c">
         <name>.rodata.str1.4834687554542568672.1</name>
         <load_address>0x4131</load_address>
         <readonly>true</readonly>
         <run_address>0x4131</run_address>
         <size>0x11</size>
         <alignment>0x1</alignment>
         <input_file_ref idref="fl-8"/>
      </object_component>
      <object_component id="oc-14d">
         <name>.rodata.str1.6334097423648547348.1</name>
         <load_address>0x4142</load_address>
         <readonly>true</readonly>
         <run_address>0x4142</run_address>
         <size>0x11</size>
         <alignment>0x1</alignment>
         <input_file_ref idref="fl-8"/>
      </object_component>
      <object_component id="oc-151">
         <name>.rodata.str1.8447786836664759749.1</name>
         <load_address>0x4153</load_address>
         <readonly>true</readonly>
         <run_address>0x4153</run_address>
         <size>0x11</size>
         <alignment>0x1</alignment>
         <input_file_ref idref="fl-8"/>
      </object_component>
      <object_component id="oc-1dc">
         <name>.rodata.gUART_DEBUGConfig</name>
         <load_address>0x4164</load_address>
         <readonly>true</readonly>
         <run_address>0x4164</run_address>
         <size>0xa</size>
         <alignment>0x2</alignment>
         <input_file_ref idref="fl-1"/>
      </object_component>
      <object_component id="oc-1de">
         <name>.rodata.gUART_GYROConfig</name>
         <load_address>0x416e</load_address>
         <readonly>true</readonly>
         <run_address>0x416e</run_address>
         <size>0xa</size>
         <alignment>0x2</alignment>
         <input_file_ref idref="fl-1"/>
      </object_component>
      <object_component id="oc-1d3">
         <name>.rodata.gPWM_MOTORConfig</name>
         <load_address>0x4178</load_address>
         <readonly>true</readonly>
         <run_address>0x4178</run_address>
         <size>0x8</size>
         <alignment>0x4</alignment>
         <input_file_ref idref="fl-1"/>
      </object_component>
      <object_component id="oc-1d2">
         <name>.rodata.gPWM_MOTORClockConfig</name>
         <load_address>0x4180</load_address>
         <readonly>true</readonly>
         <run_address>0x4180</run_address>
         <size>0x3</size>
         <alignment>0x1</alignment>
         <input_file_ref idref="fl-1"/>
      </object_component>
      <object_component id="oc-1d5">
         <name>.rodata.gTIMER_0ClockConfig</name>
         <load_address>0x4183</load_address>
         <readonly>true</readonly>
         <run_address>0x4183</run_address>
         <size>0x3</size>
         <alignment>0x1</alignment>
         <input_file_ref idref="fl-1"/>
      </object_component>
      <object_component id="oc-1d7">
         <name>.rodata.gTIMER_1ClockConfig</name>
         <load_address>0x4186</load_address>
         <readonly>true</readonly>
         <run_address>0x4186</run_address>
         <size>0x3</size>
         <alignment>0x1</alignment>
         <input_file_ref idref="fl-1"/>
      </object_component>
      <object_component id="oc-1db">
         <name>.rodata.gUART_DEBUGClockConfig</name>
         <load_address>0x4189</load_address>
         <readonly>true</readonly>
         <run_address>0x4189</run_address>
         <size>0x2</size>
         <alignment>0x1</alignment>
         <input_file_ref idref="fl-1"/>
      </object_component>
      <object_component id="oc-1dd">
         <name>.rodata.gUART_GYROClockConfig</name>
         <load_address>0x418b</load_address>
         <readonly>true</readonly>
         <run_address>0x418b</run_address>
         <size>0x2</size>
         <alignment>0x1</alignment>
         <input_file_ref idref="fl-1"/>
      </object_component>
      <object_component id="oc-219">
         <name>.binit</name>
         <load_address>0x0</load_address>
         <readonly>true</readonly>
         <run_address>0x0</run_address>
         <size>0x0</size>
         <alignment>0x4</alignment>
      </object_component>
      <object_component id="oc-97">
         <name>.data.Timer0_Flag</name>
         <load_address>0x20202762</load_address>
         <readwrite>true</readwrite>
         <run_address>0x20202762</run_address>
         <size>0x1</size>
         <alignment>0x1</alignment>
         <input_file_ref idref="fl-4"/>
      </object_component>
      <object_component id="oc-9f">
         <name>.data.Timer1_Cnt</name>
         <load_address>0x20202763</load_address>
         <readwrite>true</readwrite>
         <run_address>0x20202763</run_address>
         <size>0x1</size>
         <alignment>0x1</alignment>
         <input_file_ref idref="fl-4"/>
      </object_component>
      <object_component id="oc-9e">
         <name>.data.frame_cnt</name>
         <load_address>0x2020275c</load_address>
         <readwrite>true</readwrite>
         <run_address>0x2020275c</run_address>
         <size>0x4</size>
         <alignment>0x4</alignment>
         <input_file_ref idref="fl-4"/>
      </object_component>
      <object_component id="oc-fb">
         <name>.data.Task_Flag</name>
         <load_address>0x20202757</load_address>
         <readwrite>true</readwrite>
         <run_address>0x20202757</run_address>
         <size>0x1</size>
         <alignment>0x1</alignment>
         <input_file_ref idref="fl-4"/>
      </object_component>
      <object_component id="oc-18d">
         <name>.data.JY61P_ULOCK_CMD</name>
         <load_address>0x2020274d</load_address>
         <readwrite>true</readwrite>
         <run_address>0x2020274d</run_address>
         <size>0x5</size>
         <alignment>0x1</alignment>
         <input_file_ref idref="fl-5"/>
      </object_component>
      <object_component id="oc-18f">
         <name>.data.JY61P_SAVE_CMD</name>
         <load_address>0x20202748</load_address>
         <readwrite>true</readwrite>
         <run_address>0x20202748</run_address>
         <size>0x5</size>
         <alignment>0x1</alignment>
         <input_file_ref idref="fl-5"/>
      </object_component>
      <object_component id="oc-18e">
         <name>.data.JY61P_Z0_CMD</name>
         <load_address>0x20202752</load_address>
         <readwrite>true</readwrite>
         <run_address>0x20202752</run_address>
         <size>0x5</size>
         <alignment>0x1</alignment>
         <input_file_ref idref="fl-5"/>
      </object_component>
      <object_component id="oc-cb">
         <name>.data.Key</name>
         <load_address>0x20202738</load_address>
         <readwrite>true</readwrite>
         <run_address>0x20202738</run_address>
         <size>0x10</size>
         <alignment>0x1</alignment>
         <input_file_ref idref="fl-7"/>
      </object_component>
      <object_component id="oc-140">
         <name>.data.Menu_Flag</name>
         <load_address>0x20202760</load_address>
         <readwrite>true</readwrite>
         <run_address>0x20202760</run_address>
         <size>0x2</size>
         <alignment>0x1</alignment>
         <input_file_ref idref="fl-8"/>
      </object_component>
      <object_component id="oc-141">
         <name>.data.Motor_Target</name>
         <load_address>0x20202758</load_address>
         <readwrite>true</readwrite>
         <run_address>0x20202758</run_address>
         <size>0x4</size>
         <alignment>0x4</alignment>
         <input_file_ref idref="fl-9"/>
      </object_component>
      <object_component id="oc-177">
         <name>.common:gPWM_MOTORBackup</name>
         <uninitialized>true</uninitialized>
         <readwrite>true</readwrite>
         <run_address>0x20202578</run_address>
         <size>0xa0</size>
         <alignment>0x4</alignment>
      </object_component>
      <object_component id="oc-178">
         <name>.common:gTIMER_0Backup</name>
         <uninitialized>true</uninitialized>
         <readwrite>true</readwrite>
         <run_address>0x20202400</run_address>
         <size>0xbc</size>
         <alignment>0x4</alignment>
      </object_component>
      <object_component id="oc-179">
         <name>.common:gTIMER_1Backup</name>
         <uninitialized>true</uninitialized>
         <readwrite>true</readwrite>
         <run_address>0x202024bc</run_address>
         <size>0xbc</size>
         <alignment>0x4</alignment>
      </object_component>
      <object_component id="oc-92">
         <name>.common:Gyro_DMA_Buffer</name>
         <uninitialized>true</uninitialized>
         <readwrite>true</readwrite>
         <run_address>0x202026d8</run_address>
         <size>0x21</size>
         <alignment>0x1</alignment>
      </object_component>
      <object_component id="oc-93">
         <name>.common:Gyro_Data</name>
         <uninitialized>true</uninitialized>
         <readwrite>true</readwrite>
         <run_address>0x202026fc</run_address>
         <size>0x20</size>
         <alignment>0x4</alignment>
      </object_component>
      <object_component id="oc-137">
         <name>.common:Gyro_PID</name>
         <uninitialized>true</uninitialized>
         <readwrite>true</readwrite>
         <run_address>0x20202618</run_address>
         <size>0x30</size>
         <alignment>0x4</alignment>
      </object_component>
      <object_component id="oc-1a4">
         <name>.common:PWMA</name>
[...]
         <name>EncoderB_Cnt</name>
         <value>0x20202720</value>
      </symbol>
      <symbol id="sm-15b">
         <name>GROUP1_IRQHandler</name>
         <value>0x2311</value>
         <object_component_ref idref="oc-36"/>
      </symbol>
      <symbol id="sm-15c">
         <name>gpio_interrup</name>
         <value>0x20202734</value>
      </symbol>
      <symbol id="sm-15d">
         <name>Get_Encoder_CountA</name>
         <value>0x20202724</value>
      </symbol>
      <symbol id="sm-15e">
         <name>Get_Encoder_CountB</name>
         <value>0x20202728</value>
      </symbol>
      <symbol id="sm-15f">
         <name>Encoder_GetCnt</name>
         <value>0x3339</value>
         <object_component_ref idref="oc-96"/>
      </symbol>
      <symbol id="sm-17e">
         <name>OLED_WriteCommand</name>
         <value>0x31c1</value>
         <object_component_ref idref="oc-128"/>
      </symbol>
      <symbol id="sm-17f">
         <name>OLED_WriteData</name>
         <value>0x2429</value>
         <object_component_ref idref="oc-129"/>
      </symbol>
      <symbol id="sm-180">
         <name>OLED_Init</name>
         <value>0xf59</value>
         <object_component_ref idref="oc-df"/>
      </symbol>
      <symbol id="sm-181">
         <name>OLED_DisplayBuf</name>
         <value>0x20202000</value>
      </symbol>
      <symbol id="sm-182">
         <name>OLED_Update</name>
         <value>0x17bd</value>
         <object_component_ref idref="oc-14b"/>
      </symbol>
      <symbol id="sm-183">
         <name>OLED_ReverseArea</name>
         <value>0x2899</value>
         <object_component_ref idref="oc-14a"/>
      </symbol>
      <symbol id="sm-184">
         <name>OLED_ShowImage</name>
         <value>0x8b5</value>
         <object_component_ref idref="oc-195"/>
      </symbol>
      <symbol id="sm-185">
         <name>OLED_ShowString</name>
         <value>0xd69</value>
         <object_component_ref idref="oc-144"/>
      </symbol>
      <symbol id="sm-186">
         <name>OLED_ShowNum</name>
         <value>0xc1</value>
         <object_component_ref idref="oc-149"/>
      </symbol>
      <symbol id="sm-18b">
         <name>OLED_F8x16</name>
         <value>0x3540</value>
         <object_component_ref idref="oc-199"/>
      </symbol>
      <symbol id="sm-18c">
         <name>OLED_F6x8</name>
         <value>0x3e39</value>
         <object_component_ref idref="oc-198"/>
      </symbol>
      <symbol id="sm-18d">
         <name>OLED_CF16x16</name>
         <value>0x3b30</value>
         <object_component_ref idref="oc-196"/>
      </symbol>
      <symbol id="sm-19e">
         <name>PID_Init</name>
         <value>0x350f</value>
         <object_component_ref idref="oc-12d"/>
      </symbol>
      <symbol id="sm-19f">
         <name>PID_PositionalPID</name>
         <value>0x1d3d</value>
         <object_component_ref idref="oc-1a7"/>
      </symbol>
      <symbol id="sm-1a0">
         <name>PID_IncrementalPID</name>
         <value>0x2009</value>
         <object_component_ref idref="oc-1a3"/>
      </symbol>
      <symbol id="sm-1a1">
         <name>PID_SetParameter</name>
         <value>0x2e11</value>
         <object_component_ref idref="oc-133"/>
      </symbol>
      <symbol id="sm-1af">
         <name>task1</name>
         <value>0x2b41</value>
         <object_component_ref idref="oc-fa"/>
      </symbol>
      <symbol id="sm-1b0">
         <name>task2</name>
         <value>0x2b9d</value>
         <object_component_ref idref="oc-f4"/>
      </symbol>
      <symbol id="sm-1c1">
         <name>Track_Scan</name>
         <value>0x4c9</value>
         <object_component_ref idref="oc-1a6"/>
      </symbol>
      <symbol id="sm-1c2">
         <name>Track_PID_Init</name>
         <value>0x31f9</value>
         <object_component_ref idref="oc-e9"/>
      </symbol>
      <symbol id="sm-1c3">
         <name>Track_PID</name>
         <value>0x202026a8</value>
      </symbol>
      <symbol id="sm-1c4">
         <name>Track_Position_PID_Work</name>
         <value>0x3231</value>
         <object_component_ref idref="oc-155"/>
      </symbol>
      <symbol id="sm-1c5">
         <name>__TI_ATRegion0_src_addr</name>
         <value>0x0</value>
      </symbol>
      <symbol id="sm-1c6">
         <name>__TI_ATRegion0_trg_addr</name>
         <value>0x0</value>
      </symbol>
      <symbol id="sm-1c7">
         <name>__TI_ATRegion0_region_sz</name>
         <value>0x0</value>
      </symbol>
      <symbol id="sm-1c8">
         <name>__TI_ATRegion1_src_addr</name>
         <value>0x0</value>
      </symbol>
      <symbol id="sm-1c9">
         <name>__TI_ATRegion1_trg_addr</name>
         <value>0x0</value>
      </symbol>
      <symbol id="sm-1ca">
         <name>__TI_ATRegion1_region_sz</name>
         <value>0x0</value>
      </symbol>
      <symbol id="sm-1cb">
         <name>__TI_ATRegion2_src_addr</name>
         <value>0x0</value>
      </symbol>
      <symbol id="sm-1cc">
         <name>__TI_ATRegion2_trg_addr</name>
         <value>0x0</value>
      </symbol>
      <symbol id="sm-1cd">
         <name>__TI_ATRegion2_region_sz</name>
         <value>0x0</value>
      </symbol>
      <symbol id="sm-1d6">
         <name>DL_Common_delayCycles</name>
         <value>0x3505</value>
         <object_component_ref idref="oc-1c1"/>
      </symbol>
      <symbol id="sm-1e0">
         <name>DL_DMA_initChannel</name>
         <value>0x2c4d</value>
         <object_component_ref idref="oc-1fe"/>
      </symbol>
      <symbol id="sm-1fc">
         <name>DL_Timer_setClockConfig</name>
         <value>0x3415</value>
         <object_component_ref idref="oc-1ce"/>
      </symbol>
      <symbol id="sm-1fd">
         <name>DL_Timer_initTimerMode</name>
         <value>0x19bd</value>
         <object_component_ref idref="oc-1d4"/>
      </symbol>
      <symbol id="sm-1fe">
         <name>DL_Timer_setCaptureCompareValue</name>
         <value>0x34d9</value>
         <object_component_ref idref="oc-1a8"/>
      </symbol>
      <symbol id="sm-1ff">
         <name>DL_Timer_setCaptCompUpdateMethod</name>
         <value>0x33f9</value>
         <object_component_ref idref="oc-1d1"/>
      </symbol>
      <symbol id="sm-200">
         <name>DL_Timer_setCaptureCompareOutCtl</name>
         <value>0x3485</value>
         <object_component_ref idref="oc-1d0"/>
      </symbol>
      <symbol id="sm-201">
         <name>DL_Timer_initFourCCPWMMode</name>
         <value>0x16b9</value>
         <object_component_ref idref="oc-1cf"/>
      </symbol>
      <symbol id="sm-214">
         <name>DL_UART_init</name>
         <value>0x2dc9</value>
         <object_component_ref idref="oc-1da"/>
      </symbol>
      <symbol id="sm-215">
         <name>DL_UART_setClockConfig</name>
         <value>0x34b5</value>
         <object_component_ref idref="oc-1d9"/>
      </symbol>
      <symbol id="sm-216">
         <name>DL_UART_transmitDataBlocking</name>
         <value>0x33b9</value>
         <object_component_ref idref="oc-18b"/>
      </symbol>
      <symbol id="sm-217">
         <name>DL_UART_drainRXFIFO</name>
         <value>0x2bf9</value>
         <object_component_ref idref="oc-8c"/>
      </symbol>
      <symbol id="sm-228">
         <name>DL_SYSCTL_configSYSPLL</name>
         <value>0x1b89</value>
         <object_component_ref idref="oc-1cb"/>
      </symbol>
      <symbol id="sm-229">
         <name>DL_SYSCTL_switchMCLKfromSYSOSCtoHSCLK</name>
         <value>0x2e59</value>
         <object_component_ref idref="oc-1cc"/>
      </symbol>
      <symbol id="sm-22a">
         <name>DL_SYSCTL_setHFCLKSourceHFXTParams</name>
         <value>0x2835</value>
         <object_component_ref idref="oc-1c5"/>
      </symbol>
      <symbol id="sm-236">
         <name>strcmp</name>
         <value>0x23a1</value>
         <object_component_ref idref="oc-191"/>
      </symbol>
      <symbol id="sm-241">
         <name>_c_int00_noargs</name>
         <value>0x3391</value>
         <object_component_ref idref="oc-62"/>
      </symbol>
      <symbol id="sm-242">
         <name>__stack</name>
         <value>0x20207e00</value>
         <object_component_ref idref="oc-1a"/>
      </symbol>
      <symbol id="sm-24e">
         <name>__TI_auto_init_nobinit_nopinit</name>
         <value>0x309d</value>
         <object_component_ref idref="oc-103"/>
      </symbol>
      <symbol id="sm-256">
         <name>_system_pre_init</name>
         <value>0x352f</value>
         <object_component_ref idref="oc-a9"/>
      </symbol>
      <symbol id="sm-261">
         <name>__TI_zero_init</name>
         <value>0x34e9</value>
         <object_component_ref idref="oc-5f"/>
      </symbol>
      <symbol id="sm-26a">
         <name>__TI_decompress_none</name>
         <value>0x34c7</value>
         <object_component_ref idref="oc-20"/>
      </symbol>
      <symbol id="sm-275">
         <name>__TI_decompress_lzss</name>
         <value>0x2521</value>
         <object_component_ref idref="oc-1c"/>
      </symbol>
      <symbol id="sm-285">
         <name>abort</name>
         <value>0x3521</value>
         <object_component_ref idref="oc-fc"/>
      </symbol>
      <symbol id="sm-293">
         <name>_sys_memory</name>
         <value>0x20200000</value>
         <object_component_ref idref="oc-2f"/>
      </symbol>
      <symbol id="sm-29d">
         <name>HOSTexit</name>
         <value>0x3527</value>
         <object_component_ref idref="oc-15b"/>
      </symbol>
      <symbol id="sm-29e">
         <name>C$$EXIT</name>
         <value>0x3526</value>
         <object_component_ref idref="oc-15b"/>
      </symbol>
      <symbol id="sm-2ae">
         <name>__aeabi_fadd</name>
         <value>0x1c6f</value>
         <object_component_ref idref="oc-13c"/>
      </symbol>
      <symbol id="sm-2af">
         <name>__addsf3</name>
         <value>0x1c6f</value>
         <object_component_ref idref="oc-13c"/>
      </symbol>
      <symbol id="sm-2b0">
         <name>__aeabi_fsub</name>
         <value>0x1c65</value>
         <object_component_ref idref="oc-13c"/>
      </symbol>
      <symbol id="sm-2b1">
         <name>__subsf3</name>
         <value>0x1c65</value>
         <object_component_ref idref="oc-13c"/>
      </symbol>
      <symbol id="sm-2b7">
         <name>__aeabi_dmul</name>
         <value>0x1aa5</value>
         <object_component_ref idref="oc-88"/>
      </symbol>
      <symbol id="sm-2b8">
         <name>__muldf3</name>
         <value>0x1aa5</value>
         <object_component_ref idref="oc-88"/>
      </symbol>
      <symbol id="sm-2be">
         <name>__muldsi3</name>
         <value>0x3115</value>
         <object_component_ref idref="oc-c2"/>
      </symbol>
      <symbol id="sm-2c4">
         <name>__aeabi_fmul</name>
         <value>0x2285</value>
         <object_component_ref idref="oc-187"/>
      </symbol>
      <symbol id="sm-2c5">
         <name>__mulsf3</name>
         <value>0x2285</value>
         <object_component_ref idref="oc-187"/>
      </symbol>
      <symbol id="sm-2cb">
         <name>__aeabi_ddiv</name>
         <value>0x15ad</value>
         <object_component_ref idref="oc-7c"/>
      </symbol>
      <symbol id="sm-2cc">
         <name>__divdf3</name>
         <value>0x15ad</value>
         <object_component_ref idref="oc-7c"/>
      </symbol>
      <symbol id="sm-2d2">
         <name>__aeabi_f2d</name>
         <value>0x2fa5</value>
         <object_component_ref idref="oc-1ae"/>
      </symbol>
      <symbol id="sm-2d3">
         <name>__extendsfdf2</name>
         <value>0x2fa5</value>
         <object_component_ref idref="oc-1ae"/>
      </symbol>
      <symbol id="sm-2d9">
         <name>__aeabi_d2iz</name>
         <value>0x2d7d</value>
         <object_component_ref idref="oc-80"/>
      </symbol>
      <symbol id="sm-2da">
         <name>__fixdfsi</name>
         <value>0x2d7d</value>
         <object_component_ref idref="oc-80"/>
      </symbol>
      <symbol id="sm-2e0">
         <name>__aeabi_f2iz</name>
         <value>0x3269</value>
         <object_component_ref idref="oc-19a"/>
      </symbol>
      <symbol id="sm-2e1">
         <name>__fixsfsi</name>
         <value>0x3269</value>
         <object_component_ref idref="oc-19a"/>
      </symbol>
      <symbol id="sm-2e7">
         <name>__aeabi_f2uiz</name>
         <value>0x32d5</value>
         <object_component_ref idref="oc-145"/>
      </symbol>
      <symbol id="sm-2e8">
         <name>__fixunssfsi</name>
         <value>0x32d5</value>
         <object_component_ref idref="oc-145"/>
      </symbol>
      <symbol id="sm-2ee">
         <name>__aeabi_i2d</name>
         <value>0x3365</value>
         <object_component_ref idref="oc-78"/>
      </symbol>
      <symbol id="sm-2ef">
         <name>__floatsidf</name>
         <value>0x3365</value>
         <object_component_ref idref="oc-78"/>
      </symbol>
      <symbol id="sm-2f5">
         <name>__aeabi_i2f</name>
         <value>0x3025</value>
         <object_component_ref idref="oc-19f"/>
      </symbol>
      <symbol id="sm-2f6">
         <name>__floatsisf</name>
         <value>0x3025</value>
         <object_component_ref idref="oc-19f"/>
      </symbol>
      <symbol id="sm-2fd">
         <name>__aeabi_d2f</name>
         <value>0x2611</value>
         <object_component_ref idref="oc-84"/>
      </symbol>
      <symbol id="sm-2fe">
         <name>__truncdfsf2</name>
         <value>0x2611</value>
         <object_component_ref idref="oc-84"/>
      </symbol>
      <symbol id="sm-304">
         <name>__aeabi_dcmpeq</name>
         <value>0x28fd</value>
         <object_component_ref idref="oc-1b2"/>
      </symbol>
      <symbol id="sm-305">
         <name>__aeabi_dcmplt</name>
         <value>0x2911</value>
         <object_component_ref idref="oc-1b2"/>
      </symbol>
      <symbol id="sm-306">
         <name>__aeabi_dcmple</name>
         <value>0x2925</value>
         <object_component_ref idref="oc-1b2"/>
      </symbol>
      <symbol id="sm-307">
         <name>__aeabi_dcmpge</name>
         <value>0x2939</value>
         <object_component_ref idref="oc-1b2"/>
      </symbol>
      <symbol id="sm-308">
         <name>__aeabi_dcmpgt</name>
         <value>0x294d</value>
         <object_component_ref idref="oc-1b2"/>
      </symbol>
      <symbol id="sm-30e">
         <name>__aeabi_fcmpeq</name>
         <value>0x2961</value>
         <object_component_ref idref="oc-1ea"/>
      </symbol>
      <symbol id="sm-30f">
         <name>__aeabi_fcmplt</name>
         <value>0x2975</value>
         <object_component_ref idref="oc-1ea"/>
      </symbol>
      <symbol id="sm-310">
         <name>__aeabi_fcmple</name>
         <value>0x2989</value>
         <object_component_ref idref="oc-1ea"/>
      </symbol>
      <symbol id="sm-311">
         <name>__aeabi_fcmpge</name>
         <value>0x299d</value>
         <object_component_ref idref="oc-1ea"/>
      </symbol>
      <symbol id="sm-312">
         <name>__aeabi_fcmpgt</name>
         <value>0x29b1</value>
         <object_component_ref idref="oc-1ea"/>
      </symbol>
      <symbol id="sm-318">
         <name>__aeabi_memcpy</name>
         <value>0x3519</value>
         <object_component_ref idref="oc-52"/>
      </symbol>
      <symbol id="sm-319">
         <name>__aeabi_memcpy4</name>
         <value>0x3519</value>
         <object_component_ref idref="oc-52"/>
      </symbol>
      <symbol id="sm-31a">
         <name>__aeabi_memcpy8</name>
         <value>0x3519</value>
         <object_component_ref idref="oc-52"/>
      </symbol>
      <symbol id="sm-321">
         <name>__aeabi_memclr</name>
         <value>0x34f9</value>
         <object_component_ref idref="oc-a4"/>
      </symbol>
      <symbol id="sm-322">
         <name>__aeabi_memclr4</name>
         <value>0x34f9</value>
         <object_component_ref idref="oc-a4"/>
      </symbol>
      <symbol id="sm-323">
         <name>__aeabi_memclr8</name>
         <value>0x34f9</value>
         <object_component_ref idref="oc-a4"/>
      </symbol>
      <symbol id="sm-329">
         <name>__aeabi_uidiv</name>
         <value>0x2f65</value>
         <object_component_ref idref="oc-74"/>
      </symbol>
      <symbol id="sm-32a">
         <name>__aeabi_uidivmod</name>
         <value>0x2f65</value>
         <object_component_ref idref="oc-74"/>
      </symbol>
      <symbol id="sm-333">
         <name>__eqsf2</name>
         <value>0x30d9</value>
         <object_component_ref idref="oc-203"/>
      </symbol>
      <symbol id="sm-334">
         <name>__lesf2</name>
         <value>0x30d9</value>
         <object_component_ref idref="oc-203"/>
      </symbol>
      <symbol id="sm-335">
         <name>__ltsf2</name>
         <value>0x30d9</value>
         <object_component_ref idref="oc-203"/>
      </symbol>
      <symbol id="sm-336">
         <name>__nesf2</name>
         <value>0x30d9</value>
         <object_component_ref idref="oc-203"/>
      </symbol>
      <symbol id="sm-337">
         <name>__cmpsf2</name>
         <value>0x30d9</value>
         <object_component_ref idref="oc-203"/>
      </symbol>
      <symbol id="sm-338">
         <name>__gtsf2</name>
         <value>0x3061</value>
         <object_component_ref idref="oc-208"/>
      </symbol>
      <symbol id="sm-339">
         <name>__gesf2</name>
         <value>0x3061</value>
         <object_component_ref idref="oc-208"/>
      </symbol>
      <symbol id="sm-347">
         <name>__ledf2</name>
         <value>0x27cd</value>
         <object_component_ref idref="oc-1f1"/>
      </symbol>
      <symbol id="sm-348">
         <name>__gedf2</name>
         <value>0x259d</value>
         <object_component_ref idref="oc-1f7"/>
      </symbol>
      <symbol id="sm-349">
         <name>__cmpdf2</name>
         <value>0x27cd</value>
         <object_component_ref idref="oc-1f1"/>
      </symbol>
      <symbol id="sm-34a">
         <name>__eqdf2</name>
         <value>0x27cd</value>
         <object_component_ref idref="oc-1f1"/>
      </symbol>
      <symbol id="sm-34b">
         <name>__ltdf2</name>
         <value>0x27cd</value>
         <object_component_ref idref="oc-1f1"/>
      </symbol>
      <symbol id="sm-34c">
         <name>__nedf2</name>
         <value>0x27cd</value>
         <object_component_ref idref="oc-1f1"/>
      </symbol>
      <symbol id="sm-34d">
         <name>__gtdf2</name>
         <value>0x259d</value>
         <object_component_ref idref="oc-1f7"/>
      </symbol>
      <symbol id="sm-357">
         <name>__aeabi_idiv0</name>
         <value>0x295f</value>
         <object_component_ref idref="oc-b8"/>
      </symbol>
      <symbol id="sm-370">
         <name>memcpy</name>
         <value>0x2155</value>
         <object_component_ref idref="oc-d5"/>
      </symbol>
      <symbol id="sm-37f">
         <name>memset</name>
         <value>0x29c3</value>
         <object_component_ref idref="oc-11f"/>
      </symbol>
      <symbol id="sm-380">
         <name>__TI_static_base__</name>
         <value>0x0</value>
      </symbol>
      <symbol id="sm-383">
         <name>__mpu_init</name>
         <value>0x0</value>
      </symbol>
      <symbol id="sm-384">
         <name>_system_post_cinit</name>
         <value>0x0</value>
      </symbol>
   </symbol_table>
   <title>Link successful</title>
</link_info>
