<?xml version="1.0" encoding="ISO-8859-1" ?>
<link_info>
   <banner>TI ARM Clang Linker PC v4.0.3.LTS</banner>
   <copyright>Copyright (c) 1996-2018 Texas Instruments Incorporated</copyright>
   <command_line>D:\ti\CCS2020\ccs\tools\compiler\ti-cgt-armllvm_4.0.3.LTS\bin\tiarmlnk -ID:\ti\CCS2020\ccs\tools\compiler\ti-cgt-armllvm_4.0.3.LTS\lib -o 24_H.out -m24_H.map --heap_size=0x2000 -iC:/ti/mspm0_sdk_2_05_01_00/source -iE:/CCS/24_H -iE:/CCS/24_H/Debug/syscfg -iD:/ti/CCS2020/ccs/tools/compiler/ti-cgt-armllvm_4.0.3.LTS/lib --diag_wrap=off --display_error_number --warn_sections --xml_link_info=24_H_linkInfo.xml --rom_model ./ti_msp_dl_config.o ./startup_mspm0g350x_ticlang.o ./board.o ./main.o ./BSP/bsp_gyro.o ./BSP/bsp_iic.o ./BSP/bsp_key.o ./BSP/bsp_menu.o ./BSP/bsp_motor.o ./BSP/bsp_movectrl.o ./BSP/bsp_oled.o ./BSP/bsp_oled_data.o ./BSP/bsp_pid.o ./BSP/bsp_task.o ./BSP/bsp_track.o -l./device_linker.cmd -ldevice.cmd.genlibs -llibc.a --start-group -llibc++.a -llibc++abi.a -llibc.a -llibsys.a -llibsysbm.a -llibclang_rt.builtins.a -llibclang_rt.profile.a --end-group --cg_opt_level=2</command_line>
   <link_time>0x68863bcc</link_time>
   <link_errors>0x0</link_errors>
   <output_file>E:\CCS\24_H\Debug\24_H.out</output_file>
   <entry_point>
      <name>_c_int00_noargs</name>
      <address>0x3671</address>
   </entry_point>
   <input_file_list>
      <input_file id="fl-1">
         <path>E:\CCS\24_H\Debug\.\</path>
         <kind>object</kind>
         <file>ti_msp_dl_config.o</file>
         <name>ti_msp_dl_config.o</name>
      </input_file>
      <input_file id="fl-2">
         <path>E:\CCS\24_H\Debug\.\</path>
         <kind>object</kind>
         <file>startup_mspm0g350x_ticlang.o</file>
         <name>startup_mspm0g350x_ticlang.o</name>
      </input_file>
      <input_file id="fl-3">
         <path>E:\CCS\24_H\Debug\.\</path>
         <kind>object</kind>
         <file>board.o</file>
         <name>board.o</name>
      </input_file>
      <input_file id="fl-4">
         <path>E:\CCS\24_H\Debug\.\</path>
         <kind>object</kind>
         <file>main.o</file>
         <name>main.o</name>
      </input_file>
      <input_file id="fl-5">
         <path>E:\CCS\24_H\Debug\.\BSP\</path>
         <kind>object</kind>
         <file>bsp_gyro.o</file>
         <name>bsp_gyro.o</name>
      </input_file>
      <input_file id="fl-6">
         <path>E:\CCS\24_H\Debug\.\BSP\</path>
         <kind>object</kind>
         <file>bsp_iic.o</file>
         <name>bsp_iic.o</name>
      </input_file>
      <input_file id="fl-7">
         <path>E:\CCS\24_H\Debug\.\BSP\</path>
         <kind>object</kind>
         <file>bsp_key.o</file>
         <name>bsp_key.o</name>
      </input_file>
      <input_file id="fl-8">
         <path>E:\CCS\24_H\Debug\.\BSP\</path>
         <kind>object</kind>
         <file>bsp_menu.o</file>
         <name>bsp_menu.o</name>
      </input_file>
      <input_file id="fl-9">
         <path>E:\CCS\24_H\Debug\.\BSP\</path>
         <kind>object</kind>
         <file>bsp_motor.o</file>
         <name>bsp_motor.o</name>
      </input_file>
      <input_file id="fl-a">
         <path>E:\CCS\24_H\Debug\.\BSP\</path>
         <kind>object</kind>
         <file>bsp_movectrl.o</file>
         <name>bsp_movectrl.o</name>
      </input_file>
      <input_file id="fl-b">
         <path>E:\CCS\24_H\Debug\.\BSP\</path>
         <kind>object</kind>
         <file>bsp_oled.o</file>
         <name>bsp_oled.o</name>
      </input_file>
      <input_file id="fl-c">
         <path>E:\CCS\24_H\Debug\.\BSP\</path>
         <kind>object</kind>
         <file>bsp_oled_data.o</file>
         <name>bsp_oled_data.o</name>
      </input_file>
      <input_file id="fl-d">
         <path>E:\CCS\24_H\Debug\.\BSP\</path>
         <kind>object</kind>
         <file>bsp_pid.o</file>
         <name>bsp_pid.o</name>
      </input_file>
      <input_file id="fl-e">
         <path>E:\CCS\24_H\Debug\.\BSP\</path>
         <kind>object</kind>
         <file>bsp_task.o</file>
         <name>bsp_task.o</name>
      </input_file>
      <input_file id="fl-f">
         <path>E:\CCS\24_H\Debug\.\BSP\</path>
         <kind>object</kind>
         <file>bsp_track.o</file>
         <name>bsp_track.o</name>
      </input_file>
      <input_file id="fl-1c">
         <path>E:\CCS\24_H\Debug\</path>
         <kind>object</kind>
         <file>&lt;internal&gt;</file>
         <name>&lt;internal&gt;</name>
      </input_file>
      <input_file id="fl-1d">
         <path>C:\ti\mspm0_sdk_2_05_01_00\source\ti\driverlib\lib\ticlang\m0p\mspm0g1x0x_g3x0x\</path>
         <kind>archive</kind>
         <file>driverlib.a</file>
         <name>dl_common.o</name>
      </input_file>
      <input_file id="fl-1e">
         <path>C:\ti\mspm0_sdk_2_05_01_00\source\ti\driverlib\lib\ticlang\m0p\mspm0g1x0x_g3x0x\</path>
         <kind>archive</kind>
         <file>driverlib.a</file>
         <name>dl_dma.o</name>
      </input_file>
      <input_file id="fl-1f">
         <path>C:\ti\mspm0_sdk_2_05_01_00\source\ti\driverlib\lib\ticlang\m0p\mspm0g1x0x_g3x0x\</path>
         <kind>archive</kind>
         <file>driverlib.a</file>
         <name>dl_timer.o</name>
      </input_file>
      <input_file id="fl-20">
         <path>C:\ti\mspm0_sdk_2_05_01_00\source\ti\driverlib\lib\ticlang\m0p\mspm0g1x0x_g3x0x\</path>
         <kind>archive</kind>
         <file>driverlib.a</file>
         <name>dl_uart.o</name>
      </input_file>
      <input_file id="fl-21">
         <path>C:\ti\mspm0_sdk_2_05_01_00\source\ti\driverlib\lib\ticlang\m0p\mspm0g1x0x_g3x0x\</path>
         <kind>archive</kind>
         <file>driverlib.a</file>
         <name>dl_sysctl_mspm0g1x0x_g3x0x.o</name>
      </input_file>
      <input_file id="fl-38">
         <path>D:\ti\CCS2020\ccs\tools\compiler\ti-cgt-armllvm_4.0.3.LTS\lib\armv6m-ti-none-eabi\c\</path>
         <kind>archive</kind>
         <file>libc.a</file>
         <name>vsprintf.c.obj</name>
      </input_file>
      <input_file id="fl-39">
         <path>D:\ti\CCS2020\ccs\tools\compiler\ti-cgt-armllvm_4.0.3.LTS\lib\armv6m-ti-none-eabi\c\</path>
         <kind>archive</kind>
         <file>libc.a</file>
         <name>e_atan2.c.obj</name>
      </input_file>
      <input_file id="fl-3a">
         <path>D:\ti\CCS2020\ccs\tools\compiler\ti-cgt-armllvm_4.0.3.LTS\lib\armv6m-ti-none-eabi\c\</path>
         <kind>archive</kind>
         <file>libc.a</file>
         <name>s_atan.c.obj</name>
      </input_file>
      <input_file id="fl-3b">
         <path>D:\ti\CCS2020\ccs\tools\compiler\ti-cgt-armllvm_4.0.3.LTS\lib\armv6m-ti-none-eabi\c\</path>
         <kind>archive</kind>
         <file>libc.a</file>
         <name>s_round.c.obj</name>
      </input_file>
      <input_file id="fl-3c">
         <path>D:\ti\CCS2020\ccs\tools\compiler\ti-cgt-armllvm_4.0.3.LTS\lib\armv6m-ti-none-eabi\c\</path>
         <kind>archive</kind>
         <file>libc.a</file>
         <name>strcmp-armv6m.S.obj</name>
      </input_file>
      <input_file id="fl-3d">
         <path>D:\ti\CCS2020\ccs\tools\compiler\ti-cgt-armllvm_4.0.3.LTS\lib\armv6m-ti-none-eabi\c\</path>
         <kind>archive</kind>
         <file>libc.a</file>
         <name>boot_cortex_m.c.obj</name>
      </input_file>
      <input_file id="fl-3e">
         <path>D:\ti\CCS2020\ccs\tools\compiler\ti-cgt-armllvm_4.0.3.LTS\lib\armv6m-ti-none-eabi\c\</path>
         <kind>archive</kind>
         <file>libc.a</file>
         <name>mathacl_init.c.obj</name>
      </input_file>
      <input_file id="fl-3f">
         <path>D:\ti\CCS2020\ccs\tools\compiler\ti-cgt-armllvm_4.0.3.LTS\lib\armv6m-ti-none-eabi\c\</path>
         <kind>archive</kind>
         <file>libc.a</file>
         <name>autoinit.c.obj</name>
      </input_file>
      <input_file id="fl-40">
         <path>D:\ti\CCS2020\ccs\tools\compiler\ti-cgt-armllvm_4.0.3.LTS\lib\armv6m-ti-none-eabi\c\</path>
         <kind>archive</kind>
         <file>libc.a</file>
         <name>pre_init.c.obj</name>
      </input_file>
      <input_file id="fl-41">
         <path>D:\ti\CCS2020\ccs\tools\compiler\ti-cgt-armllvm_4.0.3.LTS\lib\armv6m-ti-none-eabi\c\</path>
         <kind>archive</kind>
         <file>libc.a</file>
         <name>cpy_tbl.c.obj</name>
      </input_file>
      <input_file id="fl-42">
         <path>D:\ti\CCS2020\ccs\tools\compiler\ti-cgt-armllvm_4.0.3.LTS\lib\armv6m-ti-none-eabi\c\</path>
         <kind>archive</kind>
         <file>libc.a</file>
         <name>copy_zero_init.c.obj</name>
      </input_file>
      <input_file id="fl-43">
         <path>D:\ti\CCS2020\ccs\tools\compiler\ti-cgt-armllvm_4.0.3.LTS\lib\armv6m-ti-none-eabi\c\</path>
         <kind>archive</kind>
         <file>libc.a</file>
         <name>copy_decompress_none.c.obj</name>
      </input_file>
      <input_file id="fl-44">
         <path>D:\ti\CCS2020\ccs\tools\compiler\ti-cgt-armllvm_4.0.3.LTS\lib\armv6m-ti-none-eabi\c\</path>
         <kind>archive</kind>
         <file>libc.a</file>
         <name>copy_decompress_lzss.c.obj</name>
      </input_file>
      <input_file id="fl-45">
         <path>D:\ti\CCS2020\ccs\tools\compiler\ti-cgt-armllvm_4.0.3.LTS\lib\armv6m-ti-none-eabi\c\</path>
         <kind>archive</kind>
         <file>libc.a</file>
         <name>_printfi.c.obj</name>
      </input_file>
      <input_file id="fl-46">
         <path>D:\ti\CCS2020\ccs\tools\compiler\ti-cgt-armllvm_4.0.3.LTS\lib\armv6m-ti-none-eabi\c\</path>
         <kind>archive</kind>
         <file>libc.a</file>
         <name>s_floor.c.obj</name>
      </input_file>
      <input_file id="fl-47">
         <path>D:\ti\CCS2020\ccs\tools\compiler\ti-cgt-armllvm_4.0.3.LTS\lib\armv6m-ti-none-eabi\c\</path>
         <kind>archive</kind>
         <file>libc.a</file>
         <name>s_frexp.c.obj</name>
      </input_file>
      <input_file id="fl-48">
         <path>D:\ti\CCS2020\ccs\tools\compiler\ti-cgt-armllvm_4.0.3.LTS\lib\armv6m-ti-none-eabi\c\</path>
         <kind>archive</kind>
         <file>libc.a</file>
         <name>s_scalbn.c.obj</name>
      </input_file>
      <input_file id="fl-49">
         <path>D:\ti\CCS2020\ccs\tools\compiler\ti-cgt-armllvm_4.0.3.LTS\lib\armv6m-ti-none-eabi\c\</path>
         <kind>archive</kind>
         <file>libc.a</file>
         <name>wcslen.c.obj</name>
      </input_file>
      <input_file id="fl-4a">
         <path>D:\ti\CCS2020\ccs\tools\compiler\ti-cgt-armllvm_4.0.3.LTS\lib\armv6m-ti-none-eabi\c\</path>
         <kind>archive</kind>
         <file>libc.a</file>
         <name>aeabi_portable.c.obj</name>
      </input_file>
      <input_file id="fl-4b">
         <path>D:\ti\CCS2020\ccs\tools\compiler\ti-cgt-armllvm_4.0.3.LTS\lib\armv6m-ti-none-eabi\c\</path>
         <kind>archive</kind>
         <file>libc.a</file>
         <name>exit.c.obj</name>
      </input_file>
      <input_file id="fl-4c">
         <path>D:\ti\CCS2020\ccs\tools\compiler\ti-cgt-armllvm_4.0.3.LTS\lib\armv6m-ti-none-eabi\c\</path>
         <kind>archive</kind>
         <file>libc.a</file>
         <name>_lock.c.obj</name>
      </input_file>
      <input_file id="fl-4d">
         <path>D:\ti\CCS2020\ccs\tools\compiler\ti-cgt-armllvm_4.0.3.LTS\lib\armv6m-ti-none-eabi\c\</path>
         <kind>archive</kind>
         <file>libc.a</file>
         <name>_ltoa.c.obj</name>
      </input_file>
      <input_file id="fl-4e">
         <path>D:\ti\CCS2020\ccs\tools\compiler\ti-cgt-armllvm_4.0.3.LTS\lib\armv6m-ti-none-eabi\c\</path>
         <kind>archive</kind>
         <file>libc.a</file>
         <name>args_main.c.obj</name>
      </input_file>
      <input_file id="fl-4f">
         <path>D:\ti\CCS2020\ccs\tools\compiler\ti-cgt-armllvm_4.0.3.LTS\lib\armv6m-ti-none-eabi\c\</path>
         <kind>archive</kind>
         <file>libc.a</file>
         <name>assert.c.obj</name>
      </input_file>
      <input_file id="fl-50">
         <path>D:\ti\CCS2020\ccs\tools\compiler\ti-cgt-armllvm_4.0.3.LTS\lib\armv6m-ti-none-eabi\c\</path>
         <kind>archive</kind>
         <file>libc.a</file>
         <name>atoi.c.obj</name>
      </input_file>
      <input_file id="fl-51">
         <path>D:\ti\CCS2020\ccs\tools\compiler\ti-cgt-armllvm_4.0.3.LTS\lib\armv6m-ti-none-eabi\c\</path>
         <kind>archive</kind>
         <file>libc.a</file>
         <name>defs.c.obj</name>
      </input_file>
      <input_file id="fl-52">
         <path>D:\ti\CCS2020\ccs\tools\compiler\ti-cgt-armllvm_4.0.3.LTS\lib\armv6m-ti-none-eabi\c\</path>
         <kind>archive</kind>
         <file>libc.a</file>
         <name>memccpy.c.obj</name>
      </input_file>
      <input_file id="fl-53">
         <path>D:\ti\CCS2020\ccs\tools\compiler\ti-cgt-armllvm_4.0.3.LTS\lib\armv6m-ti-none-eabi\c\</path>
         <kind>archive</kind>
         <file>libc.a</file>
         <name>memory.c.obj</name>
      </input_file>
      <input_file id="fl-54">
         <path>D:\ti\CCS2020\ccs\tools\compiler\ti-cgt-armllvm_4.0.3.LTS\lib\armv6m-ti-none-eabi\c\</path>
         <kind>archive</kind>
         <file>libc.a</file>
         <name>sprintf.c.obj</name>
      </input_file>
      <input_file id="fl-55">
         <path>D:\ti\CCS2020\ccs\tools\compiler\ti-cgt-armllvm_4.0.3.LTS\lib\armv6m-ti-none-eabi\c\</path>
         <kind>archive</kind>
         <file>libc.a</file>
         <name>fflush.c.obj</name>
      </input_file>
      <input_file id="fl-56">
         <path>D:\ti\CCS2020\ccs\tools\compiler\ti-cgt-armllvm_4.0.3.LTS\lib\armv6m-ti-none-eabi\c\</path>
         <kind>archive</kind>
         <file>libc.a</file>
         <name>aeabi_ctype.S.obj</name>
      </input_file>
      <input_file id="fl-f6">
         <path>D:\ti\CCS2020\ccs\tools\compiler\ti-cgt-armllvm_4.0.3.LTS\lib\armv6m-ti-none-eabi\c\</path>
         <kind>archive</kind>
         <file>libsysbm.a</file>
         <name>hostexit.c.obj</name>
      </input_file>
      <input_file id="fl-f7">
         <path>D:\ti\CCS2020\ccs\tools\compiler\ti-cgt-armllvm_4.0.3.LTS\lib\armv6m-ti-none-eabi\c\</path>
         <kind>archive</kind>
         <file>libsysbm.a</file>
         <name>write.c.obj</name>
      </input_file>
      <input_file id="fl-f8">
         <path>D:\ti\CCS2020\ccs\tools\compiler\ti-cgt-armllvm_4.0.3.LTS\lib\armv6m-ti-none-eabi\c\</path>
         <kind>archive</kind>
         <file>libsysbm.a</file>
         <name>host_device.c.obj</name>
      </input_file>
      <input_file id="fl-f9">
         <path>D:\ti\CCS2020\ccs\tools\compiler\ti-cgt-armllvm_4.0.3.LTS\lib\armv6m-ti-none-eabi\c\</path>
         <kind>archive</kind>
         <file>libsysbm.a</file>
         <name>hostclose.c.obj</name>
      </input_file>
      <input_file id="fl-fa">
         <path>D:\ti\CCS2020\ccs\tools\compiler\ti-cgt-armllvm_4.0.3.LTS\lib\armv6m-ti-none-eabi\c\</path>
         <kind>archive</kind>
         <file>libsysbm.a</file>
         <name>hostlseek.c.obj</name>
      </input_file>
      <input_file id="fl-fb">
         <path>D:\ti\CCS2020\ccs\tools\compiler\ti-cgt-armllvm_4.0.3.LTS\lib\armv6m-ti-none-eabi\c\</path>
         <kind>archive</kind>
         <file>libsysbm.a</file>
         <name>hostopen.c.obj</name>
      </input_file>
      <input_file id="fl-fc">
         <path>D:\ti\CCS2020\ccs\tools\compiler\ti-cgt-armllvm_4.0.3.LTS\lib\armv6m-ti-none-eabi\c\</path>
         <kind>archive</kind>
         <file>libsysbm.a</file>
         <name>hostread.c.obj</name>
      </input_file>
      <input_file id="fl-fd">
         <path>D:\ti\CCS2020\ccs\tools\compiler\ti-cgt-armllvm_4.0.3.LTS\lib\armv6m-ti-none-eabi\c\</path>
         <kind>archive</kind>
         <file>libsysbm.a</file>
         <name>hostrename.c.obj</name>
      </input_file>
      <input_file id="fl-fe">
         <path>D:\ti\CCS2020\ccs\tools\compiler\ti-cgt-armllvm_4.0.3.LTS\lib\armv6m-ti-none-eabi\c\</path>
         <kind>archive</kind>
         <file>libsysbm.a</file>
         <name>hostunlink.c.obj</name>
      </input_file>
      <input_file id="fl-ff">
         <path>D:\ti\CCS2020\ccs\tools\compiler\ti-cgt-armllvm_4.0.3.LTS\lib\armv6m-ti-none-eabi\c\</path>
         <kind>archive</kind>
         <file>libsysbm.a</file>
         <name>hostwrite.c.obj</name>
      </input_file>
      <input_file id="fl-100">
         <path>D:\ti\CCS2020\ccs\tools\compiler\ti-cgt-armllvm_4.0.3.LTS\lib\armv6m-ti-none-eabi\c\</path>
         <kind>archive</kind>
         <file>libsysbm.a</file>
         <name>trgmsg.c.obj</name>
      </input_file>
      <input_file id="fl-101">
         <path>D:\ti\CCS2020\ccs\tools\compiler\ti-cgt-armllvm_4.0.3.LTS\lib\armv6m-ti-none-eabi\</path>
         <kind>archive</kind>
         <file>libclang_rt.builtins.a</file>
         <name>addsf3.S.obj</name>
      </input_file>
      <input_file id="fl-102">
         <path>D:\ti\CCS2020\ccs\tools\compiler\ti-cgt-armllvm_4.0.3.LTS\lib\armv6m-ti-none-eabi\</path>
         <kind>archive</kind>
         <file>libclang_rt.builtins.a</file>
         <name>adddf3.S.obj</name>
      </input_file>
      <input_file id="fl-103">
         <path>D:\ti\CCS2020\ccs\tools\compiler\ti-cgt-armllvm_4.0.3.LTS\lib\armv6m-ti-none-eabi\</path>
         <kind>archive</kind>
         <file>libclang_rt.builtins.a</file>
         <name>muldf3.S.obj</name>
      </input_file>
      <input_file id="fl-104">
         <path>D:\ti\CCS2020\ccs\tools\compiler\ti-cgt-armllvm_4.0.3.LTS\lib\armv6m-ti-none-eabi\</path>
         <kind>archive</kind>
         <file>libclang_rt.builtins.a</file>
         <name>muldsi3.S.obj</name>
      </input_file>
      <input_file id="fl-105">
         <path>D:\ti\CCS2020\ccs\tools\compiler\ti-cgt-armllvm_4.0.3.LTS\lib\armv6m-ti-none-eabi\</path>
         <kind>archive</kind>
         <file>libclang_rt.builtins.a</file>
         <name>mulsf3.S.obj</name>
      </input_file>
      <input_file id="fl-106">
         <path>D:\ti\CCS2020\ccs\tools\compiler\ti-cgt-armllvm_4.0.3.LTS\lib\armv6m-ti-none-eabi\</path>
         <kind>archive</kind>
         <file>libclang_rt.builtins.a</file>
         <name>divdf3.S.obj</name>
      </input_file>
      <input_file id="fl-107">
         <path>D:\ti\CCS2020\ccs\tools\compiler\ti-cgt-armllvm_4.0.3.LTS\lib\armv6m-ti-none-eabi\</path>
         <kind>archive</kind>
         <file>libclang_rt.builtins.a</file>
         <name>extendsfdf2.S.obj</name>
      </input_file>
      <input_file id="fl-108">
         <path>D:\ti\CCS2020\ccs\tools\compiler\ti-cgt-armllvm_4.0.3.LTS\lib\armv6m-ti-none-eabi\</path>
         <kind>archive</kind>
         <file>libclang_rt.builtins.a</file>
         <name>fixdfsi.S.obj</name>
      </input_file>
      <input_file id="fl-109">
         <path>D:\ti\CCS2020\ccs\tools\compiler\ti-cgt-armllvm_4.0.3.LTS\lib\armv6m-ti-none-eabi\</path>
         <kind>archive</kind>
         <file>libclang_rt.builtins.a</file>
         <name>fixsfsi.S.obj</name>
      </input_file>
      <input_file id="fl-10a">
         <path>D:\ti\CCS2020\ccs\tools\compiler\ti-cgt-armllvm_4.0.3.LTS\lib\armv6m-ti-none-eabi\</path>
         <kind>archive</kind>
         <file>libclang_rt.builtins.a</file>
         <name>fixunsdfsi.S.obj</name>
      </input_file>
      <input_file id="fl-10b">
         <path>D:\ti\CCS2020\ccs\tools\compiler\ti-cgt-armllvm_4.0.3.LTS\lib\armv6m-ti-none-eabi\</path>
         <kind>archive</kind>
         <file>libclang_rt.builtins.a</file>
         <name>fixunssfsi.S.obj</name>
      </input_file>
      <input_file id="fl-10c">
         <path>D:\ti\CCS2020\ccs\tools\compiler\ti-cgt-armllvm_4.0.3.LTS\lib\armv6m-ti-none-eabi\</path>
         <kind>archive</kind>
         <file>libclang_rt.builtins.a</file>
         <name>floatsidf.S.obj</name>
      </input_file>
      <input_file id="fl-10d">
         <path>D:\ti\CCS2020\ccs\tools\compiler\ti-cgt-armllvm_4.0.3.LTS\lib\armv6m-ti-none-eabi\</path>
         <kind>archive</kind>
         <file>libclang_rt.builtins.a</file>
         <name>floatsisf.S.obj</name>
      </input_file>
      <input_file id="fl-10e">
         <path>D:\ti\CCS2020\ccs\tools\compiler\ti-cgt-armllvm_4.0.3.LTS\lib\armv6m-ti-none-eabi\</path>
         <kind>archive</kind>
         <file>libclang_rt.builtins.a</file>
         <name>floatunsidf.S.obj</name>
      </input_file>
      <input_file id="fl-10f">
         <path>D:\ti\CCS2020\ccs\tools\compiler\ti-cgt-armllvm_4.0.3.LTS\lib\armv6m-ti-none-eabi\</path>
         <kind>archive</kind>
         <file>libclang_rt.builtins.a</file>
         <name>muldi3.S.obj</name>
      </input_file>
      <input_file id="fl-110">
         <path>D:\ti\CCS2020\ccs\tools\compiler\ti-cgt-armllvm_4.0.3.LTS\lib\armv6m-ti-none-eabi\</path>
         <kind>archive</kind>
         <file>libclang_rt.builtins.a</file>
         <name>truncdfsf2.S.obj</name>
      </input_file>
      <input_file id="fl-111">
         <path>D:\ti\CCS2020\ccs\tools\compiler\ti-cgt-armllvm_4.0.3.LTS\lib\armv6m-ti-none-eabi\</path>
         <kind>archive</kind>
         <file>libclang_rt.builtins.a</file>
         <name>aeabi_dcmp.S.obj</name>
      </input_file>
      <input_file id="fl-112">
         <path>D:\ti\CCS2020\ccs\tools\compiler\ti-cgt-armllvm_4.0.3.LTS\lib\armv6m-ti-none-eabi\</path>
         <kind>archive</kind>
         <file>libclang_rt.builtins.a</file>
         <name>aeabi_fcmp.S.obj</name>
      </input_file>
      <input_file id="fl-113">
         <path>D:\ti\CCS2020\ccs\tools\compiler\ti-cgt-armllvm_4.0.3.LTS\lib\armv6m-ti-none-eabi\</path>
         <kind>archive</kind>
         <file>libclang_rt.builtins.a</file>
         <name>aeabi_idivmod.S.obj</name>
      </input_file>
      <input_file id="fl-114">
         <path>D:\ti\CCS2020\ccs\tools\compiler\ti-cgt-armllvm_4.0.3.LTS\lib\armv6m-ti-none-eabi\</path>
         <kind>archive</kind>
         <file>libclang_rt.builtins.a</file>
         <name>aeabi_memcpy.S.obj</name>
      </input_file>
      <input_file id="fl-115">
         <path>D:\ti\CCS2020\ccs\tools\compiler\ti-cgt-armllvm_4.0.3.LTS\lib\armv6m-ti-none-eabi\</path>
         <kind>archive</kind>
         <file>libclang_rt.builtins.a</file>
         <name>aeabi_memset.S.obj</name>
      </input_file>
      <input_file id="fl-116">
         <path>D:\ti\CCS2020\ccs\tools\compiler\ti-cgt-armllvm_4.0.3.LTS\lib\armv6m-ti-none-eabi\</path>
         <kind>archive</kind>
         <file>libclang_rt.builtins.a</file>
         <name>aeabi_uidivmod.S.obj</name>
      </input_file>
      <input_file id="fl-117">
         <path>D:\ti\CCS2020\ccs\tools\compiler\ti-cgt-armllvm_4.0.3.LTS\lib\armv6m-ti-none-eabi\</path>
         <kind>archive</kind>
         <file>libclang_rt.builtins.a</file>
         <name>aeabi_uldivmod.S.obj</name>
      </input_file>
      <input_file id="fl-118">
         <path>D:\ti\CCS2020\ccs\tools\compiler\ti-cgt-armllvm_4.0.3.LTS\lib\armv6m-ti-none-eabi\</path>
         <kind>archive</kind>
         <file>libclang_rt.builtins.a</file>
         <name>comparesf2.S.obj</name>
      </input_file>
      <input_file id="fl-119">
         <path>D:\ti\CCS2020\ccs\tools\compiler\ti-cgt-armllvm_4.0.3.LTS\lib\armv6m-ti-none-eabi\</path>
         <kind>archive</kind>
         <file>libclang_rt.builtins.a</file>
         <name>udivmoddi4.S.obj</name>
      </input_file>
      <input_file id="fl-11a">
         <path>D:\ti\CCS2020\ccs\tools\compiler\ti-cgt-armllvm_4.0.3.LTS\lib\armv6m-ti-none-eabi\</path>
         <kind>archive</kind>
         <file>libclang_rt.builtins.a</file>
         <name>ashldi3.S.obj</name>
      </input_file>
      <input_file id="fl-11b">
         <path>D:\ti\CCS2020\ccs\tools\compiler\ti-cgt-armllvm_4.0.3.LTS\lib\armv6m-ti-none-eabi\</path>
         <kind>archive</kind>
         <file>libclang_rt.builtins.a</file>
         <name>comparedf2.c.obj</name>
      </input_file>
      <input_file id="fl-11c">
         <path>D:\ti\CCS2020\ccs\tools\compiler\ti-cgt-armllvm_4.0.3.LTS\lib\armv6m-ti-none-eabi\</path>
         <kind>archive</kind>
         <file>libclang_rt.builtins.a</file>
         <name>aeabi_div0.c.obj</name>
      </input_file>
      <input_file id="fl-11d">
         <path>D:\ti\CCS2020\ccs\tools\compiler\ti-cgt-armllvm_4.0.3.LTS\lib\armv6m-ti-none-eabi\c\</path>
         <kind>archive</kind>
         <file>libc.a</file>
         <name>memcpy16.S.obj</name>
      </input_file>
      <input_file id="fl-11e">
         <path>D:\ti\CCS2020\ccs\tools\compiler\ti-cgt-armllvm_4.0.3.LTS\lib\armv6m-ti-none-eabi\c\</path>
         <kind>archive</kind>
         <file>libc.a</file>
         <name>memset16.S.obj</name>
      </input_file>
   </input_file_list>
   <object_component_list>
      <object_component id="oc-18">
         <name>.intvecs</name>
         <load_address>0x0</load_address>
         <readonly>true</readonly>
         <run_address>0x0</run_address>
         <size>0xc0</size>
         <alignment>0x4</alignment>
         <input_file_ref idref="fl-2"/>
      </object_component>
      <object_component id="oc-163">
         <name>.text.OLED_ShowNum</name>
         <load_address>0xc0</load_address>
         <readonly>true</readonly>
         <executable>true</executable>
         <run_address>0xc0</run_address>
         <size>0x408</size>
         <alignment>0x4</alignment>
         <input_file_ref idref="fl-b"/>
      </object_component>
      <object_component id="oc-1b3">
         <name>.text.Track_Scan</name>
         <load_address>0x4c8</load_address>
         <readonly>true</readonly>
         <executable>true</executable>
         <run_address>0x4c8</run_address>
         <size>0x3ec</size>
         <alignment>0x4</alignment>
         <input_file_ref idref="fl-f"/>
      </object_component>
      <object_component id="oc-1aa">
         <name>.text.OLED_ShowImage</name>
         <load_address>0x8b4</load_address>
         <readonly>true</readonly>
         <executable>true</executable>
         <run_address>0x8b4</run_address>
         <size>0x264</size>
         <alignment>0x4</alignment>
         <input_file_ref idref="fl-b"/>
      </object_component>
      <object_component id="oc-3b">
         <name>.text.UART1_IRQHandler</name>
         <load_address>0xb18</load_address>
         <readonly>true</readonly>
         <executable>true</executable>
         <run_address>0xb18</run_address>
         <size>0x250</size>
         <alignment>0x4</alignment>
         <input_file_ref idref="fl-5"/>
      </object_component>
      <object_component id="oc-15e">
         <name>.text.OLED_ShowString</name>
         <load_address>0xd68</load_address>
         <readonly>true</readonly>
         <executable>true</executable>
         <run_address>0xd68</run_address>
         <size>0x1f0</size>
         <alignment>0x4</alignment>
         <input_file_ref idref="fl-b"/>
      </object_component>
      <object_component id="oc-97">
         <name>.text.Encoder_SpeedRead</name>
         <load_address>0xf58</load_address>
         <readonly>true</readonly>
         <executable>true</executable>
         <run_address>0xf58</run_address>
         <size>0x1c4</size>
         <alignment>0x4</alignment>
         <input_file_ref idref="fl-9"/>
      </object_component>
      <object_component id="oc-f9">
         <name>.text.OLED_Init</name>
         <load_address>0x111c</load_address>
         <readonly>true</readonly>
         <executable>true</executable>
         <run_address>0x111c</run_address>
         <size>0x19c</size>
         <alignment>0x4</alignment>
         <input_file_ref idref="fl-b"/>
      </object_component>
      <object_component id="oc-9b">
         <name>.text.Key_Scan</name>
         <load_address>0x12b8</load_address>
         <readonly>true</readonly>
         <executable>true</executable>
         <run_address>0x12b8</run_address>
         <size>0x154</size>
         <alignment>0x4</alignment>
         <input_file_ref idref="fl-7"/>
      </object_component>
      <object_component id="oc-19b">
         <name>.text.Send_Byte</name>
         <load_address>0x140c</load_address>
         <readonly>true</readonly>
         <executable>true</executable>
         <run_address>0x140c</run_address>
         <size>0x13c</size>
         <alignment>0x4</alignment>
         <input_file_ref idref="fl-6"/>
      </object_component>
      <object_component id="oc-10d">
         <name>.text.Menu_Show</name>
         <load_address>0x1548</load_address>
         <readonly>true</readonly>
         <executable>true</executable>
         <run_address>0x1548</run_address>
         <size>0x11c</size>
         <alignment>0x4</alignment>
         <input_file_ref idref="fl-8"/>
      </object_component>
      <object_component id="oc-108">
         <name>.text.Menu_Set</name>
         <load_address>0x1664</load_address>
         <readonly>true</readonly>
         <executable>true</executable>
         <run_address>0x1664</run_address>
         <size>0x10c</size>
         <alignment>0x4</alignment>
         <input_file_ref idref="fl-8"/>
      </object_component>
      <object_component id="oc-7c">
         <name>.text.__divdf3</name>
         <load_address>0x1770</load_address>
         <readonly>true</readonly>
         <executable>true</executable>
         <run_address>0x1770</run_address>
         <size>0x10c</size>
         <alignment>0x4</alignment>
         <input_file_ref idref="fl-106"/>
      </object_component>
      <object_component id="oc-1e1">
         <name>.text.DL_Timer_initFourCCPWMMode</name>
         <load_address>0x187c</load_address>
         <readonly>true</readonly>
         <executable>true</executable>
         <run_address>0x187c</run_address>
         <size>0x104</size>
         <alignment>0x4</alignment>
         <input_file_ref idref="fl-1f"/>
      </object_component>
      <object_component id="oc-165">
         <name>.text.OLED_Update</name>
         <load_address>0x1980</load_address>
         <readonly>true</readonly>
         <executable>true</executable>
         <run_address>0x1980</run_address>
         <size>0x104</size>
         <alignment>0x4</alignment>
         <input_file_ref idref="fl-b"/>
      </object_component>
      <object_component id="oc-187">
         <name>.text.SYSCFG_DL_GPIO_init</name>
         <load_address>0x1a84</load_address>
         <readonly>true</readonly>
         <executable>true</executable>
         <run_address>0x1a84</run_address>
         <size>0xfc</size>
         <alignment>0x4</alignment>
         <input_file_ref idref="fl-1"/>
      </object_component>
      <object_component id="oc-1e6">
         <name>.text.DL_Timer_initTimerMode</name>
         <load_address>0x1b80</load_address>
         <readonly>true</readonly>
         <executable>true</executable>
         <run_address>0x1b80</run_address>
         <size>0xe8</size>
         <alignment>0x4</alignment>
         <input_file_ref idref="fl-1f"/>
      </object_component>
      <object_component id="oc-88">
         <name>.text.__muldf3</name>
         <load_address>0x1c68</load_address>
         <readonly>true</readonly>
         <executable>true</executable>
         <run_address>0x1c68</run_address>
         <size>0xe4</size>
         <alignment>0x4</alignment>
         <input_file_ref idref="fl-103"/>
      </object_component>
      <object_component id="oc-1dd">
         <name>.text.DL_SYSCTL_configSYSPLL</name>
         <load_address>0x1d4c</load_address>
         <readonly>true</readonly>
         <executable>true</executable>
         <run_address>0x1d4c</run_address>
         <size>0xdc</size>
         <alignment>0x4</alignment>
         <input_file_ref idref="fl-21"/>
      </object_component>
      <object_component id="oc-d4">
         <name>.text</name>
         <load_address>0x1e28</load_address>
         <readonly>true</readonly>
         <executable>true</executable>
         <run_address>0x1e28</run_address>
         <size>0xd8</size>
         <alignment>0x4</alignment>
         <input_file_ref idref="fl-101"/>
      </object_component>
      <object_component id="oc-1bf">
         <name>.text.PID_AnglePID</name>
         <load_address>0x1f00</load_address>
         <readonly>true</readonly>
         <executable>true</executable>
         <run_address>0x1f00</run_address>
         <size>0xc4</size>
         <alignment>0x4</alignment>
         <input_file_ref idref="fl-d"/>
      </object_component>
      <object_component id="oc-1b4">
         <name>.text.PID_PositionalPID</name>
         <load_address>0x1fc4</load_address>
         <readonly>true</readonly>
         <executable>true</executable>
         <run_address>0x1fc4</run_address>
         <size>0xc4</size>
         <alignment>0x4</alignment>
         <input_file_ref idref="fl-d"/>
      </object_component>
      <object_component id="oc-19d">
         <name>.text.IIC_WaitAck</name>
         <load_address>0x2088</load_address>
         <readonly>true</readonly>
         <executable>true</executable>
         <run_address>0x2088</run_address>
         <size>0xb0</size>
         <alignment>0x4</alignment>
         <input_file_ref idref="fl-6"/>
      </object_component>
      <object_component id="oc-18e">
         <name>.text.SYSCFG_DL_UART_GYRO_init</name>
         <load_address>0x2138</load_address>
         <readonly>true</readonly>
         <executable>true</executable>
         <run_address>0x2138</run_address>
         <size>0xb0</size>
         <alignment>0x4</alignment>
         <input_file_ref idref="fl-1"/>
      </object_component>
      <object_component id="oc-171">
         <name>.text.Gyro_Angle_PID_Work</name>
         <load_address>0x21e8</load_address>
         <readonly>true</readonly>
         <executable>true</executable>
         <run_address>0x21e8</run_address>
         <size>0xac</size>
         <alignment>0x4</alignment>
         <input_file_ref idref="fl-5"/>
      </object_component>
      <object_component id="oc-154">
         <name>.text.Gyro_YawZero</name>
         <load_address>0x2294</load_address>
         <readonly>true</readonly>
         <executable>true</executable>
         <run_address>0x2294</run_address>
         <size>0xa8</size>
         <alignment>0x4</alignment>
         <input_file_ref idref="fl-5"/>
      </object_component>
      <object_component id="oc-1b0">
         <name>.text.PID_IncrementalPID</name>
         <load_address>0x233c</load_address>
         <readonly>true</readonly>
         <executable>true</executable>
         <run_address>0x233c</run_address>
         <size>0xa8</size>
         <alignment>0x2</alignment>
         <input_file_ref idref="fl-d"/>
      </object_component>
      <object_component id="oc-ae">
         <name>.text.main</name>
         <load_address>0x23e4</load_address>
         <readonly>true</readonly>
         <executable>true</executable>
         <run_address>0x23e4</run_address>
         <size>0xa4</size>
         <alignment>0x4</alignment>
         <input_file_ref idref="fl-4"/>
      </object_component>
      <object_component id="oc-ef">
         <name>.text:memcpy</name>
         <load_address>0x2488</load_address>
         <readonly>true</readonly>
         <executable>true</executable>
         <run_address>0x2488</run_address>
         <size>0x9a</size>
         <alignment>0x1</alignment>
         <input_file_ref idref="fl-11d"/>
      </object_component>
      <object_component id="oc-35">
         <name>.text.Default_Handler</name>
         <load_address>0x2522</load_address>
         <readonly>true</readonly>
         <executable>true</executable>
         <run_address>0x2522</run_address>
         <size>0x2</size>
         <alignment>0x2</alignment>
         <input_file_ref idref="fl-2"/>
      </object_component>
      <object_component id="oc-18a">
         <name>.text.SYSCFG_DL_PWM_MOTOR_init</name>
         <load_address>0x2524</load_address>
         <readonly>true</readonly>
         <executable>true</executable>
         <run_address>0x2524</run_address>
         <size>0x94</size>
         <alignment>0x4</alignment>
         <input_file_ref idref="fl-1"/>
      </object_component>
      <object_component id="oc-16e">
         <name>.text.Motor_Velocity_PID_Work</name>
         <load_address>0x25b8</load_address>
         <readonly>true</readonly>
         <executable>true</executable>
         <run_address>0x25b8</run_address>
         <size>0x90</size>
         <alignment>0x4</alignment>
         <input_file_ref idref="fl-9"/>
      </object_component>
      <object_component id="oc-d0">
         <name>.text.__mulsf3</name>
         <load_address>0x2648</load_address>
         <readonly>true</readonly>
         <executable>true</executable>
         <run_address>0x2648</run_address>
         <size>0x8c</size>
         <alignment>0x4</alignment>
         <input_file_ref idref="fl-105"/>
      </object_component>
      <object_component id="oc-36">
         <name>.text.GROUP1_IRQHandler</name>
         <load_address>0x26d4</load_address>
         <readonly>true</readonly>
         <executable>true</executable>
         <run_address>0x26d4</run_address>
         <size>0x88</size>
         <alignment>0x4</alignment>
         <input_file_ref idref="fl-9"/>
      </object_component>
      <object_component id="oc-175">
         <name>.text.HOSTexit</name>
         <load_address>0x275c</load_address>
         <readonly>true</readonly>
         <executable>true</executable>
         <run_address>0x275c</run_address>
         <size>0x4</size>
         <alignment>0x2</alignment>
         <input_file_ref idref="fl-f6"/>
      </object_component>
      <object_component id="oc-1a6">
         <name>.text:strcmp</name>
         <load_address>0x2760</load_address>
         <readonly>true</readonly>
         <executable>true</executable>
         <run_address>0x2760</run_address>
         <size>0x88</size>
         <alignment>0x10</alignment>
         <input_file_ref idref="fl-3c"/>
      </object_component>
      <object_component id="oc-147">
         <name>.text.OLED_WriteData</name>
         <load_address>0x27e8</load_address>
         <readonly>true</readonly>
         <executable>true</executable>
         <run_address>0x27e8</run_address>
         <size>0x7c</size>
         <alignment>0x2</alignment>
         <input_file_ref idref="fl-b"/>
      </object_component>
      <object_component id="oc-188">
         <name>.text.SYSCFG_DL_SYSCTL_init</name>
         <load_address>0x2864</load_address>
         <readonly>true</readonly>
         <executable>true</executable>
         <run_address>0x2864</run_address>
         <size>0x7c</size>
         <alignment>0x4</alignment>
         <input_file_ref idref="fl-1"/>
      </object_component>
      <object_component id="oc-1c">
         <name>.text:decompress:lzss</name>
         <load_address>0x28e0</load_address>
         <readonly>true</readonly>
         <executable>true</executable>
         <run_address>0x28e0</run_address>
         <size>0x7c</size>
         <alignment>0x4</alignment>
         <input_file_ref idref="fl-44"/>
      </object_component>
      <object_component id="oc-209">
         <name>.text.__gedf2</name>
         <load_address>0x295c</load_address>
         <readonly>true</readonly>
         <executable>true</executable>
         <run_address>0x295c</run_address>
         <size>0x74</size>
         <alignment>0x4</alignment>
         <input_file_ref idref="fl-11b"/>
      </object_component>
      <object_component id="oc-84">
         <name>.text.__truncdfsf2</name>
         <load_address>0x29d0</load_address>
         <readonly>true</readonly>
         <executable>true</executable>
         <run_address>0x29d0</run_address>
         <size>0x74</size>
         <alignment>0x10</alignment>
         <input_file_ref idref="fl-110"/>
      </object_component>
      <object_component id="oc-170">
         <name>.text.Motor_SetSpeed</name>
         <load_address>0x2a44</load_address>
         <readonly>true</readonly>
         <executable>true</executable>
         <run_address>0x2a44</run_address>
         <size>0x68</size>
         <alignment>0x4</alignment>
         <input_file_ref idref="fl-9"/>
      </object_component>
      <object_component id="oc-203">
         <name>.text.__ledf2</name>
         <load_address>0x2aac</load_address>
         <readonly>true</readonly>
         <executable>true</executable>
         <run_address>0x2aac</run_address>
         <size>0x68</size>
         <alignment>0x4</alignment>
         <input_file_ref idref="fl-11b"/>
      </object_component>
      <object_component id="oc-1d7">
         <name>.text.DL_SYSCTL_setHFCLKSourceHFXTParams</name>
         <load_address>0x2b14</load_address>
         <readonly>true</readonly>
         <executable>true</executable>
         <run_address>0x2b14</run_address>
         <size>0x64</size>
         <alignment>0x4</alignment>
         <input_file_ref idref="fl-21"/>
      </object_component>
      <object_component id="oc-164">
         <name>.text.OLED_ReverseArea</name>
         <load_address>0x2b78</load_address>
         <readonly>true</readonly>
         <executable>true</executable>
         <run_address>0x2b78</run_address>
         <size>0x64</size>
         <alignment>0x4</alignment>
         <input_file_ref idref="fl-b"/>
      </object_component>
      <object_component id="oc-1c4">
         <name>.text.__aeabi_dcmp</name>
         <load_address>0x2bdc</load_address>
         <readonly>true</readonly>
         <executable>true</executable>
         <run_address>0x2bdc</run_address>
         <size>0x62</size>
         <alignment>0x4</alignment>
         <input_file_ref idref="fl-111"/>
      </object_component>
      <object_component id="oc-b9">
         <name>.text.__aeabi_idiv0</name>
         <load_address>0x2c3e</load_address>
         <readonly>true</readonly>
         <executable>true</executable>
         <run_address>0x2c3e</run_address>
         <size>0x2</size>
         <alignment>0x2</alignment>
         <input_file_ref idref="fl-11c"/>
      </object_component>
      <object_component id="oc-1bb">
         <name>.text.__aeabi_fcmp</name>
         <load_address>0x2c40</load_address>
         <readonly>true</readonly>
         <executable>true</executable>
         <run_address>0x2c40</run_address>
         <size>0x62</size>
         <alignment>0x4</alignment>
         <input_file_ref idref="fl-112"/>
      </object_component>
      <object_component id="oc-13d">
         <name>.text:memset</name>
         <load_address>0x2ca2</load_address>
         <readonly>true</readonly>
         <executable>true</executable>
         <run_address>0x2ca2</run_address>
         <size>0x62</size>
         <alignment>0x1</alignment>
         <input_file_ref idref="fl-11e"/>
      </object_component>
      <object_component id="oc-18d">
         <name>.text.SYSCFG_DL_UART_DEBUG_init</name>
         <load_address>0x2d04</load_address>
         <readonly>true</readonly>
         <executable>true</executable>
         <run_address>0x2d04</run_address>
         <size>0x60</size>
         <alignment>0x4</alignment>
         <input_file_ref idref="fl-1"/>
      </object_component>
      <object_component id="oc-186">
         <name>.text.SYSCFG_DL_initPower</name>
         <load_address>0x2d64</load_address>
         <readonly>true</readonly>
         <executable>true</executable>
         <run_address>0x2d64</run_address>
         <size>0x60</size>
         <alignment>0x4</alignment>
         <input_file_ref idref="fl-1"/>
      </object_component>
      <object_component id="oc-100">
         <name>.text.Motor_PID_Init</name>
         <load_address>0x2dc4</load_address>
         <readonly>true</readonly>
         <executable>true</executable>
         <run_address>0x2dc4</run_address>
         <size>0x5c</size>
         <alignment>0x4</alignment>
         <input_file_ref idref="fl-9"/>
      </object_component>
      <object_component id="oc-114">
         <name>.text.task1</name>
         <load_address>0x2e20</load_address>
         <readonly>true</readonly>
         <executable>true</executable>
         <run_address>0x2e20</run_address>
         <size>0x5c</size>
         <alignment>0x4</alignment>
         <input_file_ref idref="fl-e"/>
      </object_component>
      <object_component id="oc-10e">
         <name>.text.task2</name>
         <load_address>0x2e7c</load_address>
         <readonly>true</readonly>
         <executable>true</executable>
         <run_address>0x2e7c</run_address>
         <size>0x5c</size>
         <alignment>0x4</alignment>
         <input_file_ref idref="fl-e"/>
      </object_component>
      <object_component id="oc-8c">
         <name>.text.DL_UART_drainRXFIFO</name>
         <load_address>0x2ed8</load_address>
         <readonly>true</readonly>
         <executable>true</executable>
         <run_address>0x2ed8</run_address>
         <size>0x54</size>
         <alignment>0x4</alignment>
         <input_file_ref idref="fl-20"/>
      </object_component>
      <object_component id="oc-210">
         <name>.text.DL_DMA_initChannel</name>
         <load_address>0x2f2c</load_address>
         <readonly>true</readonly>
         <executable>true</executable>
         <run_address>0x2f2c</run_address>
         <size>0x4c</size>
         <alignment>0x4</alignment>
         <input_file_ref idref="fl-1e"/>
      </object_component>
      <object_component id="oc-18b">
         <name>.text.SYSCFG_DL_TIMER_0_init</name>
         <load_address>0x2f78</load_address>
         <readonly>true</readonly>
         <executable>true</executable>
         <run_address>0x2f78</run_address>
         <size>0x4c</size>
         <alignment>0x4</alignment>
         <input_file_ref idref="fl-1"/>
      </object_component>
      <object_component id="oc-18c">
         <name>.text.SYSCFG_DL_TIMER_1_init</name>
         <load_address>0x2fc4</load_address>
         <readonly>true</readonly>
         <executable>true</executable>
         <run_address>0x2fc4</run_address>
         <size>0x4c</size>
         <alignment>0x4</alignment>
         <input_file_ref idref="fl-1"/>
      </object_component>
      <object_component id="oc-13e">
         <name>.text.SYSCFG_DL_init</name>
         <load_address>0x3010</load_address>
         <readonly>true</readonly>
         <executable>true</executable>
         <run_address>0x3010</run_address>
         <size>0x4c</size>
         <alignment>0x4</alignment>
         <input_file_ref idref="fl-1"/>
      </object_component>
      <object_component id="oc-80">
         <name>.text.__fixdfsi</name>
         <load_address>0x305c</load_address>
         <readonly>true</readonly>
         <executable>true</executable>
         <run_address>0x305c</run_address>
         <size>0x4a</size>
         <alignment>0x4</alignment>
         <input_file_ref idref="fl-108"/>
      </object_component>
      <object_component id="oc-1ec">
         <name>.text.DL_UART_init</name>
         <load_address>0x30a8</load_address>
         <readonly>true</readonly>
         <executable>true</executable>
         <run_address>0x30a8</run_address>
         <size>0x48</size>
         <alignment>0x4</alignment>
         <input_file_ref idref="fl-20"/>
      </object_component>
      <object_component id="oc-151">
         <name>.text.PID_SetParameter</name>
         <load_address>0x30f0</load_address>
         <readonly>true</readonly>
         <executable>true</executable>
         <run_address>0x30f0</run_address>
         <size>0x48</size>
         <alignment>0x2</alignment>
         <input_file_ref idref="fl-d"/>
      </object_component>
      <object_component id="oc-1de">
         <name>.text.DL_SYSCTL_switchMCLKfromSYSOSCtoHSCLK</name>
         <load_address>0x3138</load_address>
         <readonly>true</readonly>
         <executable>true</executable>
         <run_address>0x3138</run_address>
         <size>0x44</size>
         <alignment>0x4</alignment>
         <input_file_ref idref="fl-21"/>
      </object_component>
      <object_component id="oc-174">
         <name>.text.Motor_Stop</name>
         <load_address>0x317c</load_address>
         <readonly>true</readonly>
         <executable>true</executable>
         <run_address>0x317c</run_address>
         <size>0x44</size>
         <alignment>0x4</alignment>
         <input_file_ref idref="fl-9"/>
      </object_component>
      <object_component id="oc-1a2">
         <name>.text.delay_ms</name>
         <load_address>0x31c0</load_address>
         <readonly>true</readonly>
         <executable>true</executable>
         <run_address>0x31c0</run_address>
         <size>0x44</size>
         <alignment>0x4</alignment>
         <input_file_ref idref="fl-3"/>
      </object_component>
      <object_component id="oc-196">
         <name>.text.IIC_Start</name>
         <load_address>0x3204</load_address>
         <readonly>true</readonly>
         <executable>true</executable>
         <run_address>0x3204</run_address>
         <size>0x40</size>
         <alignment>0x4</alignment>
         <input_file_ref idref="fl-6"/>
      </object_component>
      <object_component id="oc-74">
         <name>.text.__aeabi_uidivmod</name>
         <load_address>0x3244</load_address>
         <readonly>true</readonly>
         <executable>true</executable>
         <run_address>0x3244</run_address>
         <size>0x40</size>
         <alignment>0x4</alignment>
         <input_file_ref idref="fl-116"/>
      </object_component>
      <object_component id="oc-1c0">
         <name>.text.__extendsfdf2</name>
         <load_address>0x3284</load_address>
         <readonly>true</readonly>
         <executable>true</executable>
         <run_address>0x3284</run_address>
         <size>0x40</size>
         <alignment>0x4</alignment>
         <input_file_ref idref="fl-107"/>
      </object_component>
      <object_component id="oc-1f2">
         <name>.text.delay_us</name>
         <load_address>0x32c4</load_address>
         <readonly>true</readonly>
         <executable>true</executable>
         <run_address>0x32c4</run_address>
         <size>0x40</size>
         <alignment>0x4</alignment>
         <input_file_ref idref="fl-3"/>
      </object_component>
      <object_component id="oc-cc">
         <name>.text.__floatsisf</name>
         <load_address>0x3304</load_address>
         <readonly>true</readonly>
         <executable>true</executable>
         <run_address>0x3304</run_address>
         <size>0x3c</size>
         <alignment>0x4</alignment>
         <input_file_ref idref="fl-10d"/>
      </object_component>
      <object_component id="oc-200">
         <name>.text.__gtsf2</name>
         <load_address>0x3340</load_address>
         <readonly>true</readonly>
         <executable>true</executable>
         <run_address>0x3340</run_address>
         <size>0x3c</size>
         <alignment>0x4</alignment>
         <input_file_ref idref="fl-118"/>
      </object_component>
      <object_component id="oc-11d">
         <name>.text:__TI_auto_init_nobinit_nopinit</name>
         <load_address>0x337c</load_address>
         <readonly>true</readonly>
         <executable>true</executable>
         <run_address>0x337c</run_address>
         <size>0x3c</size>
         <alignment>0x4</alignment>
         <input_file_ref idref="fl-3f"/>
      </object_component>
      <object_component id="oc-1fb">
         <name>.text.__eqsf2</name>
         <load_address>0x33b8</load_address>
         <readonly>true</readonly>
         <executable>true</executable>
         <run_address>0x33b8</run_address>
         <size>0x3a</size>
         <alignment>0x4</alignment>
         <input_file_ref idref="fl-118"/>
      </object_component>
      <object_component id="oc-c3">
         <name>.text.__muldsi3</name>
         <load_address>0x33f4</load_address>
         <readonly>true</readonly>
         <executable>true</executable>
         <run_address>0x33f4</run_address>
         <size>0x3a</size>
         <alignment>0x4</alignment>
         <input_file_ref idref="fl-104"/>
      </object_component>
      <object_component id="oc-101">
         <name>.text.Gyro_Init</name>
         <load_address>0x3430</load_address>
         <readonly>true</readonly>
         <executable>true</executable>
         <run_address>0x3430</run_address>
         <size>0x38</size>
         <alignment>0x4</alignment>
         <input_file_ref idref="fl-5"/>
      </object_component>
      <object_component id="oc-102">
         <name>.text.Gyro_PID_Init</name>
         <load_address>0x3468</load_address>
         <readonly>true</readonly>
         <executable>true</executable>
         <run_address>0x3468</run_address>
         <size>0x38</size>
         <alignment>0x4</alignment>
         <input_file_ref idref="fl-5"/>
      </object_component>
      <object_component id="oc-146">
         <name>.text.OLED_WriteCommand</name>
         <load_address>0x34a0</load_address>
         <readonly>true</readonly>
         <executable>true</executable>
         <run_address>0x34a0</run_address>
         <size>0x38</size>
         <alignment>0x2</alignment>
         <input_file_ref idref="fl-b"/>
      </object_component>
      <object_component id="oc-103">
         <name>.text.Track_PID_Init</name>
         <load_address>0x34d8</load_address>
         <readonly>true</readonly>
         <executable>true</executable>
         <run_address>0x34d8</run_address>
         <size>0x38</size>
         <alignment>0x4</alignment>
         <input_file_ref idref="fl-f"/>
      </object_component>
      <object_component id="oc-16f">
         <name>.text.Track_Position_PID_Work</name>
         <load_address>0x3510</load_address>
         <readonly>true</readonly>
         <executable>true</executable>
         <run_address>0x3510</run_address>
         <size>0x38</size>
         <alignment>0x4</alignment>
         <input_file_ref idref="fl-f"/>
      </object_component>
      <object_component id="oc-d8">
         <name>.text.__fixsfsi</name>
         <load_address>0x3548</load_address>
         <readonly>true</readonly>
         <executable>true</executable>
         <run_address>0x3548</run_address>
         <size>0x38</size>
         <alignment>0x4</alignment>
         <input_file_ref idref="fl-109"/>
      </object_component>
      <object_component id="oc-19e">
         <name>.text.IIC_Stop</name>
         <load_address>0x3580</load_address>
         <readonly>true</readonly>
         <executable>true</executable>
         <run_address>0x3580</run_address>
         <size>0x34</size>
         <alignment>0x4</alignment>
         <input_file_ref idref="fl-6"/>
      </object_component>
      <object_component id="oc-15f">
         <name>.text.__fixunssfsi</name>
         <load_address>0x35b4</load_address>
         <readonly>true</readonly>
         <executable>true</executable>
         <run_address>0x35b4</run_address>
         <size>0x32</size>
         <alignment>0x4</alignment>
         <input_file_ref idref="fl-10b"/>
      </object_component>
      <object_component id="oc-46">
         <name>.text.TIMA1_IRQHandler</name>
         <load_address>0x35e8</load_address>
         <readonly>true</readonly>
         <executable>true</executable>
         <run_address>0x35e8</run_address>
         <size>0x30</size>
         <alignment>0x4</alignment>
         <input_file_ref idref="fl-4"/>
      </object_component>
      <object_component id="oc-96">
         <name>.text.Encoder_GetCnt</name>
         <load_address>0x3618</load_address>
         <readonly>true</readonly>
         <executable>true</executable>
         <run_address>0x3618</run_address>
         <size>0x2c</size>
         <alignment>0x4</alignment>
         <input_file_ref idref="fl-9"/>
      </object_component>
      <object_component id="oc-78">
         <name>.text.__floatsidf</name>
         <load_address>0x3644</load_address>
         <readonly>true</readonly>
         <executable>true</executable>
         <run_address>0x3644</run_address>
         <size>0x2c</size>
         <alignment>0x4</alignment>
         <input_file_ref idref="fl-10c"/>
      </object_component>
      <object_component id="oc-62">
         <name>.text:_c_int00_noargs</name>
         <load_address>0x3670</load_address>
         <readonly>true</readonly>
         <executable>true</executable>
         <run_address>0x3670</run_address>
         <size>0x28</size>
         <alignment>0x4</alignment>
         <input_file_ref idref="fl-3d"/>
      </object_component>
      <object_component id="oc-41">
         <name>.text.TIMA0_IRQHandler</name>
         <load_address>0x3698</load_address>
         <readonly>true</readonly>
         <executable>true</executable>
         <run_address>0x3698</run_address>
         <size>0x24</size>
         <alignment>0x4</alignment>
         <input_file_ref idref="fl-4"/>
      </object_component>
      <object_component id="oc-1a1">
         <name>.text.DL_UART_transmitDataBlocking</name>
         <load_address>0x36bc</load_address>
         <readonly>true</readonly>
         <executable>true</executable>
         <run_address>0x36bc</run_address>
         <size>0x20</size>
         <alignment>0x4</alignment>
         <input_file_ref idref="fl-20"/>
      </object_component>
      <object_component id="oc-1e3">
         <name>.text.DL_Timer_setCaptCompUpdateMethod</name>
         <load_address>0x36dc</load_address>
         <readonly>true</readonly>
         <executable>true</executable>
         <run_address>0x36dc</run_address>
         <size>0x1c</size>
         <alignment>0x4</alignment>
         <input_file_ref idref="fl-1f"/>
      </object_component>
      <object_component id="oc-1e0">
         <name>.text.DL_Timer_setClockConfig</name>
         <load_address>0x36f8</load_address>
         <readonly>true</readonly>
         <executable>true</executable>
         <run_address>0x36f8</run_address>
         <size>0x1c</size>
         <alignment>0x4</alignment>
         <input_file_ref idref="fl-1f"/>
      </object_component>
      <object_component id="oc-ff">
         <name>.text.Motor_Init</name>
         <load_address>0x3714</load_address>
         <readonly>true</readonly>
         <executable>true</executable>
         <run_address>0x3714</run_address>
         <size>0x1c</size>
         <alignment>0x4</alignment>
         <input_file_ref idref="fl-9"/>
      </object_component>
      <object_component id="oc-190">
         <name>.text.SYSCFG_DL_SYSTICK_init</name>
         <load_address>0x3730</load_address>
         <readonly>true</readonly>
         <executable>true</executable>
         <run_address>0x3730</run_address>
         <size>0x1c</size>
         <alignment>0x4</alignment>
         <input_file_ref idref="fl-1"/>
      </object_component>
      <object_component id="oc-f4">
         <name>.text.board_init</name>
         <load_address>0x374c</load_address>
         <readonly>true</readonly>
         <executable>true</executable>
         <run_address>0x374c</run_address>
         <size>0x1c</size>
         <alignment>0x4</alignment>
         <input_file_ref idref="fl-3"/>
      </object_component>
      <object_component id="oc-1e2">
         <name>.text.DL_Timer_setCaptureCompareOutCtl</name>
         <load_address>0x3768</load_address>
         <readonly>true</readonly>
         <executable>true</executable>
         <run_address>0x3768</run_address>
         <size>0x18</size>
         <alignment>0x4</alignment>
         <input_file_ref idref="fl-1f"/>
      </object_component>
      <object_component id="oc-1f1">
         <name>.text.SYSCFG_DL_DMA_GYRO_init</name>
         <load_address>0x3780</load_address>
         <readonly>true</readonly>
         <executable>true</executable>
         <run_address>0x3780</run_address>
         <size>0x18</size>
         <alignment>0x4</alignment>
         <input_file_ref idref="fl-1"/>
      </object_component>
      <object_component id="oc-1eb">
         <name>.text.DL_UART_setClockConfig</name>
         <load_address>0x3798</load_address>
         <readonly>true</readonly>
         <executable>true</executable>
         <run_address>0x3798</run_address>
         <size>0x12</size>
         <alignment>0x2</alignment>
         <input_file_ref idref="fl-20"/>
      </object_component>
      <object_component id="oc-20">
         <name>.text:decompress:none</name>
         <load_address>0x37aa</load_address>
         <readonly>true</readonly>
         <executable>true</executable>
         <run_address>0x37aa</run_address>
         <size>0x12</size>
         <alignment>0x2</alignment>
         <input_file_ref idref="fl-43"/>
      </object_component>
      <object_component id="oc-1b5">
         <name>.text.DL_Timer_setCaptureCompareValue</name>
         <load_address>0x37bc</load_address>
         <readonly>true</readonly>
         <executable>true</executable>
         <run_address>0x37bc</run_address>
         <size>0x10</size>
         <alignment>0x4</alignment>
         <input_file_ref idref="fl-1f"/>
      </object_component>
      <object_component id="oc-5f">
         <name>.text:decompress:ZI</name>
         <load_address>0x37cc</load_address>
         <readonly>true</readonly>
         <executable>true</executable>
         <run_address>0x37cc</run_address>
         <size>0x10</size>
         <alignment>0x2</alignment>
         <input_file_ref idref="fl-42"/>
      </object_component>
      <object_component id="oc-a5">
         <name>.text.__aeabi_memclr</name>
         <load_address>0x37dc</load_address>
         <readonly>true</readonly>
         <executable>true</executable>
         <run_address>0x37dc</run_address>
         <size>0xc</size>
         <alignment>0x4</alignment>
         <input_file_ref idref="fl-115"/>
      </object_component>
      <object_component id="oc-1d3">
         <name>.text.DL_Common_delayCycles</name>
         <load_address>0x37e8</load_address>
         <readonly>true</readonly>
         <executable>true</executable>
         <run_address>0x37e8</run_address>
         <size>0xa</size>
         <alignment>0x2</alignment>
         <input_file_ref idref="fl-1d"/>
      </object_component>
      <object_component id="oc-14b">
         <name>.text.PID_Init</name>
         <load_address>0x37f2</load_address>
         <readonly>true</readonly>
         <executable>true</executable>
         <run_address>0x37f2</run_address>
         <size>0xa</size>
         <alignment>0x2</alignment>
         <input_file_ref idref="fl-d"/>
      </object_component>
      <object_component id="oc-18f">
         <name>.text.SYSCFG_DL_DMA_init</name>
         <load_address>0x37fc</load_address>
         <readonly>true</readonly>
         <executable>true</executable>
         <run_address>0x37fc</run_address>
         <size>0x8</size>
         <alignment>0x2</alignment>
         <input_file_ref idref="fl-1"/>
      </object_component>
      <object_component id="oc-52">
         <name>.text.__aeabi_memcpy</name>
         <load_address>0x3804</load_address>
         <readonly>true</readonly>
         <executable>true</executable>
         <run_address>0x3804</run_address>
         <size>0x8</size>
         <alignment>0x4</alignment>
         <input_file_ref idref="fl-114"/>
      </object_component>
      <object_component id="oc-116">
         <name>.text:abort</name>
         <load_address>0x380c</load_address>
         <readonly>true</readonly>
         <executable>true</executable>
         <run_address>0x380c</run_address>
         <size>0x6</size>
         <alignment>0x2</alignment>
         <input_file_ref idref="fl-4b"/>
      </object_component>
      <object_component id="oc-31">
         <name>.text.Reset_Handler</name>
         <load_address>0x3812</load_address>
         <readonly>true</readonly>
         <executable>true</executable>
         <run_address>0x3812</run_address>
         <size>0x4</size>
         <alignment>0x2</alignment>
         <input_file_ref idref="fl-2"/>
      </object_component>
      <object_component id="oc-aa">
         <name>.text._system_pre_init</name>
         <load_address>0x3816</load_address>
         <readonly>true</readonly>
         <executable>true</executable>
         <run_address>0x3816</run_address>
         <size>0x4</size>
         <alignment>0x2</alignment>
         <input_file_ref idref="fl-40"/>
      </object_component>
      <object_component id="oc-25c">
         <name>.cinit..data.load</name>
         <load_address>0x4470</load_address>
         <readonly>true</readonly>
         <run_address>0x4470</run_address>
         <size>0x2d</size>
         <alignment>0x1</alignment>
      </object_component>
      <object_component id="oc-25a">
         <name>__TI_handler_table</name>
         <load_address>0x44a0</load_address>
         <readonly>true</readonly>
         <run_address>0x44a0</run_address>
         <size>0xc</size>
         <alignment>0x4</alignment>
      </object_component>
      <object_component id="oc-25d">
         <name>.cinit..bss.load</name>
         <load_address>0x44ac</load_address>
         <readonly>true</readonly>
         <run_address>0x44ac</run_address>
         <size>0x8</size>
         <alignment>0x4</alignment>
      </object_component>
      <object_component id="oc-25b">
         <name>__TI_cinit_table</name>
         <load_address>0x44b4</load_address>
         <readonly>true</readonly>
         <run_address>0x44b4</run_address>
         <size>0x10</size>
         <alignment>0x4</alignment>
      </object_component>
      <object_component id="oc-1ae">
         <name>.rodata.OLED_F8x16</name>
         <load_address>0x3820</load_address>
         <readonly>true</readonly>
         <run_address>0x3820</run_address>
         <size>0x5f0</size>
         <alignment>0x1</alignment>
         <input_file_ref idref="fl-c"/>
      </object_component>
      <object_component id="oc-1ab">
         <name>.rodata.OLED_CF16x16</name>
         <load_address>0x3e10</load_address>
         <readonly>true</readonly>
         <run_address>0x3e10</run_address>
         <size>0x309</size>
         <alignment>0x1</alignment>
         <input_file_ref idref="fl-c"/>
      </object_component>
      <object_component id="oc-1ad">
         <name>.rodata.OLED_F6x8</name>
         <load_address>0x4119</load_address>
         <readonly>true</readonly>
         <run_address>0x4119</run_address>
         <size>0x23a</size>
         <alignment>0x1</alignment>
         <input_file_ref idref="fl-c"/>
      </object_component>
      <object_component id="oc-1df">
         <name>.rodata.gSYSPLLConfig</name>
         <load_address>0x4354</load_address>
         <readonly>true</readonly>
         <run_address>0x4354</run_address>
         <size>0x28</size>
         <alignment>0x4</alignment>
         <input_file_ref idref="fl-1"/>
      </object_component>
      <object_component id="oc-214">
         <name>.rodata.gDMA_GYROConfig</name>
         <load_address>0x437c</load_address>
         <readonly>true</readonly>
         <run_address>0x437c</run_address>
         <size>0x18</size>
         <alignment>0x4</alignment>
         <input_file_ref idref="fl-1"/>
      </object_component>
      <object_component id="oc-1e8">
         <name>.rodata.gTIMER_0TimerConfig</name>
         <load_address>0x4394</load_address>
         <readonly>true</readonly>
         <run_address>0x4394</run_address>
         <size>0x14</size>
         <alignment>0x4</alignment>
         <input_file_ref idref="fl-1"/>
      </object_component>
      <object_component id="oc-1ea">
         <name>.rodata.gTIMER_1TimerConfig</name>
         <load_address>0x43a8</load_address>
         <readonly>true</readonly>
         <run_address>0x43a8</run_address>
         <size>0x14</size>
         <alignment>0x4</alignment>
         <input_file_ref idref="fl-1"/>
      </object_component>
      <object_component id="oc-16c">
         <name>.rodata.str1.12615557765740276178.1</name>
         <load_address>0x43bc</load_address>
         <readonly>true</readonly>
         <run_address>0x43bc</run_address>
         <size>0x11</size>
         <alignment>0x1</alignment>
         <input_file_ref idref="fl-8"/>
      </object_component>
      <object_component id="oc-169">
         <name>.rodata.str1.13182386008698490712.1</name>
         <load_address>0x43cd</load_address>
         <readonly>true</readonly>
         <run_address>0x43cd</run_address>
         <size>0x11</size>
         <alignment>0x1</alignment>
         <input_file_ref idref="fl-8"/>
      </object_component>
      <object_component id="oc-16a">
         <name>.rodata.str1.15675623641841497665.1</name>
         <load_address>0x43de</load_address>
         <readonly>true</readonly>
         <run_address>0x43de</run_address>
         <size>0x11</size>
         <alignment>0x1</alignment>
         <input_file_ref idref="fl-8"/>
      </object_component>
      <object_component id="oc-16d">
         <name>.rodata.str1.18249499161485566478.1</name>
         <load_address>0x43ef</load_address>
         <readonly>true</readonly>
         <run_address>0x43ef</run_address>
         <size>0x11</size>
         <alignment>0x1</alignment>
         <input_file_ref idref="fl-8"/>
      </object_component>
      <object_component id="oc-168">
         <name>.rodata.str1.3926273994540286900.1</name>
         <load_address>0x4400</load_address>
         <readonly>true</readonly>
         <run_address>0x4400</run_address>
         <size>0x11</size>
         <alignment>0x1</alignment>
         <input_file_ref idref="fl-8"/>
      </object_component>
      <object_component id="oc-166">
         <name>.rodata.str1.4834687554542568672.1</name>
         <load_address>0x4411</load_address>
         <readonly>true</readonly>
         <run_address>0x4411</run_address>
         <size>0x11</size>
         <alignment>0x1</alignment>
         <input_file_ref idref="fl-8"/>
      </object_component>
      <object_component id="oc-167">
         <name>.rodata.str1.6334097423648547348.1</name>
         <load_address>0x4422</load_address>
         <readonly>true</readonly>
         <run_address>0x4422</run_address>
         <size>0x11</size>
         <alignment>0x1</alignment>
         <input_file_ref idref="fl-8"/>
      </object_component>
      <object_component id="oc-16b">
         <name>.rodata.str1.8447786836664759749.1</name>
         <load_address>0x4433</load_address>
         <readonly>true</readonly>
         <run_address>0x4433</run_address>
         <size>0x11</size>
         <alignment>0x1</alignment>
         <input_file_ref idref="fl-8"/>
      </object_component>
      <object_component id="oc-1ee">
         <name>.rodata.gUART_DEBUGConfig</name>
         <load_address>0x4444</load_address>
         <readonly>true</readonly>
         <run_address>0x4444</run_address>
         <size>0xa</size>
         <alignment>0x2</alignment>
         <input_file_ref idref="fl-1"/>
      </object_component>
      <object_component id="oc-1f0">
         <name>.rodata.gUART_GYROConfig</name>
         <load_address>0x444e</load_address>
         <readonly>true</readonly>
         <run_address>0x444e</run_address>
         <size>0xa</size>
         <alignment>0x2</alignment>
         <input_file_ref idref="fl-1"/>
      </object_component>
      <object_component id="oc-1e5">
         <name>.rodata.gPWM_MOTORConfig</name>
         <load_address>0x4458</load_address>
         <readonly>true</readonly>
         <run_address>0x4458</run_address>
         <size>0x8</size>
         <alignment>0x4</alignment>
         <input_file_ref idref="fl-1"/>
      </object_component>
      <object_component id="oc-1e4">
         <name>.rodata.gPWM_MOTORClockConfig</name>
         <load_address>0x4460</load_address>
         <readonly>true</readonly>
         <run_address>0x4460</run_address>
         <size>0x3</size>
         <alignment>0x1</alignment>
         <input_file_ref idref="fl-1"/>
      </object_component>
      <object_component id="oc-1e7">
         <name>.rodata.gTIMER_0ClockConfig</name>
         <load_address>0x4463</load_address>
         <readonly>true</readonly>
         <run_address>0x4463</run_address>
         <size>0x3</size>
         <alignment>0x1</alignment>
         <input_file_ref idref="fl-1"/>
      </object_component>
      <object_component id="oc-1e9">
         <name>.rodata.gTIMER_1ClockConfig</name>
         <load_address>0x4466</load_address>
         <readonly>true</readonly>
         <run_address>0x4466</run_address>
         <size>0x3</size>
         <alignment>0x1</alignment>
         <input_file_ref idref="fl-1"/>
      </object_component>
      <object_component id="oc-1ed">
         <name>.rodata.gUART_DEBUGClockConfig</name>
         <load_address>0x4469</load_address>
         <readonly>true</readonly>
         <run_address>0x4469</run_address>
         <size>0x2</size>
         <alignment>0x1</alignment>
         <input_file_ref idref="fl-1"/>
      </object_component>
      <object_component id="oc-1ef">
         <name>.rodata.gUART_GYROClockConfig</name>
         <load_address>0x446b</load_address>
         <readonly>true</readonly>
         <run_address>0x446b</run_address>
         <size>0x2</size>
         <alignment>0x1</alignment>
         <input_file_ref idref="fl-1"/>
      </object_component>
      <object_component id="oc-224">
         <name>.binit</name>
         <load_address>0x0</load_address>
         <readonly>true</readonly>
         <run_address>0x0</run_address>
         <size>0x0</size>
         <alignment>0x4</alignment>
      </object_component>
      <object_component id="oc-98">
         <name>.data.Timer0_Flag</name>
         <load_address>0x20202791</load_address>
         <readwrite>true</readwrite>
         <run_address>0x20202791</run_address>
         <size>0x1</size>
         <alignment>0x1</alignment>
         <input_file_ref idref="fl-4"/>
      </object_component>
      <object_component id="oc-a0">
         <name>.data.Timer1_Cnt</name>
         <load_address>0x20202792</load_address>
         <readwrite>true</readwrite>
         <run_address>0x20202792</run_address>
         <size>0x1</size>
         <alignment>0x1</alignment>
         <input_file_ref idref="fl-4"/>
      </object_component>
      <object_component id="oc-9f">
         <name>.data.frame_cnt</name>
         <load_address>0x20202780</load_address>
         <readwrite>true</readwrite>
         <run_address>0x20202780</run_address>
         <size>0x4</size>
         <alignment>0x4</alignment>
         <input_file_ref idref="fl-4"/>
      </object_component>
      <object_component id="oc-115">
         <name>.data.Task_Flag</name>
         <load_address>0x20202790</load_address>
         <readwrite>true</readwrite>
         <run_address>0x20202790</run_address>
         <size>0x1</size>
         <alignment>0x1</alignment>
         <input_file_ref idref="fl-4"/>
      </object_component>
      <object_component id="oc-1a3">
         <name>.data.JY61P_ULOCK_CMD</name>
         <load_address>0x20202771</load_address>
         <readwrite>true</readwrite>
         <run_address>0x20202771</run_address>
         <size>0x5</size>
         <alignment>0x1</alignment>
         <input_file_ref idref="fl-5"/>
      </object_component>
      <object_component id="oc-1a5">
         <name>.data.JY61P_SAVE_CMD</name>
         <load_address>0x2020276c</load_address>
         <readwrite>true</readwrite>
         <run_address>0x2020276c</run_address>
         <size>0x5</size>
         <alignment>0x1</alignment>
         <input_file_ref idref="fl-5"/>
      </object_component>
      <object_component id="oc-1a4">
         <name>.data.JY61P_Z0_CMD</name>
         <load_address>0x20202776</load_address>
         <readwrite>true</readwrite>
         <run_address>0x20202776</run_address>
         <size>0x5</size>
         <alignment>0x1</alignment>
         <input_file_ref idref="fl-5"/>
      </object_component>
      <object_component id="oc-e5">
         <name>.data.Key</name>
         <load_address>0x2020275c</load_address>
         <readwrite>true</readwrite>
         <run_address>0x2020275c</run_address>
         <size>0x10</size>
         <alignment>0x1</alignment>
         <input_file_ref idref="fl-7"/>
      </object_component>
      <object_component id="oc-15a">
         <name>.data.Menu_Flag</name>
         <load_address>0x2020278e</load_address>
         <readwrite>true</readwrite>
         <run_address>0x2020278e</run_address>
         <size>0x2</size>
         <alignment>0x1</alignment>
         <input_file_ref idref="fl-8"/>
      </object_component>
      <object_component id="oc-15b">
         <name>.data.Motor_Target</name>
         <load_address>0x2020277c</load_address>
         <readwrite>true</readwrite>
         <run_address>0x2020277c</run_address>
         <size>0x4</size>
         <alignment>0x4</alignment>
         <input_file_ref idref="fl-9"/>
      </object_component>
      <object_component id="oc-e2">
         <name>.data.EncoderA_Data</name>
         <load_address>0x20202784</load_address>
         <readwrite>true</readwrite>
         <run_address>0x20202784</run_address>
         <size>0x2</size>
         <alignment>0x2</alignment>
         <input_file_ref idref="fl-9"/>
      </object_component>
      <object_component id="oc-e3">
         <name>.data.EncoderB_Data</name>
         <load_address>0x20202788</load_address>
         <readwrite>true</readwrite>
         <run_address>0x20202788</run_address>
         <size>0x2</size>
         <alignment>0x2</alignment>
         <input_file_ref idref="fl-9"/>
      </object_component>
      <object_component id="oc-e4">
         <name>.data.Encoder_readFinishStatus</name>
         <load_address>0x2020277b</load_address>
         <readwrite>true</readwrite>
         <run_address>0x2020277b</run_address>
         <size>0x1</size>
         <alignment>0x1</alignment>
         <input_file_ref idref="fl-9"/>
      </object_component>
      <object_component id="oc-dc">
         <name>.data.EncoderA_DataRead</name>
[...]
      </symbol>
      <symbol id="sm-169">
         <name>Encoder_leftFilter</name>
         <value>0x2020271c</value>
      </symbol>
      <symbol id="sm-16a">
         <name>Encoder_rightFilter</name>
         <value>0x20202726</value>
      </symbol>
      <symbol id="sm-16b">
         <name>Encoder_filterWeight</name>
         <value>0x2020274c</value>
         <object_component_ref idref="oc-e1"/>
      </symbol>
      <symbol id="sm-16c">
         <name>Encoder_readFinishStatus</name>
         <value>0x2020277b</value>
         <object_component_ref idref="oc-e4"/>
      </symbol>
      <symbol id="sm-18b">
         <name>OLED_WriteCommand</name>
         <value>0x34a1</value>
         <object_component_ref idref="oc-146"/>
      </symbol>
      <symbol id="sm-18c">
         <name>OLED_WriteData</name>
         <value>0x27e9</value>
         <object_component_ref idref="oc-147"/>
      </symbol>
      <symbol id="sm-18d">
         <name>OLED_Init</name>
         <value>0x111d</value>
         <object_component_ref idref="oc-f9"/>
      </symbol>
      <symbol id="sm-18e">
         <name>OLED_DisplayBuf</name>
         <value>0x20202000</value>
      </symbol>
      <symbol id="sm-18f">
         <name>OLED_Update</name>
         <value>0x1981</value>
         <object_component_ref idref="oc-165"/>
      </symbol>
      <symbol id="sm-190">
         <name>OLED_ReverseArea</name>
         <value>0x2b79</value>
         <object_component_ref idref="oc-164"/>
      </symbol>
      <symbol id="sm-191">
         <name>OLED_ShowImage</name>
         <value>0x8b5</value>
         <object_component_ref idref="oc-1aa"/>
      </symbol>
      <symbol id="sm-192">
         <name>OLED_ShowString</name>
         <value>0xd69</value>
         <object_component_ref idref="oc-15e"/>
      </symbol>
      <symbol id="sm-193">
         <name>OLED_ShowNum</name>
         <value>0xc1</value>
         <object_component_ref idref="oc-163"/>
      </symbol>
      <symbol id="sm-198">
         <name>OLED_F8x16</name>
         <value>0x3820</value>
         <object_component_ref idref="oc-1ae"/>
      </symbol>
      <symbol id="sm-199">
         <name>OLED_F6x8</name>
         <value>0x4119</value>
         <object_component_ref idref="oc-1ad"/>
      </symbol>
      <symbol id="sm-19a">
         <name>OLED_CF16x16</name>
         <value>0x3e10</value>
         <object_component_ref idref="oc-1ab"/>
      </symbol>
      <symbol id="sm-1ae">
         <name>PID_Init</name>
         <value>0x37f3</value>
         <object_component_ref idref="oc-14b"/>
      </symbol>
      <symbol id="sm-1af">
         <name>PID_PositionalPID</name>
         <value>0x1fc5</value>
         <object_component_ref idref="oc-1b4"/>
      </symbol>
      <symbol id="sm-1b0">
         <name>PID_AnglePID</name>
         <value>0x1f01</value>
         <object_component_ref idref="oc-1bf"/>
      </symbol>
      <symbol id="sm-1b1">
         <name>PID_IncrementalPID</name>
         <value>0x233d</value>
         <object_component_ref idref="oc-1b0"/>
      </symbol>
      <symbol id="sm-1b2">
         <name>PID_SetParameter</name>
         <value>0x30f1</value>
         <object_component_ref idref="oc-151"/>
      </symbol>
      <symbol id="sm-1c0">
         <name>task1</name>
         <value>0x2e21</value>
         <object_component_ref idref="oc-114"/>
      </symbol>
      <symbol id="sm-1c1">
         <name>task2</name>
         <value>0x2e7d</value>
         <object_component_ref idref="oc-10e"/>
      </symbol>
      <symbol id="sm-1d2">
         <name>Track_Scan</name>
         <value>0x4c9</value>
         <object_component_ref idref="oc-1b3"/>
      </symbol>
      <symbol id="sm-1d3">
         <name>Track_PID_Init</name>
         <value>0x34d9</value>
         <object_component_ref idref="oc-103"/>
      </symbol>
      <symbol id="sm-1d4">
         <name>Track_PID</name>
         <value>0x202026a8</value>
      </symbol>
      <symbol id="sm-1d5">
         <name>Track_Position_PID_Work</name>
         <value>0x3511</value>
         <object_component_ref idref="oc-16f"/>
      </symbol>
      <symbol id="sm-1d6">
         <name>__TI_ATRegion0_src_addr</name>
         <value>0x0</value>
      </symbol>
      <symbol id="sm-1d7">
         <name>__TI_ATRegion0_trg_addr</name>
         <value>0x0</value>
      </symbol>
      <symbol id="sm-1d8">
         <name>__TI_ATRegion0_region_sz</name>
         <value>0x0</value>
      </symbol>
      <symbol id="sm-1d9">
         <name>__TI_ATRegion1_src_addr</name>
         <value>0x0</value>
      </symbol>
      <symbol id="sm-1da">
         <name>__TI_ATRegion1_trg_addr</name>
         <value>0x0</value>
      </symbol>
      <symbol id="sm-1db">
         <name>__TI_ATRegion1_region_sz</name>
         <value>0x0</value>
      </symbol>
      <symbol id="sm-1dc">
         <name>__TI_ATRegion2_src_addr</name>
         <value>0x0</value>
      </symbol>
      <symbol id="sm-1dd">
         <name>__TI_ATRegion2_trg_addr</name>
         <value>0x0</value>
      </symbol>
      <symbol id="sm-1de">
         <name>__TI_ATRegion2_region_sz</name>
         <value>0x0</value>
      </symbol>
      <symbol id="sm-1e7">
         <name>DL_Common_delayCycles</name>
         <value>0x37e9</value>
         <object_component_ref idref="oc-1d3"/>
      </symbol>
      <symbol id="sm-1f1">
         <name>DL_DMA_initChannel</name>
         <value>0x2f2d</value>
         <object_component_ref idref="oc-210"/>
      </symbol>
      <symbol id="sm-20d">
         <name>DL_Timer_setClockConfig</name>
         <value>0x36f9</value>
         <object_component_ref idref="oc-1e0"/>
      </symbol>
      <symbol id="sm-20e">
         <name>DL_Timer_initTimerMode</name>
         <value>0x1b81</value>
         <object_component_ref idref="oc-1e6"/>
      </symbol>
      <symbol id="sm-20f">
         <name>DL_Timer_setCaptureCompareValue</name>
         <value>0x37bd</value>
         <object_component_ref idref="oc-1b5"/>
      </symbol>
      <symbol id="sm-210">
         <name>DL_Timer_setCaptCompUpdateMethod</name>
         <value>0x36dd</value>
         <object_component_ref idref="oc-1e3"/>
      </symbol>
      <symbol id="sm-211">
         <name>DL_Timer_setCaptureCompareOutCtl</name>
         <value>0x3769</value>
         <object_component_ref idref="oc-1e2"/>
      </symbol>
      <symbol id="sm-212">
         <name>DL_Timer_initFourCCPWMMode</name>
         <value>0x187d</value>
         <object_component_ref idref="oc-1e1"/>
      </symbol>
      <symbol id="sm-225">
         <name>DL_UART_init</name>
         <value>0x30a9</value>
         <object_component_ref idref="oc-1ec"/>
      </symbol>
      <symbol id="sm-226">
         <name>DL_UART_setClockConfig</name>
         <value>0x3799</value>
         <object_component_ref idref="oc-1eb"/>
      </symbol>
      <symbol id="sm-227">
         <name>DL_UART_transmitDataBlocking</name>
         <value>0x36bd</value>
         <object_component_ref idref="oc-1a1"/>
      </symbol>
      <symbol id="sm-228">
         <name>DL_UART_drainRXFIFO</name>
         <value>0x2ed9</value>
         <object_component_ref idref="oc-8c"/>
      </symbol>
      <symbol id="sm-239">
         <name>DL_SYSCTL_configSYSPLL</name>
         <value>0x1d4d</value>
         <object_component_ref idref="oc-1dd"/>
      </symbol>
      <symbol id="sm-23a">
         <name>DL_SYSCTL_switchMCLKfromSYSOSCtoHSCLK</name>
         <value>0x3139</value>
         <object_component_ref idref="oc-1de"/>
      </symbol>
      <symbol id="sm-23b">
         <name>DL_SYSCTL_setHFCLKSourceHFXTParams</name>
         <value>0x2b15</value>
         <object_component_ref idref="oc-1d7"/>
      </symbol>
      <symbol id="sm-247">
         <name>strcmp</name>
         <value>0x2761</value>
         <object_component_ref idref="oc-1a6"/>
      </symbol>
      <symbol id="sm-252">
         <name>_c_int00_noargs</name>
         <value>0x3671</value>
         <object_component_ref idref="oc-62"/>
      </symbol>
      <symbol id="sm-253">
         <name>__stack</name>
         <value>0x20207e00</value>
         <object_component_ref idref="oc-1a"/>
      </symbol>
      <symbol id="sm-25f">
         <name>__TI_auto_init_nobinit_nopinit</name>
         <value>0x337d</value>
         <object_component_ref idref="oc-11d"/>
      </symbol>
      <symbol id="sm-267">
         <name>_system_pre_init</name>
         <value>0x3817</value>
         <object_component_ref idref="oc-aa"/>
      </symbol>
      <symbol id="sm-272">
         <name>__TI_zero_init</name>
         <value>0x37cd</value>
         <object_component_ref idref="oc-5f"/>
      </symbol>
      <symbol id="sm-27b">
         <name>__TI_decompress_none</name>
         <value>0x37ab</value>
         <object_component_ref idref="oc-20"/>
      </symbol>
      <symbol id="sm-286">
         <name>__TI_decompress_lzss</name>
         <value>0x28e1</value>
         <object_component_ref idref="oc-1c"/>
      </symbol>
      <symbol id="sm-296">
         <name>abort</name>
         <value>0x380d</value>
         <object_component_ref idref="oc-116"/>
      </symbol>
      <symbol id="sm-2a4">
         <name>_sys_memory</name>
         <value>0x20200000</value>
         <object_component_ref idref="oc-2f"/>
      </symbol>
      <symbol id="sm-2ae">
         <name>HOSTexit</name>
         <value>0x275d</value>
         <object_component_ref idref="oc-175"/>
      </symbol>
      <symbol id="sm-2af">
         <name>C$$EXIT</name>
         <value>0x275c</value>
         <object_component_ref idref="oc-175"/>
      </symbol>
      <symbol id="sm-2bf">
         <name>__aeabi_fadd</name>
         <value>0x1e33</value>
         <object_component_ref idref="oc-d4"/>
      </symbol>
      <symbol id="sm-2c0">
         <name>__addsf3</name>
         <value>0x1e33</value>
         <object_component_ref idref="oc-d4"/>
      </symbol>
      <symbol id="sm-2c1">
         <name>__aeabi_fsub</name>
         <value>0x1e29</value>
         <object_component_ref idref="oc-d4"/>
      </symbol>
      <symbol id="sm-2c2">
         <name>__subsf3</name>
         <value>0x1e29</value>
         <object_component_ref idref="oc-d4"/>
      </symbol>
      <symbol id="sm-2c8">
         <name>__aeabi_dmul</name>
         <value>0x1c69</value>
         <object_component_ref idref="oc-88"/>
      </symbol>
      <symbol id="sm-2c9">
         <name>__muldf3</name>
         <value>0x1c69</value>
         <object_component_ref idref="oc-88"/>
      </symbol>
      <symbol id="sm-2cf">
         <name>__muldsi3</name>
         <value>0x33f5</value>
         <object_component_ref idref="oc-c3"/>
      </symbol>
      <symbol id="sm-2d5">
         <name>__aeabi_fmul</name>
         <value>0x2649</value>
         <object_component_ref idref="oc-d0"/>
      </symbol>
      <symbol id="sm-2d6">
         <name>__mulsf3</name>
         <value>0x2649</value>
         <object_component_ref idref="oc-d0"/>
      </symbol>
      <symbol id="sm-2dc">
         <name>__aeabi_ddiv</name>
         <value>0x1771</value>
         <object_component_ref idref="oc-7c"/>
      </symbol>
      <symbol id="sm-2dd">
         <name>__divdf3</name>
         <value>0x1771</value>
         <object_component_ref idref="oc-7c"/>
      </symbol>
      <symbol id="sm-2e3">
         <name>__aeabi_f2d</name>
         <value>0x3285</value>
         <object_component_ref idref="oc-1c0"/>
      </symbol>
      <symbol id="sm-2e4">
         <name>__extendsfdf2</name>
         <value>0x3285</value>
         <object_component_ref idref="oc-1c0"/>
      </symbol>
      <symbol id="sm-2ea">
         <name>__aeabi_d2iz</name>
         <value>0x305d</value>
         <object_component_ref idref="oc-80"/>
      </symbol>
      <symbol id="sm-2eb">
         <name>__fixdfsi</name>
         <value>0x305d</value>
         <object_component_ref idref="oc-80"/>
      </symbol>
      <symbol id="sm-2f1">
         <name>__aeabi_f2iz</name>
         <value>0x3549</value>
         <object_component_ref idref="oc-d8"/>
      </symbol>
      <symbol id="sm-2f2">
         <name>__fixsfsi</name>
         <value>0x3549</value>
         <object_component_ref idref="oc-d8"/>
      </symbol>
      <symbol id="sm-2f8">
         <name>__aeabi_f2uiz</name>
         <value>0x35b5</value>
         <object_component_ref idref="oc-15f"/>
      </symbol>
      <symbol id="sm-2f9">
         <name>__fixunssfsi</name>
         <value>0x35b5</value>
         <object_component_ref idref="oc-15f"/>
      </symbol>
      <symbol id="sm-2ff">
         <name>__aeabi_i2d</name>
         <value>0x3645</value>
         <object_component_ref idref="oc-78"/>
      </symbol>
      <symbol id="sm-300">
         <name>__floatsidf</name>
         <value>0x3645</value>
         <object_component_ref idref="oc-78"/>
      </symbol>
      <symbol id="sm-306">
         <name>__aeabi_i2f</name>
         <value>0x3305</value>
         <object_component_ref idref="oc-cc"/>
      </symbol>
      <symbol id="sm-307">
         <name>__floatsisf</name>
         <value>0x3305</value>
         <object_component_ref idref="oc-cc"/>
      </symbol>
      <symbol id="sm-30e">
         <name>__aeabi_d2f</name>
         <value>0x29d1</value>
         <object_component_ref idref="oc-84"/>
      </symbol>
      <symbol id="sm-30f">
         <name>__truncdfsf2</name>
         <value>0x29d1</value>
         <object_component_ref idref="oc-84"/>
      </symbol>
      <symbol id="sm-315">
         <name>__aeabi_dcmpeq</name>
         <value>0x2bdd</value>
         <object_component_ref idref="oc-1c4"/>
      </symbol>
      <symbol id="sm-316">
         <name>__aeabi_dcmplt</name>
         <value>0x2bf1</value>
         <object_component_ref idref="oc-1c4"/>
      </symbol>
      <symbol id="sm-317">
         <name>__aeabi_dcmple</name>
         <value>0x2c05</value>
         <object_component_ref idref="oc-1c4"/>
      </symbol>
      <symbol id="sm-318">
         <name>__aeabi_dcmpge</name>
         <value>0x2c19</value>
         <object_component_ref idref="oc-1c4"/>
      </symbol>
      <symbol id="sm-319">
         <name>__aeabi_dcmpgt</name>
         <value>0x2c2d</value>
         <object_component_ref idref="oc-1c4"/>
      </symbol>
      <symbol id="sm-31f">
         <name>__aeabi_fcmpeq</name>
         <value>0x2c41</value>
         <object_component_ref idref="oc-1bb"/>
      </symbol>
      <symbol id="sm-320">
         <name>__aeabi_fcmplt</name>
         <value>0x2c55</value>
         <object_component_ref idref="oc-1bb"/>
      </symbol>
      <symbol id="sm-321">
         <name>__aeabi_fcmple</name>
         <value>0x2c69</value>
         <object_component_ref idref="oc-1bb"/>
      </symbol>
      <symbol id="sm-322">
         <name>__aeabi_fcmpge</name>
         <value>0x2c7d</value>
         <object_component_ref idref="oc-1bb"/>
      </symbol>
      <symbol id="sm-323">
         <name>__aeabi_fcmpgt</name>
         <value>0x2c91</value>
         <object_component_ref idref="oc-1bb"/>
      </symbol>
      <symbol id="sm-329">
         <name>__aeabi_memcpy</name>
         <value>0x3805</value>
         <object_component_ref idref="oc-52"/>
      </symbol>
      <symbol id="sm-32a">
         <name>__aeabi_memcpy4</name>
         <value>0x3805</value>
         <object_component_ref idref="oc-52"/>
      </symbol>
      <symbol id="sm-32b">
         <name>__aeabi_memcpy8</name>
         <value>0x3805</value>
         <object_component_ref idref="oc-52"/>
      </symbol>
      <symbol id="sm-332">
         <name>__aeabi_memclr</name>
         <value>0x37dd</value>
         <object_component_ref idref="oc-a5"/>
      </symbol>
      <symbol id="sm-333">
         <name>__aeabi_memclr4</name>
         <value>0x37dd</value>
         <object_component_ref idref="oc-a5"/>
      </symbol>
      <symbol id="sm-334">
         <name>__aeabi_memclr8</name>
         <value>0x37dd</value>
         <object_component_ref idref="oc-a5"/>
      </symbol>
      <symbol id="sm-33a">
         <name>__aeabi_uidiv</name>
         <value>0x3245</value>
         <object_component_ref idref="oc-74"/>
      </symbol>
      <symbol id="sm-33b">
         <name>__aeabi_uidivmod</name>
         <value>0x3245</value>
         <object_component_ref idref="oc-74"/>
      </symbol>
      <symbol id="sm-344">
         <name>__eqsf2</name>
         <value>0x33b9</value>
         <object_component_ref idref="oc-1fb"/>
      </symbol>
      <symbol id="sm-345">
         <name>__lesf2</name>
         <value>0x33b9</value>
         <object_component_ref idref="oc-1fb"/>
      </symbol>
      <symbol id="sm-346">
         <name>__ltsf2</name>
         <value>0x33b9</value>
         <object_component_ref idref="oc-1fb"/>
      </symbol>
      <symbol id="sm-347">
         <name>__nesf2</name>
         <value>0x33b9</value>
         <object_component_ref idref="oc-1fb"/>
      </symbol>
      <symbol id="sm-348">
         <name>__cmpsf2</name>
         <value>0x33b9</value>
         <object_component_ref idref="oc-1fb"/>
      </symbol>
      <symbol id="sm-349">
         <name>__gtsf2</name>
         <value>0x3341</value>
         <object_component_ref idref="oc-200"/>
      </symbol>
      <symbol id="sm-34a">
         <name>__gesf2</name>
         <value>0x3341</value>
         <object_component_ref idref="oc-200"/>
      </symbol>
      <symbol id="sm-358">
         <name>__ledf2</name>
         <value>0x2aad</value>
         <object_component_ref idref="oc-203"/>
      </symbol>
      <symbol id="sm-359">
         <name>__gedf2</name>
         <value>0x295d</value>
         <object_component_ref idref="oc-209"/>
      </symbol>
      <symbol id="sm-35a">
         <name>__cmpdf2</name>
         <value>0x2aad</value>
         <object_component_ref idref="oc-203"/>
      </symbol>
      <symbol id="sm-35b">
         <name>__eqdf2</name>
         <value>0x2aad</value>
         <object_component_ref idref="oc-203"/>
      </symbol>
      <symbol id="sm-35c">
         <name>__ltdf2</name>
         <value>0x2aad</value>
         <object_component_ref idref="oc-203"/>
      </symbol>
      <symbol id="sm-35d">
         <name>__nedf2</name>
         <value>0x2aad</value>
         <object_component_ref idref="oc-203"/>
      </symbol>
      <symbol id="sm-35e">
         <name>__gtdf2</name>
         <value>0x295d</value>
         <object_component_ref idref="oc-209"/>
      </symbol>
      <symbol id="sm-368">
         <name>__aeabi_idiv0</name>
         <value>0x2c3f</value>
         <object_component_ref idref="oc-b9"/>
      </symbol>
      <symbol id="sm-381">
         <name>memcpy</name>
         <value>0x2489</value>
         <object_component_ref idref="oc-ef"/>
      </symbol>
      <symbol id="sm-390">
         <name>memset</name>
         <value>0x2ca3</value>
         <object_component_ref idref="oc-13d"/>
      </symbol>
      <symbol id="sm-391">
         <name>__TI_static_base__</name>
         <value>0x0</value>
      </symbol>
      <symbol id="sm-394">
         <name>__mpu_init</name>
         <value>0x0</value>
      </symbol>
      <symbol id="sm-395">
         <name>_system_post_cinit</name>
         <value>0x0</value>
      </symbol>
   </symbol_table>
   <title>Link successful</title>
</link_info>
