******************************************************************************
            TI ARM Clang Linker PC v4.0.3                      
******************************************************************************
>> Linked Sun Jul 27 22:46:36 2025

OUTPUT FILE NAME:   <24_H.out>
ENTRY POINT SYMBOL: "_c_int00_noargs"  address: 00003671


MEMORY CONFIGURATION

         name            origin    length      used     unused   attr    fill
----------------------  --------  ---------  --------  --------  ----  --------
  FLASH                 00000000   00020000  000044c8  0001bb38  R  X
  SRAM                  20200000   00008000  00002993  0000566d  RW X
  BCR_CONFIG            41c00000   000000ff  00000000  000000ff  R   
  BSL_CONFIG            41c00100   00000080  00000000  00000080  R   


SEGMENT ALLOCATION MAP

run origin  load origin   length   init length attrs members
----------  ----------- ---------- ----------- ----- -------
00000000    00000000    000044c8   000044c8    r-x
  00000000    00000000    000000c0   000000c0    r-- .intvecs
  000000c0    000000c0    00003760   00003760    r-x .text
  00003820    00003820    00000c50   00000c50    r-- .rodata
  00004470    00004470    00000058   00000058    r-- .cinit
20200000    20200000    00002793   00000000    rw-
  20200000    20200000    00002000   00000000    rw- .sysmem
  20202000    20202000    0000074c   00000000    rw- .bss
  2020274c    2020274c    00000047   00000000    rw- .data
20207e00    20207e00    00000200   00000000    rw-
  20207e00    20207e00    00000200   00000000    rw- .stack


SECTION ALLOCATION MAP

 output                                  attributes/
section   page    origin      length       input sections
--------  ----  ----------  ----------   ----------------
.intvecs   0    00000000    000000c0     
                  00000000    000000c0     startup_mspm0g350x_ticlang.o (.intvecs)

.text      0    000000c0    00003760     
                  000000c0    00000408     bsp_oled.o (.text.OLED_ShowNum)
                  000004c8    000003ec     bsp_track.o (.text.Track_Scan)
                  000008b4    00000264     bsp_oled.o (.text.OLED_ShowImage)
                  00000b18    00000250     bsp_gyro.o (.text.UART1_IRQHandler)
                  00000d68    000001f0     bsp_oled.o (.text.OLED_ShowString)
                  00000f58    000001c4     bsp_motor.o (.text.Encoder_SpeedRead)
                  0000111c    0000019c     bsp_oled.o (.text.OLED_Init)
                  000012b8    00000154     bsp_key.o (.text.Key_Scan)
                  0000140c    0000013c     bsp_iic.o (.text.Send_Byte)
                  00001548    0000011c     bsp_menu.o (.text.Menu_Show)
                  00001664    0000010c     bsp_menu.o (.text.Menu_Set)
                  00001770    0000010c     libclang_rt.builtins.a : divdf3.S.obj (.text.__divdf3)
                  0000187c    00000104     driverlib.a : dl_timer.o (.text.DL_Timer_initFourCCPWMMode)
                  00001980    00000104     bsp_oled.o (.text.OLED_Update)
                  00001a84    000000fc     ti_msp_dl_config.o (.text.SYSCFG_DL_GPIO_init)
                  00001b80    000000e8     driverlib.a : dl_timer.o (.text.DL_Timer_initTimerMode)
                  00001c68    000000e4     libclang_rt.builtins.a : muldf3.S.obj (.text.__muldf3)
                  00001d4c    000000dc     driverlib.a : dl_sysctl_mspm0g1x0x_g3x0x.o (.text.DL_SYSCTL_configSYSPLL)
                  00001e28    000000d8     libclang_rt.builtins.a : addsf3.S.obj (.text)
                  00001f00    000000c4     bsp_pid.o (.text.PID_AnglePID)
                  00001fc4    000000c4     bsp_pid.o (.text.PID_PositionalPID)
                  00002088    000000b0     bsp_iic.o (.text.IIC_WaitAck)
                  00002138    000000b0     ti_msp_dl_config.o (.text.SYSCFG_DL_UART_GYRO_init)
                  000021e8    000000ac     bsp_gyro.o (.text.Gyro_Angle_PID_Work)
                  00002294    000000a8     bsp_gyro.o (.text.Gyro_YawZero)
                  0000233c    000000a8     bsp_pid.o (.text.PID_IncrementalPID)
                  000023e4    000000a4     main.o (.text.main)
                  00002488    0000009a     libc.a : memcpy16.S.obj (.text:memcpy)
                  00002522    00000002     startup_mspm0g350x_ticlang.o (.text.Default_Handler)
                  00002524    00000094     ti_msp_dl_config.o (.text.SYSCFG_DL_PWM_MOTOR_init)
                  000025b8    00000090     bsp_motor.o (.text.Motor_Velocity_PID_Work)
                  00002648    0000008c     libclang_rt.builtins.a : mulsf3.S.obj (.text.__mulsf3)
                  000026d4    00000088     bsp_motor.o (.text.GROUP1_IRQHandler)
                  0000275c    00000004     libsysbm.a : hostexit.c.obj (.text.HOSTexit)
                  00002760    00000088     libc.a : strcmp-armv6m.S.obj (.text:strcmp)
                  000027e8    0000007c     bsp_oled.o (.text.OLED_WriteData)
                  00002864    0000007c     ti_msp_dl_config.o (.text.SYSCFG_DL_SYSCTL_init)
                  000028e0    0000007c     libc.a : copy_decompress_lzss.c.obj (.text:decompress:lzss)
                  0000295c    00000074     libclang_rt.builtins.a : comparedf2.c.obj (.text.__gedf2)
                  000029d0    00000074                            : truncdfsf2.S.obj (.text.__truncdfsf2)
                  00002a44    00000068     bsp_motor.o (.text.Motor_SetSpeed)
                  00002aac    00000068     libclang_rt.builtins.a : comparedf2.c.obj (.text.__ledf2)
                  00002b14    00000064     driverlib.a : dl_sysctl_mspm0g1x0x_g3x0x.o (.text.DL_SYSCTL_setHFCLKSourceHFXTParams)
                  00002b78    00000064     bsp_oled.o (.text.OLED_ReverseArea)
                  00002bdc    00000062     libclang_rt.builtins.a : aeabi_dcmp.S.obj (.text.__aeabi_dcmp)
                  00002c3e    00000002                            : aeabi_div0.c.obj (.text.__aeabi_idiv0)
                  00002c40    00000062                            : aeabi_fcmp.S.obj (.text.__aeabi_fcmp)
                  00002ca2    00000062     libc.a : memset16.S.obj (.text:memset)
                  00002d04    00000060     ti_msp_dl_config.o (.text.SYSCFG_DL_UART_DEBUG_init)
                  00002d64    00000060     ti_msp_dl_config.o (.text.SYSCFG_DL_initPower)
                  00002dc4    0000005c     bsp_motor.o (.text.Motor_PID_Init)
                  00002e20    0000005c     bsp_task.o (.text.task1)
                  00002e7c    0000005c     bsp_task.o (.text.task2)
                  00002ed8    00000054     driverlib.a : dl_uart.o (.text.DL_UART_drainRXFIFO)
                  00002f2c    0000004c                 : dl_dma.o (.text.DL_DMA_initChannel)
                  00002f78    0000004c     ti_msp_dl_config.o (.text.SYSCFG_DL_TIMER_0_init)
                  00002fc4    0000004c     ti_msp_dl_config.o (.text.SYSCFG_DL_TIMER_1_init)
                  00003010    0000004c     ti_msp_dl_config.o (.text.SYSCFG_DL_init)
                  0000305c    0000004a     libclang_rt.builtins.a : fixdfsi.S.obj (.text.__fixdfsi)
                  000030a6    00000002     --HOLE-- [fill = 0]
                  000030a8    00000048     driverlib.a : dl_uart.o (.text.DL_UART_init)
                  000030f0    00000048     bsp_pid.o (.text.PID_SetParameter)
                  00003138    00000044     driverlib.a : dl_sysctl_mspm0g1x0x_g3x0x.o (.text.DL_SYSCTL_switchMCLKfromSYSOSCtoHSCLK)
                  0000317c    00000044     bsp_motor.o (.text.Motor_Stop)
                  000031c0    00000044     board.o (.text.delay_ms)
                  00003204    00000040     bsp_iic.o (.text.IIC_Start)
                  00003244    00000040     libclang_rt.builtins.a : aeabi_uidivmod.S.obj (.text.__aeabi_uidivmod)
                  00003284    00000040                            : extendsfdf2.S.obj (.text.__extendsfdf2)
                  000032c4    00000040     board.o (.text.delay_us)
                  00003304    0000003c     libclang_rt.builtins.a : floatsisf.S.obj (.text.__floatsisf)
                  00003340    0000003c                            : comparesf2.S.obj (.text.__gtsf2)
                  0000337c    0000003c     libc.a : autoinit.c.obj (.text:__TI_auto_init_nobinit_nopinit)
                  000033b8    0000003a     libclang_rt.builtins.a : comparesf2.S.obj (.text.__eqsf2)
                  000033f2    00000002     --HOLE-- [fill = 0]
                  000033f4    0000003a                            : muldsi3.S.obj (.text.__muldsi3)
                  0000342e    00000002     --HOLE-- [fill = 0]
                  00003430    00000038     bsp_gyro.o (.text.Gyro_Init)
                  00003468    00000038     bsp_gyro.o (.text.Gyro_PID_Init)
                  000034a0    00000038     bsp_oled.o (.text.OLED_WriteCommand)
                  000034d8    00000038     bsp_track.o (.text.Track_PID_Init)
                  00003510    00000038     bsp_track.o (.text.Track_Position_PID_Work)
                  00003548    00000038     libclang_rt.builtins.a : fixsfsi.S.obj (.text.__fixsfsi)
                  00003580    00000034     bsp_iic.o (.text.IIC_Stop)
                  000035b4    00000032     libclang_rt.builtins.a : fixunssfsi.S.obj (.text.__fixunssfsi)
                  000035e6    00000002     --HOLE-- [fill = 0]
                  000035e8    00000030     main.o (.text.TIMA1_IRQHandler)
                  00003618    0000002c     bsp_motor.o (.text.Encoder_GetCnt)
                  00003644    0000002c     libclang_rt.builtins.a : floatsidf.S.obj (.text.__floatsidf)
                  00003670    00000028     libc.a : boot_cortex_m.c.obj (.text:_c_int00_noargs)
                  00003698    00000024     main.o (.text.TIMA0_IRQHandler)
                  000036bc    00000020     driverlib.a : dl_uart.o (.text.DL_UART_transmitDataBlocking)
                  000036dc    0000001c                 : dl_timer.o (.text.DL_Timer_setCaptCompUpdateMethod)
                  000036f8    0000001c                 : dl_timer.o (.text.DL_Timer_setClockConfig)
                  00003714    0000001c     bsp_motor.o (.text.Motor_Init)
                  00003730    0000001c     ti_msp_dl_config.o (.text.SYSCFG_DL_SYSTICK_init)
                  0000374c    0000001c     board.o (.text.board_init)
                  00003768    00000018     driverlib.a : dl_timer.o (.text.DL_Timer_setCaptureCompareOutCtl)
                  00003780    00000018     ti_msp_dl_config.o (.text.SYSCFG_DL_DMA_GYRO_init)
                  00003798    00000012     driverlib.a : dl_uart.o (.text.DL_UART_setClockConfig)
                  000037aa    00000012     libc.a : copy_decompress_none.c.obj (.text:decompress:none)
                  000037bc    00000010     driverlib.a : dl_timer.o (.text.DL_Timer_setCaptureCompareValue)
                  000037cc    00000010     libc.a : copy_zero_init.c.obj (.text:decompress:ZI)
                  000037dc    0000000c     libclang_rt.builtins.a : aeabi_memset.S.obj (.text.__aeabi_memclr)
                  000037e8    0000000a     driverlib.a : dl_common.o (.text.DL_Common_delayCycles)
                  000037f2    0000000a     bsp_pid.o (.text.PID_Init)
                  000037fc    00000008     ti_msp_dl_config.o (.text.SYSCFG_DL_DMA_init)
                  00003804    00000008     libclang_rt.builtins.a : aeabi_memcpy.S.obj (.text.__aeabi_memcpy)
                  0000380c    00000006     libc.a : exit.c.obj (.text:abort)
                  00003812    00000004     startup_mspm0g350x_ticlang.o (.text.Reset_Handler)
                  00003816    00000004     libc.a : pre_init.c.obj (.text._system_pre_init)
                  0000381a    00000006     --HOLE-- [fill = 0]

.cinit     0    00004470    00000058     
                  00004470    0000002d     (.cinit..data.load) [load image, compression = lzss]
                  0000449d    00000003     --HOLE-- [fill = 0]
                  000044a0    0000000c     (__TI_handler_table)
                  000044ac    00000008     (.cinit..bss.load) [load image, compression = zero_init]
                  000044b4    00000010     (__TI_cinit_table)
                  000044c4    00000004     --HOLE-- [fill = 0]

.rodata    0    00003820    00000c50     
                  00003820    000005f0     bsp_oled_data.o (.rodata.OLED_F8x16)
                  00003e10    00000309     bsp_oled_data.o (.rodata.OLED_CF16x16)
                  00004119    0000023a     bsp_oled_data.o (.rodata.OLED_F6x8)
                  00004353    00000001     --HOLE-- [fill = 0]
                  00004354    00000028     ti_msp_dl_config.o (.rodata.gSYSPLLConfig)
                  0000437c    00000018     ti_msp_dl_config.o (.rodata.gDMA_GYROConfig)
                  00004394    00000014     ti_msp_dl_config.o (.rodata.gTIMER_0TimerConfig)
                  000043a8    00000014     ti_msp_dl_config.o (.rodata.gTIMER_1TimerConfig)
                  000043bc    00000011     bsp_menu.o (.rodata.str1.12615557765740276178.1)
                  000043cd    00000011     bsp_menu.o (.rodata.str1.13182386008698490712.1)
                  000043de    00000011     bsp_menu.o (.rodata.str1.15675623641841497665.1)
                  000043ef    00000011     bsp_menu.o (.rodata.str1.18249499161485566478.1)
                  00004400    00000011     bsp_menu.o (.rodata.str1.3926273994540286900.1)
                  00004411    00000011     bsp_menu.o (.rodata.str1.4834687554542568672.1)
                  00004422    00000011     bsp_menu.o (.rodata.str1.6334097423648547348.1)
                  00004433    00000011     bsp_menu.o (.rodata.str1.8447786836664759749.1)
                  00004444    0000000a     ti_msp_dl_config.o (.rodata.gUART_DEBUGConfig)
                  0000444e    0000000a     ti_msp_dl_config.o (.rodata.gUART_GYROConfig)
                  00004458    00000008     ti_msp_dl_config.o (.rodata.gPWM_MOTORConfig)
                  00004460    00000003     ti_msp_dl_config.o (.rodata.gPWM_MOTORClockConfig)
                  00004463    00000003     ti_msp_dl_config.o (.rodata.gTIMER_0ClockConfig)
                  00004466    00000003     ti_msp_dl_config.o (.rodata.gTIMER_1ClockConfig)
                  00004469    00000002     ti_msp_dl_config.o (.rodata.gUART_DEBUGClockConfig)
                  0000446b    00000002     ti_msp_dl_config.o (.rodata.gUART_GYROClockConfig)
                  0000446d    00000003     --HOLE-- [fill = 0]

.init_array 
*          0    00000000    00000000     UNINITIALIZED

.binit     0    00000000    00000000     

.sysmem    0    20200000    00002000     UNINITIALIZED
                  20200000    00000010     libc.a : memory.c.obj (.sysmem)
                  20200010    00001ff0     --HOLE--

.bss       0    20202000    0000074c     UNINITIALIZED
                  20202000    00000400     (.common:OLED_DisplayBuf)
                  20202400    000000bc     (.common:gTIMER_0Backup)
                  202024bc    000000bc     (.common:gTIMER_1Backup)
                  20202578    000000a0     (.common:gPWM_MOTORBackup)
                  20202618    00000030     (.common:Gyro_PID)
                  20202648    00000030     (.common:MotorA_PID)
                  20202678    00000030     (.common:MotorB_PID)
                  202026a8    00000030     (.common:Track_PID)
                  202026d8    00000021     (.common:Gyro_DMA_Buffer)
                  202026f9    00000003     --HOLE--
                  202026fc    00000020     (.common:Gyro_Data)
                  2020271c    0000000a     (.common:Encoder_leftFilter)
                  20202726    0000000a     (.common:Encoder_rightFilter)
                  20202730    00000004     (.common:EncoderA_Cnt)
                  20202734    00000004     (.common:EncoderB_Cnt)
                  20202738    00000004     (.common:Get_Encoder_CountA)
                  2020273c    00000004     (.common:Get_Encoder_CountB)
                  20202740    00000004     (.common:PWMA)
                  20202744    00000004     (.common:PWMB)
                  20202748    00000004     (.common:gpio_interrup)

.data      0    2020274c    00000047     UNINITIALIZED
                  2020274c    00000010     bsp_motor.o (.data.Encoder_filterWeight)
                  2020275c    00000010     bsp_key.o (.data.Key)
                  2020276c    00000005     bsp_gyro.o (.data.JY61P_SAVE_CMD)
                  20202771    00000005     bsp_gyro.o (.data.JY61P_ULOCK_CMD)
                  20202776    00000005     bsp_gyro.o (.data.JY61P_Z0_CMD)
                  2020277b    00000001     bsp_motor.o (.data.Encoder_readFinishStatus)
                  2020277c    00000004     bsp_motor.o (.data.Motor_Target)
                  20202780    00000004     main.o (.data.frame_cnt)
                  20202784    00000002     bsp_motor.o (.data.EncoderA_Data)
                  20202786    00000002     bsp_motor.o (.data.EncoderA_DataRead)
                  20202788    00000002     bsp_motor.o (.data.EncoderB_Data)
                  2020278a    00000002     bsp_motor.o (.data.EncoderB_DataRead)
                  2020278c    00000002     bsp_motor.o (.data.Encoder_dataPointer)
                  2020278e    00000002     bsp_menu.o (.data.Menu_Flag)
                  20202790    00000001     main.o (.data.Task_Flag)
                  20202791    00000001     main.o (.data.Timer0_Flag)
                  20202792    00000001     main.o (.data.Timer1_Cnt)

.stack     0    20207e00    00000200     UNINITIALIZED
                  20207e00    00000004     libc.a : boot_cortex_m.c.obj (.stack)
                  20207e04    000001fc     --HOLE--

__llvm_prf_cnts 
*          0    20200000    00000000     UNINITIALIZED

__llvm_prf_bits 
*          0    20200000    00000000     UNINITIALIZED

MODULE SUMMARY

       Module                         code    ro data   rw data
       ------                         ----    -------   -------
    .\
       ti_msp_dl_config.o             1180    145       536    
       main.o                         248     0         7      
       startup_mspm0g350x_ticlang.o   6       192       0      
       board.o                        160     0         0      
    +--+------------------------------+-------+---------+---------+
       Total:                         1594    337       543    
                                                               
    .\BSP\
       bsp_oled.o                     3092    0         1024   
       bsp_oled_data.o                0       2867      0      
       bsp_motor.o                    1068    0         175    
       bsp_gyro.o                     1044    0         128    
       bsp_track.o                    1116    0         48     
       bsp_menu.o                     552     136       2      
       bsp_pid.o                      642     0         0      
       bsp_iic.o                      608     0         0      
       bsp_key.o                      340     0         16     
       bsp_task.o                     184     0         0      
    +--+------------------------------+-------+---------+---------+
       Total:                         8646    3003      1393   
                                                               
    C:/ti/mspm0_sdk_2_05_01_00/source/ti/driverlib/lib/ticlang/m0p/mspm0g1x0x_g3x0x/driverlib.a
       dl_timer.o                     588     0         0      
       dl_sysctl_mspm0g1x0x_g3x0x.o   388     0         0      
       dl_uart.o                      206     0         0      
       dl_dma.o                       76      0         0      
       dl_common.o                    10      0         0      
    +--+------------------------------+-------+---------+---------+
       Total:                         1268    0         0      
                                                               
    D:\ti\CCS2020\ccs\tools\compiler\ti-cgt-armllvm_4.0.3.LTS\lib\armv6m-ti-none-eabi/c/libc.a
       memcpy16.S.obj                 154     0         0      
       strcmp-armv6m.S.obj            136     0         0      
       copy_decompress_lzss.c.obj     124     0         0      
       memset16.S.obj                 98      0         0      
       autoinit.c.obj                 60      0         0      
       boot_cortex_m.c.obj            40      0         0      
       copy_decompress_none.c.obj     18      0         0      
       copy_zero_init.c.obj           16      0         0      
       exit.c.obj                     6       0         0      
       pre_init.c.obj                 4       0         0      
    +--+------------------------------+-------+---------+---------+
       Total:                         656     0         0      
                                                               
    D:\ti\CCS2020\ccs\tools\compiler\ti-cgt-armllvm_4.0.3.LTS\lib\armv6m-ti-none-eabi/c/libsysbm.a
       hostexit.c.obj                 4       0         0      
    +--+------------------------------+-------+---------+---------+
       Total:                         4       0         0      
                                                               
    D:\ti\CCS2020\ccs\tools\compiler\ti-cgt-armllvm_4.0.3.LTS\lib\armv6m-ti-none-eabi/libclang_rt.builtins.a
       divdf3.S.obj                   268     0         0      
       muldf3.S.obj                   228     0         0      
       comparedf2.c.obj               220     0         0      
       addsf3.S.obj                   216     0         0      
       mulsf3.S.obj                   140     0         0      
       comparesf2.S.obj               118     0         0      
       truncdfsf2.S.obj               116     0         0      
       aeabi_dcmp.S.obj               98      0         0      
       aeabi_fcmp.S.obj               98      0         0      
       fixdfsi.S.obj                  74      0         0      
       aeabi_uidivmod.S.obj           64      0         0      
       extendsfdf2.S.obj              64      0         0      
       floatsisf.S.obj                60      0         0      
       muldsi3.S.obj                  58      0         0      
       fixsfsi.S.obj                  56      0         0      
       fixunssfsi.S.obj               50      0         0      
       floatsidf.S.obj                44      0         0      
       aeabi_memset.S.obj             12      0         0      
       aeabi_memcpy.S.obj             8       0         0      
       aeabi_div0.c.obj               2       0         0      
    +--+------------------------------+-------+---------+---------+
       Total:                         1994    0         0      
                                                               
       Heap:                          0       0         8192   
       Stack:                         0       0         512    
       Linker Generated:              0       81        0      
    +--+------------------------------+-------+---------+---------+
       Grand Total:                   14162   3421      10640  


LINKER GENERATED COPY TABLES

__TI_cinit_table @ 000044b4 records: 2, size/record: 8, table size: 16
	.data: load addr=00004470, load size=0000002d bytes, run addr=2020274c, run size=00000047 bytes, compression=lzss
	.bss: load addr=000044ac, load size=00000008 bytes, run addr=20202000, run size=0000074c bytes, compression=zero_init


LINKER GENERATED HANDLER TABLE

__TI_handler_table @ 000044a0 records: 3, size/record: 4, table size: 12
	index: 0, handler: __TI_decompress_lzss
	index: 1, handler: __TI_decompress_none
	index: 2, handler: __TI_zero_init


GLOBAL SYMBOLS: SORTED ALPHABETICALLY BY Name 

address   name                                 
-------   ----                                 
00002523  ADC0_IRQHandler                      
00002523  ADC1_IRQHandler                      
00002523  AES_IRQHandler                       
0000275c  C$$EXIT                              
00002523  CANFD0_IRQHandler                    
00002523  DAC0_IRQHandler                      
000037e9  DL_Common_delayCycles                
00002f2d  DL_DMA_initChannel                   
00001d4d  DL_SYSCTL_configSYSPLL               
00002b15  DL_SYSCTL_setHFCLKSourceHFXTParams   
00003139  DL_SYSCTL_switchMCLKfromSYSOSCtoHSCLK
0000187d  DL_Timer_initFourCCPWMMode           
00001b81  DL_Timer_initTimerMode               
000036dd  DL_Timer_setCaptCompUpdateMethod     
00003769  DL_Timer_setCaptureCompareOutCtl     
000037bd  DL_Timer_setCaptureCompareValue      
000036f9  DL_Timer_setClockConfig              
00002ed9  DL_UART_drainRXFIFO                  
000030a9  DL_UART_init                         
00003799  DL_UART_setClockConfig               
000036bd  DL_UART_transmitDataBlocking         
00002523  DMA_IRQHandler                       
00002523  Default_Handler                      
20202730  EncoderA_Cnt                         
20202784  EncoderA_Data                        
20202786  EncoderA_DataRead                    
20202734  EncoderB_Cnt                         
20202788  EncoderB_Data                        
2020278a  EncoderB_DataRead                    
00003619  Encoder_GetCnt                       
00000f59  Encoder_SpeedRead                    
2020278c  Encoder_dataPointer                  
2020274c  Encoder_filterWeight                 
2020271c  Encoder_leftFilter                   
2020277b  Encoder_readFinishStatus             
20202726  Encoder_rightFilter                  
00002523  GROUP0_IRQHandler                    
000026d5  GROUP1_IRQHandler                    
20202738  Get_Encoder_CountA                   
2020273c  Get_Encoder_CountB                   
000021e9  Gyro_Angle_PID_Work                  
202026d8  Gyro_DMA_Buffer                      
202026fc  Gyro_Data                            
00003431  Gyro_Init                            
20202618  Gyro_PID                             
00003469  Gyro_PID_Init                        
00002295  Gyro_YawZero                         
0000275d  HOSTexit                             
00002523  HardFault_Handler                    
00002523  I2C0_IRQHandler                      
00002523  I2C1_IRQHandler                      
00003205  IIC_Start                            
00003581  IIC_Stop                             
00002089  IIC_WaitAck                          
2020276c  JY61P_SAVE_CMD                       
20202771  JY61P_ULOCK_CMD                      
20202776  JY61P_Z0_CMD                         
2020275c  Key                                  
000012b9  Key_Scan                             
2020278e  Menu_Flag                            
00001665  Menu_Set                             
00001549  Menu_Show                            
20202648  MotorA_PID                           
20202678  MotorB_PID                           
00003715  Motor_Init                           
00002dc5  Motor_PID_Init                       
00002a45  Motor_SetSpeed                       
0000317d  Motor_Stop                           
2020277c  Motor_Target                         
000025b9  Motor_Velocity_PID_Work              
00002523  NMI_Handler                          
00003e10  OLED_CF16x16                         
20202000  OLED_DisplayBuf                      
00004119  OLED_F6x8                            
00003820  OLED_F8x16                           
0000111d  OLED_Init                            
00002b79  OLED_ReverseArea                     
000008b5  OLED_ShowImage                       
000000c1  OLED_ShowNum                         
00000d69  OLED_ShowString                      
00001981  OLED_Update                          
000034a1  OLED_WriteCommand                    
000027e9  OLED_WriteData                       
00001f01  PID_AnglePID                         
0000233d  PID_IncrementalPID                   
000037f3  PID_Init                             
00001fc5  PID_PositionalPID                    
000030f1  PID_SetParameter                     
20202740  PWMA                                 
20202744  PWMB                                 
00002523  PendSV_Handler                       
00002523  RTC_IRQHandler                       
00003813  Reset_Handler                        
00002523  SPI0_IRQHandler                      
00002523  SPI1_IRQHandler                      
00002523  SVC_Handler                          
00003781  SYSCFG_DL_DMA_GYRO_init              
000037fd  SYSCFG_DL_DMA_init                   
00001a85  SYSCFG_DL_GPIO_init                  
00002525  SYSCFG_DL_PWM_MOTOR_init             
00002865  SYSCFG_DL_SYSCTL_init                
00003731  SYSCFG_DL_SYSTICK_init               
00002f79  SYSCFG_DL_TIMER_0_init               
00002fc5  SYSCFG_DL_TIMER_1_init               
00002d05  SYSCFG_DL_UART_DEBUG_init            
00002139  SYSCFG_DL_UART_GYRO_init             
00003011  SYSCFG_DL_init                       
00002d65  SYSCFG_DL_initPower                  
0000140d  Send_Byte                            
00002523  SysTick_Handler                      
00003699  TIMA0_IRQHandler                     
000035e9  TIMA1_IRQHandler                     
00002523  TIMG0_IRQHandler                     
00002523  TIMG12_IRQHandler                    
00002523  TIMG6_IRQHandler                     
00002523  TIMG7_IRQHandler                     
00002523  TIMG8_IRQHandler                     
20202790  Task_Flag                            
20202791  Timer0_Flag                          
20202792  Timer1_Cnt                           
202026a8  Track_PID                            
000034d9  Track_PID_Init                       
00003511  Track_Position_PID_Work              
000004c9  Track_Scan                           
00002523  UART0_IRQHandler                     
00000b19  UART1_IRQHandler                     
00002523  UART2_IRQHandler                     
00002523  UART3_IRQHandler                     
20208000  __STACK_END                          
00000200  __STACK_SIZE                         
00002000  __SYSMEM_SIZE                        
00000000  __TI_ATRegion0_region_sz             
00000000  __TI_ATRegion0_src_addr              
00000000  __TI_ATRegion0_trg_addr              
00000000  __TI_ATRegion1_region_sz             
00000000  __TI_ATRegion1_src_addr              
00000000  __TI_ATRegion1_trg_addr              
00000000  __TI_ATRegion2_region_sz             
00000000  __TI_ATRegion2_src_addr              
00000000  __TI_ATRegion2_trg_addr              
000044b4  __TI_CINIT_Base                      
000044c4  __TI_CINIT_Limit                     
000044c4  __TI_CINIT_Warm                      
000044a0  __TI_Handler_Table_Base              
000044ac  __TI_Handler_Table_Limit             
0000337d  __TI_auto_init_nobinit_nopinit       
000028e1  __TI_decompress_lzss                 
000037ab  __TI_decompress_none                 
ffffffff  __TI_pprof_out_hndl                  
ffffffff  __TI_prof_data_size                  
ffffffff  __TI_prof_data_start                 
00000000  __TI_static_base__                   
000037cd  __TI_zero_init                       
00001e33  __addsf3                             
000029d1  __aeabi_d2f                          
0000305d  __aeabi_d2iz                         
00002bdd  __aeabi_dcmpeq                       
00002c19  __aeabi_dcmpge                       
00002c2d  __aeabi_dcmpgt                       
00002c05  __aeabi_dcmple                       
00002bf1  __aeabi_dcmplt                       
00001771  __aeabi_ddiv                         
00001c69  __aeabi_dmul                         
00003285  __aeabi_f2d                          
00003549  __aeabi_f2iz                         
000035b5  __aeabi_f2uiz                        
00001e33  __aeabi_fadd                         
00002c41  __aeabi_fcmpeq                       
00002c7d  __aeabi_fcmpge                       
00002c91  __aeabi_fcmpgt                       
00002c69  __aeabi_fcmple                       
00002c55  __aeabi_fcmplt                       
00002649  __aeabi_fmul                         
00001e29  __aeabi_fsub                         
00003645  __aeabi_i2d                          
00003305  __aeabi_i2f                          
00002c3f  __aeabi_idiv0                        
000037dd  __aeabi_memclr                       
000037dd  __aeabi_memclr4                      
000037dd  __aeabi_memclr8                      
00003805  __aeabi_memcpy                       
00003805  __aeabi_memcpy4                      
00003805  __aeabi_memcpy8                      
00003245  __aeabi_uidiv                        
00003245  __aeabi_uidivmod                     
ffffffff  __binit__                            
00002aad  __cmpdf2                             
000033b9  __cmpsf2                             
00001771  __divdf3                             
00002aad  __eqdf2                              
000033b9  __eqsf2                              
00003285  __extendsfdf2                        
0000305d  __fixdfsi                            
00003549  __fixsfsi                            
000035b5  __fixunssfsi                         
00003645  __floatsidf                          
00003305  __floatsisf                          
0000295d  __gedf2                              
00003341  __gesf2                              
0000295d  __gtdf2                              
00003341  __gtsf2                              
00002aad  __ledf2                              
000033b9  __lesf2                              
00002aad  __ltdf2                              
000033b9  __ltsf2                              
UNDEFED   __mpu_init                           
00001c69  __muldf3                             
000033f5  __muldsi3                            
00002649  __mulsf3                             
00002aad  __nedf2                              
000033b9  __nesf2                              
20207e00  __stack                              
20200000  __start___llvm_prf_bits              
20200000  __start___llvm_prf_cnts              
20200000  __stop___llvm_prf_bits               
20200000  __stop___llvm_prf_cnts               
00001e29  __subsf3                             
000029d1  __truncdfsf2                         
00003671  _c_int00_noargs                      
20200000  _sys_memory                          
UNDEFED   _system_post_cinit                   
00003817  _system_pre_init                     
0000380d  abort                                
ffffffff  binit                                
0000374d  board_init                           
000031c1  delay_ms                             
000032c5  delay_us                             
20202780  frame_cnt                            
20202578  gPWM_MOTORBackup                     
20202400  gTIMER_0Backup                       
202024bc  gTIMER_1Backup                       
20202748  gpio_interrup                        
00000000  interruptVectors                     
000023e5  main                                 
00002489  memcpy                               
00002ca3  memset                               
00002761  strcmp                               
00002e21  task1                                
00002e7d  task2                                


GLOBAL SYMBOLS: SORTED BY Symbol Address 

address   name                                 
-------   ----                                 
00000000  __TI_ATRegion0_region_sz             
00000000  __TI_ATRegion0_src_addr              
00000000  __TI_ATRegion0_trg_addr              
00000000  __TI_ATRegion1_region_sz             
00000000  __TI_ATRegion1_src_addr              
00000000  __TI_ATRegion1_trg_addr              
00000000  __TI_ATRegion2_region_sz             
00000000  __TI_ATRegion2_src_addr              
00000000  __TI_ATRegion2_trg_addr              
00000000  __TI_static_base__                   
00000000  interruptVectors                     
000000c1  OLED_ShowNum                         
00000200  __STACK_SIZE                         
000004c9  Track_Scan                           
000008b5  OLED_ShowImage                       
00000b19  UART1_IRQHandler                     
00000d69  OLED_ShowString                      
00000f59  Encoder_SpeedRead                    
0000111d  OLED_Init                            
000012b9  Key_Scan                             
0000140d  Send_Byte                            
00001549  Menu_Show                            
00001665  Menu_Set                             
00001771  __aeabi_ddiv                         
00001771  __divdf3                             
0000187d  DL_Timer_initFourCCPWMMode           
00001981  OLED_Update                          
00001a85  SYSCFG_DL_GPIO_init                  
00001b81  DL_Timer_initTimerMode               
00001c69  __aeabi_dmul                         
00001c69  __muldf3                             
00001d4d  DL_SYSCTL_configSYSPLL               
00001e29  __aeabi_fsub                         
00001e29  __subsf3                             
00001e33  __addsf3                             
00001e33  __aeabi_fadd                         
00001f01  PID_AnglePID                         
00001fc5  PID_PositionalPID                    
00002000  __SYSMEM_SIZE                        
00002089  IIC_WaitAck                          
00002139  SYSCFG_DL_UART_GYRO_init             
000021e9  Gyro_Angle_PID_Work                  
00002295  Gyro_YawZero                         
0000233d  PID_IncrementalPID                   
000023e5  main                                 
00002489  memcpy                               
00002523  ADC0_IRQHandler                      
00002523  ADC1_IRQHandler                      
00002523  AES_IRQHandler                       
00002523  CANFD0_IRQHandler                    
00002523  DAC0_IRQHandler                      
00002523  DMA_IRQHandler                       
00002523  Default_Handler                      
00002523  GROUP0_IRQHandler                    
00002523  HardFault_Handler                    
00002523  I2C0_IRQHandler                      
00002523  I2C1_IRQHandler                      
00002523  NMI_Handler                          
00002523  PendSV_Handler                       
00002523  RTC_IRQHandler                       
00002523  SPI0_IRQHandler                      
00002523  SPI1_IRQHandler                      
00002523  SVC_Handler                          
00002523  SysTick_Handler                      
00002523  TIMG0_IRQHandler                     
00002523  TIMG12_IRQHandler                    
00002523  TIMG6_IRQHandler                     
00002523  TIMG7_IRQHandler                     
00002523  TIMG8_IRQHandler                     
00002523  UART0_IRQHandler                     
00002523  UART2_IRQHandler                     
00002523  UART3_IRQHandler                     
00002525  SYSCFG_DL_PWM_MOTOR_init             
000025b9  Motor_Velocity_PID_Work              
00002649  __aeabi_fmul                         
00002649  __mulsf3                             
000026d5  GROUP1_IRQHandler                    
0000275c  C$$EXIT                              
0000275d  HOSTexit                             
00002761  strcmp                               
000027e9  OLED_WriteData                       
00002865  SYSCFG_DL_SYSCTL_init                
000028e1  __TI_decompress_lzss                 
0000295d  __gedf2                              
0000295d  __gtdf2                              
000029d1  __aeabi_d2f                          
000029d1  __truncdfsf2                         
00002a45  Motor_SetSpeed                       
00002aad  __cmpdf2                             
00002aad  __eqdf2                              
00002aad  __ledf2                              
00002aad  __ltdf2                              
00002aad  __nedf2                              
00002b15  DL_SYSCTL_setHFCLKSourceHFXTParams   
00002b79  OLED_ReverseArea                     
00002bdd  __aeabi_dcmpeq                       
00002bf1  __aeabi_dcmplt                       
00002c05  __aeabi_dcmple                       
00002c19  __aeabi_dcmpge                       
00002c2d  __aeabi_dcmpgt                       
00002c3f  __aeabi_idiv0                        
00002c41  __aeabi_fcmpeq                       
00002c55  __aeabi_fcmplt                       
00002c69  __aeabi_fcmple                       
00002c7d  __aeabi_fcmpge                       
00002c91  __aeabi_fcmpgt                       
00002ca3  memset                               
00002d05  SYSCFG_DL_UART_DEBUG_init            
00002d65  SYSCFG_DL_initPower                  
00002dc5  Motor_PID_Init                       
00002e21  task1                                
00002e7d  task2                                
00002ed9  DL_UART_drainRXFIFO                  
00002f2d  DL_DMA_initChannel                   
00002f79  SYSCFG_DL_TIMER_0_init               
00002fc5  SYSCFG_DL_TIMER_1_init               
00003011  SYSCFG_DL_init                       
0000305d  __aeabi_d2iz                         
0000305d  __fixdfsi                            
000030a9  DL_UART_init                         
000030f1  PID_SetParameter                     
00003139  DL_SYSCTL_switchMCLKfromSYSOSCtoHSCLK
0000317d  Motor_Stop                           
000031c1  delay_ms                             
00003205  IIC_Start                            
00003245  __aeabi_uidiv                        
00003245  __aeabi_uidivmod                     
00003285  __aeabi_f2d                          
00003285  __extendsfdf2                        
000032c5  delay_us                             
00003305  __aeabi_i2f                          
00003305  __floatsisf                          
00003341  __gesf2                              
00003341  __gtsf2                              
0000337d  __TI_auto_init_nobinit_nopinit       
000033b9  __cmpsf2                             
000033b9  __eqsf2                              
000033b9  __lesf2                              
000033b9  __ltsf2                              
000033b9  __nesf2                              
000033f5  __muldsi3                            
00003431  Gyro_Init                            
00003469  Gyro_PID_Init                        
000034a1  OLED_WriteCommand                    
000034d9  Track_PID_Init                       
00003511  Track_Position_PID_Work              
00003549  __aeabi_f2iz                         
00003549  __fixsfsi                            
00003581  IIC_Stop                             
000035b5  __aeabi_f2uiz                        
000035b5  __fixunssfsi                         
000035e9  TIMA1_IRQHandler                     
00003619  Encoder_GetCnt                       
00003645  __aeabi_i2d                          
00003645  __floatsidf                          
00003671  _c_int00_noargs                      
00003699  TIMA0_IRQHandler                     
000036bd  DL_UART_transmitDataBlocking         
000036dd  DL_Timer_setCaptCompUpdateMethod     
000036f9  DL_Timer_setClockConfig              
00003715  Motor_Init                           
00003731  SYSCFG_DL_SYSTICK_init               
0000374d  board_init                           
00003769  DL_Timer_setCaptureCompareOutCtl     
00003781  SYSCFG_DL_DMA_GYRO_init              
00003799  DL_UART_setClockConfig               
000037ab  __TI_decompress_none                 
000037bd  DL_Timer_setCaptureCompareValue      
000037cd  __TI_zero_init                       
000037dd  __aeabi_memclr                       
000037dd  __aeabi_memclr4                      
000037dd  __aeabi_memclr8                      
000037e9  DL_Common_delayCycles                
000037f3  PID_Init                             
000037fd  SYSCFG_DL_DMA_init                   
00003805  __aeabi_memcpy                       
00003805  __aeabi_memcpy4                      
00003805  __aeabi_memcpy8                      
0000380d  abort                                
00003813  Reset_Handler                        
00003817  _system_pre_init                     
00003820  OLED_F8x16                           
00003e10  OLED_CF16x16                         
00004119  OLED_F6x8                            
000044a0  __TI_Handler_Table_Base              
000044ac  __TI_Handler_Table_Limit             
000044b4  __TI_CINIT_Base                      
000044c4  __TI_CINIT_Limit                     
000044c4  __TI_CINIT_Warm                      
20200000  __start___llvm_prf_bits              
20200000  __start___llvm_prf_cnts              
20200000  __stop___llvm_prf_bits               
20200000  __stop___llvm_prf_cnts               
20200000  _sys_memory                          
20202000  OLED_DisplayBuf                      
20202400  gTIMER_0Backup                       
202024bc  gTIMER_1Backup                       
20202578  gPWM_MOTORBackup                     
20202618  Gyro_PID                             
20202648  MotorA_PID                           
20202678  MotorB_PID                           
202026a8  Track_PID                            
202026d8  Gyro_DMA_Buffer                      
202026fc  Gyro_Data                            
2020271c  Encoder_leftFilter                   
20202726  Encoder_rightFilter                  
20202730  EncoderA_Cnt                         
20202734  EncoderB_Cnt                         
20202738  Get_Encoder_CountA                   
2020273c  Get_Encoder_CountB                   
20202740  PWMA                                 
20202744  PWMB                                 
20202748  gpio_interrup                        
2020274c  Encoder_filterWeight                 
2020275c  Key                                  
2020276c  JY61P_SAVE_CMD                       
20202771  JY61P_ULOCK_CMD                      
20202776  JY61P_Z0_CMD                         
2020277b  Encoder_readFinishStatus             
2020277c  Motor_Target                         
20202780  frame_cnt                            
20202784  EncoderA_Data                        
20202786  EncoderA_DataRead                    
20202788  EncoderB_Data                        
2020278a  EncoderB_DataRead                    
2020278c  Encoder_dataPointer                  
2020278e  Menu_Flag                            
20202790  Task_Flag                            
20202791  Timer0_Flag                          
20202792  Timer1_Cnt                           
20207e00  __stack                              
20208000  __STACK_END                          
ffffffff  __TI_pprof_out_hndl                  
ffffffff  __TI_prof_data_size                  
ffffffff  __TI_prof_data_start                 
ffffffff  __binit__                            
ffffffff  binit                                
UNDEFED   __mpu_init                           
UNDEFED   _system_post_cinit                   

[239 symbols]
