******************************************************************************
            TI ARM Clang Linker PC v4.0.3                      
******************************************************************************
>> Linked Fri Jul 25 22:38:01 2025

OUTPUT FILE NAME:   <24_H.out>
ENTRY POINT SYMBOL: "_c_int00_noargs"  address: 00003391


MEMORY CONFIGURATION

         name            origin    length      used     unused   attr    fill
----------------------  --------  ---------  --------  --------  ----  --------
  FLASH                 00000000   00020000  000041d0  0001be30  R  X
  SRAM                  20200000   00008000  00002964  0000569c  RW X
  BCR_CONFIG            41c00000   000000ff  00000000  000000ff  R   
  BSL_CONFIG            41c00100   00000080  00000000  00000080  R   


SEGMENT ALLOCATION MAP

run origin  load origin   length   init length attrs members
----------  ----------- ---------- ----------- ----- -------
00000000    00000000    000041d0   000041d0    r-x
  00000000    00000000    000000c0   000000c0    r-- .intvecs
  000000c0    000000c0    00003480   00003480    r-x .text
  00003540    00003540    00000c50   00000c50    r-- .rodata
  00004190    00004190    00000040   00000040    r-- .cinit
20200000    20200000    00002764   00000000    rw-
  20200000    20200000    00002000   00000000    rw- .sysmem
  20202000    20202000    00000738   00000000    rw- .bss
  20202738    20202738    0000002c   00000000    rw- .data
20207e00    20207e00    00000200   00000000    rw-
  20207e00    20207e00    00000200   00000000    rw- .stack


SECTION ALLOCATION MAP

 output                                  attributes/
section   page    origin      length       input sections
--------  ----  ----------  ----------   ----------------
.intvecs   0    00000000    000000c0     
                  00000000    000000c0     startup_mspm0g350x_ticlang.o (.intvecs)

.text      0    000000c0    00003480     
                  000000c0    00000408     bsp_oled.o (.text.OLED_ShowNum)
                  000004c8    000003ec     bsp_track.o (.text.Track_Scan)
                  000008b4    00000264     bsp_oled.o (.text.OLED_ShowImage)
                  00000b18    00000250     bsp_gyro.o (.text.UART1_IRQHandler)
                  00000d68    000001f0     bsp_oled.o (.text.OLED_ShowString)
                  00000f58    0000019c     bsp_oled.o (.text.OLED_Init)
                  000010f4    00000154     bsp_key.o (.text.Key_Scan)
                  00001248    0000013c     bsp_iic.o (.text.Send_Byte)
                  00001384    0000011c     bsp_menu.o (.text.Menu_Show)
                  000014a0    0000010c     bsp_menu.o (.text.Menu_Set)
                  000015ac    0000010c     libclang_rt.builtins.a : divdf3.S.obj (.text.__divdf3)
                  000016b8    00000104     driverlib.a : dl_timer.o (.text.DL_Timer_initFourCCPWMMode)
                  000017bc    00000104     bsp_oled.o (.text.OLED_Update)
                  000018c0    000000fc     ti_msp_dl_config.o (.text.SYSCFG_DL_GPIO_init)
                  000019bc    000000e8     driverlib.a : dl_timer.o (.text.DL_Timer_initTimerMode)
                  00001aa4    000000e4     libclang_rt.builtins.a : muldf3.S.obj (.text.__muldf3)
                  00001b88    000000dc     driverlib.a : dl_sysctl_mspm0g1x0x_g3x0x.o (.text.DL_SYSCTL_configSYSPLL)
                  00001c64    000000d8     libclang_rt.builtins.a : addsf3.S.obj (.text)
                  00001d3c    000000c4     bsp_pid.o (.text.PID_PositionalPID)
                  00001e00    000000b0     bsp_iic.o (.text.IIC_WaitAck)
                  00001eb0    000000b0     ti_msp_dl_config.o (.text.SYSCFG_DL_UART_GYRO_init)
                  00001f60    000000a8     bsp_gyro.o (.text.Gyro_YawZero)
                  00002008    000000a8     bsp_pid.o (.text.PID_IncrementalPID)
                  000020b0    000000a4     main.o (.text.main)
                  00002154    0000009a     libc.a : memcpy16.S.obj (.text:memcpy)
                  000021ee    00000002     startup_mspm0g350x_ticlang.o (.text.Default_Handler)
                  000021f0    00000094     ti_msp_dl_config.o (.text.SYSCFG_DL_PWM_MOTOR_init)
                  00002284    0000008c     libclang_rt.builtins.a : mulsf3.S.obj (.text.__mulsf3)
                  00002310    00000088     bsp_motor.o (.text.GROUP1_IRQHandler)
                  00002398    00000008     ti_msp_dl_config.o (.text.SYSCFG_DL_DMA_init)
                  000023a0    00000088     libc.a : strcmp-armv6m.S.obj (.text:strcmp)
                  00002428    0000007c     bsp_oled.o (.text.OLED_WriteData)
                  000024a4    0000007c     ti_msp_dl_config.o (.text.SYSCFG_DL_SYSCTL_init)
                  00002520    0000007c     libc.a : copy_decompress_lzss.c.obj (.text:decompress:lzss)
                  0000259c    00000074     libclang_rt.builtins.a : comparedf2.c.obj (.text.__gedf2)
                  00002610    00000074                            : truncdfsf2.S.obj (.text.__truncdfsf2)
                  00002684    00000070     bsp_gyro.o (.text.Gyro_Angle_PID_Work)
                  000026f4    00000070     bsp_motor.o (.text.Motor_Velocity_PID_Work)
                  00002764    00000068     bsp_motor.o (.text.Motor_SetSpeed)
                  000027cc    00000068     libclang_rt.builtins.a : comparedf2.c.obj (.text.__ledf2)
                  00002834    00000064     driverlib.a : dl_sysctl_mspm0g1x0x_g3x0x.o (.text.DL_SYSCTL_setHFCLKSourceHFXTParams)
                  00002898    00000064     bsp_oled.o (.text.OLED_ReverseArea)
                  000028fc    00000062     libclang_rt.builtins.a : aeabi_dcmp.S.obj (.text.__aeabi_dcmp)
                  0000295e    00000002                            : aeabi_div0.c.obj (.text.__aeabi_idiv0)
                  00002960    00000062                            : aeabi_fcmp.S.obj (.text.__aeabi_fcmp)
                  000029c2    00000062     libc.a : memset16.S.obj (.text:memset)
                  00002a24    00000060     ti_msp_dl_config.o (.text.SYSCFG_DL_UART_DEBUG_init)
                  00002a84    00000060     ti_msp_dl_config.o (.text.SYSCFG_DL_initPower)
                  00002ae4    0000005c     bsp_motor.o (.text.Motor_PID_Init)
                  00002b40    0000005c     bsp_task.o (.text.task1)
                  00002b9c    0000005c     bsp_task.o (.text.task2)
                  00002bf8    00000054     driverlib.a : dl_uart.o (.text.DL_UART_drainRXFIFO)
                  00002c4c    0000004c                 : dl_dma.o (.text.DL_DMA_initChannel)
                  00002c98    0000004c     ti_msp_dl_config.o (.text.SYSCFG_DL_TIMER_0_init)
                  00002ce4    0000004c     ti_msp_dl_config.o (.text.SYSCFG_DL_TIMER_1_init)
                  00002d30    0000004c     ti_msp_dl_config.o (.text.SYSCFG_DL_init)
                  00002d7c    0000004a     libclang_rt.builtins.a : fixdfsi.S.obj (.text.__fixdfsi)
                  00002dc6    00000002     --HOLE-- [fill = 0]
                  00002dc8    00000048     driverlib.a : dl_uart.o (.text.DL_UART_init)
                  00002e10    00000048     bsp_pid.o (.text.PID_SetParameter)
                  00002e58    00000044     driverlib.a : dl_sysctl_mspm0g1x0x_g3x0x.o (.text.DL_SYSCTL_switchMCLKfromSYSOSCtoHSCLK)
                  00002e9c    00000044     bsp_motor.o (.text.Motor_Stop)
                  00002ee0    00000044     board.o (.text.delay_ms)
                  00002f24    00000040     bsp_iic.o (.text.IIC_Start)
                  00002f64    00000040     libclang_rt.builtins.a : aeabi_uidivmod.S.obj (.text.__aeabi_uidivmod)
                  00002fa4    00000040                            : extendsfdf2.S.obj (.text.__extendsfdf2)
                  00002fe4    00000040     board.o (.text.delay_us)
                  00003024    0000003c     libclang_rt.builtins.a : floatsisf.S.obj (.text.__floatsisf)
                  00003060    0000003c                            : comparesf2.S.obj (.text.__gtsf2)
                  0000309c    0000003c     libc.a : autoinit.c.obj (.text:__TI_auto_init_nobinit_nopinit)
                  000030d8    0000003a     libclang_rt.builtins.a : comparesf2.S.obj (.text.__eqsf2)
                  00003112    00000002     --HOLE-- [fill = 0]
                  00003114    0000003a                            : muldsi3.S.obj (.text.__muldsi3)
                  0000314e    00000002     --HOLE-- [fill = 0]
                  00003150    00000038     bsp_gyro.o (.text.Gyro_Init)
                  00003188    00000038     bsp_gyro.o (.text.Gyro_PID_Init)
                  000031c0    00000038     bsp_oled.o (.text.OLED_WriteCommand)
                  000031f8    00000038     bsp_track.o (.text.Track_PID_Init)
                  00003230    00000038     bsp_track.o (.text.Track_Position_PID_Work)
                  00003268    00000038     libclang_rt.builtins.a : fixsfsi.S.obj (.text.__fixsfsi)
                  000032a0    00000034     bsp_iic.o (.text.IIC_Stop)
                  000032d4    00000032     libclang_rt.builtins.a : fixunssfsi.S.obj (.text.__fixunssfsi)
                  00003306    00000002     --HOLE-- [fill = 0]
                  00003308    00000030     main.o (.text.TIMA1_IRQHandler)
                  00003338    0000002c     bsp_motor.o (.text.Encoder_GetCnt)
                  00003364    0000002c     libclang_rt.builtins.a : floatsidf.S.obj (.text.__floatsidf)
                  00003390    00000028     libc.a : boot_cortex_m.c.obj (.text:_c_int00_noargs)
                  000033b8    00000020     driverlib.a : dl_uart.o (.text.DL_UART_transmitDataBlocking)
                  000033d8    00000020     main.o (.text.TIMA0_IRQHandler)
                  000033f8    0000001c     driverlib.a : dl_timer.o (.text.DL_Timer_setCaptCompUpdateMethod)
                  00003414    0000001c                 : dl_timer.o (.text.DL_Timer_setClockConfig)
                  00003430    0000001c     bsp_motor.o (.text.Motor_Init)
                  0000344c    0000001c     ti_msp_dl_config.o (.text.SYSCFG_DL_SYSTICK_init)
                  00003468    0000001c     board.o (.text.board_init)
                  00003484    00000018     driverlib.a : dl_timer.o (.text.DL_Timer_setCaptureCompareOutCtl)
                  0000349c    00000018     ti_msp_dl_config.o (.text.SYSCFG_DL_DMA_GYRO_init)
                  000034b4    00000012     driverlib.a : dl_uart.o (.text.DL_UART_setClockConfig)
                  000034c6    00000012     libc.a : copy_decompress_none.c.obj (.text:decompress:none)
                  000034d8    00000010     driverlib.a : dl_timer.o (.text.DL_Timer_setCaptureCompareValue)
                  000034e8    00000010     libc.a : copy_zero_init.c.obj (.text:decompress:ZI)
                  000034f8    0000000c     libclang_rt.builtins.a : aeabi_memset.S.obj (.text.__aeabi_memclr)
                  00003504    0000000a     driverlib.a : dl_common.o (.text.DL_Common_delayCycles)
                  0000350e    0000000a     bsp_pid.o (.text.PID_Init)
                  00003518    00000008     libclang_rt.builtins.a : aeabi_memcpy.S.obj (.text.__aeabi_memcpy)
                  00003520    00000006     libc.a : exit.c.obj (.text:abort)
                  00003526    00000004     libsysbm.a : hostexit.c.obj (.text.HOSTexit)
                  0000352a    00000004     startup_mspm0g350x_ticlang.o (.text.Reset_Handler)
                  0000352e    00000004     libc.a : pre_init.c.obj (.text._system_pre_init)
                  00003532    0000000e     --HOLE-- [fill = 0]

.cinit     0    00004190    00000040     
                  00004190    00000019     (.cinit..data.load) [load image, compression = lzss]
                  000041a9    00000003     --HOLE-- [fill = 0]
                  000041ac    0000000c     (__TI_handler_table)
                  000041b8    00000008     (.cinit..bss.load) [load image, compression = zero_init]
                  000041c0    00000010     (__TI_cinit_table)

.rodata    0    00003540    00000c50     
                  00003540    000005f0     bsp_oled_data.o (.rodata.OLED_F8x16)
                  00003b30    00000309     bsp_oled_data.o (.rodata.OLED_CF16x16)
                  00003e39    0000023a     bsp_oled_data.o (.rodata.OLED_F6x8)
                  00004073    00000001     --HOLE-- [fill = 0]
                  00004074    00000028     ti_msp_dl_config.o (.rodata.gSYSPLLConfig)
                  0000409c    00000018     ti_msp_dl_config.o (.rodata.gDMA_GYROConfig)
                  000040b4    00000014     ti_msp_dl_config.o (.rodata.gTIMER_0TimerConfig)
                  000040c8    00000014     ti_msp_dl_config.o (.rodata.gTIMER_1TimerConfig)
                  000040dc    00000011     bsp_menu.o (.rodata.str1.12615557765740276178.1)
                  000040ed    00000011     bsp_menu.o (.rodata.str1.13182386008698490712.1)
                  000040fe    00000011     bsp_menu.o (.rodata.str1.15675623641841497665.1)
                  0000410f    00000011     bsp_menu.o (.rodata.str1.18249499161485566478.1)
                  00004120    00000011     bsp_menu.o (.rodata.str1.3926273994540286900.1)
                  00004131    00000011     bsp_menu.o (.rodata.str1.4834687554542568672.1)
                  00004142    00000011     bsp_menu.o (.rodata.str1.6334097423648547348.1)
                  00004153    00000011     bsp_menu.o (.rodata.str1.8447786836664759749.1)
                  00004164    0000000a     ti_msp_dl_config.o (.rodata.gUART_DEBUGConfig)
                  0000416e    0000000a     ti_msp_dl_config.o (.rodata.gUART_GYROConfig)
                  00004178    00000008     ti_msp_dl_config.o (.rodata.gPWM_MOTORConfig)
                  00004180    00000003     ti_msp_dl_config.o (.rodata.gPWM_MOTORClockConfig)
                  00004183    00000003     ti_msp_dl_config.o (.rodata.gTIMER_0ClockConfig)
                  00004186    00000003     ti_msp_dl_config.o (.rodata.gTIMER_1ClockConfig)
                  00004189    00000002     ti_msp_dl_config.o (.rodata.gUART_DEBUGClockConfig)
                  0000418b    00000002     ti_msp_dl_config.o (.rodata.gUART_GYROClockConfig)
                  0000418d    00000003     --HOLE-- [fill = 0]

.init_array 
*          0    00000000    00000000     UNINITIALIZED

.binit     0    00000000    00000000     

.sysmem    0    20200000    00002000     UNINITIALIZED
                  20200000    00000010     libc.a : memory.c.obj (.sysmem)
                  20200010    00001ff0     --HOLE--

.bss       0    20202000    00000738     UNINITIALIZED
                  20202000    00000400     (.common:OLED_DisplayBuf)
                  20202400    000000bc     (.common:gTIMER_0Backup)
                  202024bc    000000bc     (.common:gTIMER_1Backup)
                  20202578    000000a0     (.common:gPWM_MOTORBackup)
                  20202618    00000030     (.common:Gyro_PID)
                  20202648    00000030     (.common:MotorA_PID)
                  20202678    00000030     (.common:MotorB_PID)
                  202026a8    00000030     (.common:Track_PID)
                  202026d8    00000021     (.common:Gyro_DMA_Buffer)
                  202026f9    00000003     --HOLE--
                  202026fc    00000020     (.common:Gyro_Data)
                  2020271c    00000004     (.common:EncoderA_Cnt)
                  20202720    00000004     (.common:EncoderB_Cnt)
                  20202724    00000004     (.common:Get_Encoder_CountA)
                  20202728    00000004     (.common:Get_Encoder_CountB)
                  2020272c    00000004     (.common:PWMA)
                  20202730    00000004     (.common:PWMB)
                  20202734    00000004     (.common:gpio_interrup)

.data      0    20202738    0000002c     UNINITIALIZED
                  20202738    00000010     bsp_key.o (.data.Key)
                  20202748    00000005     bsp_gyro.o (.data.JY61P_SAVE_CMD)
                  2020274d    00000005     bsp_gyro.o (.data.JY61P_ULOCK_CMD)
                  20202752    00000005     bsp_gyro.o (.data.JY61P_Z0_CMD)
                  20202757    00000001     main.o (.data.Task_Flag)
                  20202758    00000004     bsp_motor.o (.data.Motor_Target)
                  2020275c    00000004     main.o (.data.frame_cnt)
                  20202760    00000002     bsp_menu.o (.data.Menu_Flag)
                  20202762    00000001     main.o (.data.Timer0_Flag)
                  20202763    00000001     main.o (.data.Timer1_Cnt)

.stack     0    20207e00    00000200     UNINITIALIZED
                  20207e00    00000004     libc.a : boot_cortex_m.c.obj (.stack)
                  20207e04    000001fc     --HOLE--

__llvm_prf_cnts 
*          0    20200000    00000000     UNINITIALIZED

__llvm_prf_bits 
*          0    20200000    00000000     UNINITIALIZED

MODULE SUMMARY

       Module                         code    ro data   rw data
       ------                         ----    -------   -------
    .\
       ti_msp_dl_config.o             1180    145       536    
       main.o                         244     0         7      
       startup_mspm0g350x_ticlang.o   6       192       0      
       board.o                        160     0         0      
    +--+------------------------------+-------+---------+---------+
       Total:                         1590    337       543    
                                                               
    .\BSP\
       bsp_oled.o                     3092    0         1024   
       bsp_oled_data.o                0       2867      0      
       bsp_track.o                    1116    0         48     
       bsp_gyro.o                     984     0         128    
       bsp_motor.o                    584     0         128    
       bsp_menu.o                     552     136       2      
       bsp_iic.o                      608     0         0      
       bsp_pid.o                      446     0         0      
       bsp_key.o                      340     0         16     
       bsp_task.o                     184     0         0      
    +--+------------------------------+-------+---------+---------+
       Total:                         7906    3003      1346   
                                                               
    C:/ti/mspm0_sdk_2_05_01_00/source/ti/driverlib/lib/ticlang/m0p/mspm0g1x0x_g3x0x/driverlib.a
       dl_timer.o                     588     0         0      
       dl_sysctl_mspm0g1x0x_g3x0x.o   388     0         0      
       dl_uart.o                      206     0         0      
       dl_dma.o                       76      0         0      
       dl_common.o                    10      0         0      
    +--+------------------------------+-------+---------+---------+
       Total:                         1268    0         0      
                                                               
    D:\ti\CCS2020\ccs\tools\compiler\ti-cgt-armllvm_4.0.3.LTS\lib\armv6m-ti-none-eabi/c/libc.a
       memcpy16.S.obj                 154     0         0      
       strcmp-armv6m.S.obj            136     0         0      
       copy_decompress_lzss.c.obj     124     0         0      
       memset16.S.obj                 98      0         0      
       autoinit.c.obj                 60      0         0      
       boot_cortex_m.c.obj            40      0         0      
       copy_decompress_none.c.obj     18      0         0      
       copy_zero_init.c.obj           16      0         0      
       exit.c.obj                     6       0         0      
       pre_init.c.obj                 4       0         0      
    +--+------------------------------+-------+---------+---------+
       Total:                         656     0         0      
                                                               
    D:\ti\CCS2020\ccs\tools\compiler\ti-cgt-armllvm_4.0.3.LTS\lib\armv6m-ti-none-eabi/c/libsysbm.a
       hostexit.c.obj                 4       0         0      
    +--+------------------------------+-------+---------+---------+
       Total:                         4       0         0      
                                                               
    D:\ti\CCS2020\ccs\tools\compiler\ti-cgt-armllvm_4.0.3.LTS\lib\armv6m-ti-none-eabi/libclang_rt.builtins.a
       divdf3.S.obj                   268     0         0      
       muldf3.S.obj                   228     0         0      
       comparedf2.c.obj               220     0         0      
       addsf3.S.obj                   216     0         0      
       mulsf3.S.obj                   140     0         0      
       comparesf2.S.obj               118     0         0      
       truncdfsf2.S.obj               116     0         0      
       aeabi_dcmp.S.obj               98      0         0      
       aeabi_fcmp.S.obj               98      0         0      
       fixdfsi.S.obj                  74      0         0      
       aeabi_uidivmod.S.obj           64      0         0      
       extendsfdf2.S.obj              64      0         0      
       floatsisf.S.obj                60      0         0      
       muldsi3.S.obj                  58      0         0      
       fixsfsi.S.obj                  56      0         0      
       fixunssfsi.S.obj               50      0         0      
       floatsidf.S.obj                44      0         0      
       aeabi_memset.S.obj             12      0         0      
       aeabi_memcpy.S.obj             8       0         0      
       aeabi_div0.c.obj               2       0         0      
    +--+------------------------------+-------+---------+---------+
       Total:                         1994    0         0      
                                                               
       Heap:                          0       0         8192   
       Stack:                         0       0         512    
       Linker Generated:              0       61        0      
    +--+------------------------------+-------+---------+---------+
       Grand Total:                   13418   3401      10593  


LINKER GENERATED COPY TABLES

__TI_cinit_table @ 000041c0 records: 2, size/record: 8, table size: 16
	.data: load addr=00004190, load size=00000019 bytes, run addr=20202738, run size=0000002c bytes, compression=lzss
	.bss: load addr=000041b8, load size=00000008 bytes, run addr=20202000, run size=00000738 bytes, compression=zero_init


LINKER GENERATED HANDLER TABLE

__TI_handler_table @ 000041ac records: 3, size/record: 4, table size: 12
	index: 0, handler: __TI_decompress_lzss
	index: 1, handler: __TI_decompress_none
	index: 2, handler: __TI_zero_init


GLOBAL SYMBOLS: SORTED ALPHABETICALLY BY Name 

address   name                                 
-------   ----                                 
000021ef  ADC0_IRQHandler                      
000021ef  ADC1_IRQHandler                      
000021ef  AES_IRQHandler                       
00003526  C$$EXIT                              
000021ef  CANFD0_IRQHandler                    
000021ef  DAC0_IRQHandler                      
00003505  DL_Common_delayCycles                
00002c4d  DL_DMA_initChannel                   
00001b89  DL_SYSCTL_configSYSPLL               
00002835  DL_SYSCTL_setHFCLKSourceHFXTParams   
00002e59  DL_SYSCTL_switchMCLKfromSYSOSCtoHSCLK
000016b9  DL_Timer_initFourCCPWMMode           
000019bd  DL_Timer_initTimerMode               
000033f9  DL_Timer_setCaptCompUpdateMethod     
00003485  DL_Timer_setCaptureCompareOutCtl     
000034d9  DL_Timer_setCaptureCompareValue      
00003415  DL_Timer_setClockConfig              
00002bf9  DL_UART_drainRXFIFO                  
00002dc9  DL_UART_init                         
000034b5  DL_UART_setClockConfig               
000033b9  DL_UART_transmitDataBlocking         
000021ef  DMA_IRQHandler                       
000021ef  Default_Handler                      
2020271c  EncoderA_Cnt                         
20202720  EncoderB_Cnt                         
00003339  Encoder_GetCnt                       
000021ef  GROUP0_IRQHandler                    
00002311  GROUP1_IRQHandler                    
20202724  Get_Encoder_CountA                   
20202728  Get_Encoder_CountB                   
00002685  Gyro_Angle_PID_Work                  
202026d8  Gyro_DMA_Buffer                      
202026fc  Gyro_Data                            
00003151  Gyro_Init                            
20202618  Gyro_PID                             
00003189  Gyro_PID_Init                        
00001f61  Gyro_YawZero                         
00003527  HOSTexit                             
000021ef  HardFault_Handler                    
000021ef  I2C0_IRQHandler                      
000021ef  I2C1_IRQHandler                      
00002f25  IIC_Start                            
000032a1  IIC_Stop                             
00001e01  IIC_WaitAck                          
20202748  JY61P_SAVE_CMD                       
2020274d  JY61P_ULOCK_CMD                      
20202752  JY61P_Z0_CMD                         
20202738  Key                                  
000010f5  Key_Scan                             
20202760  Menu_Flag                            
000014a1  Menu_Set                             
00001385  Menu_Show                            
20202648  MotorA_PID                           
20202678  MotorB_PID                           
00003431  Motor_Init                           
00002ae5  Motor_PID_Init                       
00002765  Motor_SetSpeed                       
00002e9d  Motor_Stop                           
20202758  Motor_Target                         
000026f5  Motor_Velocity_PID_Work              
000021ef  NMI_Handler                          
00003b30  OLED_CF16x16                         
20202000  OLED_DisplayBuf                      
00003e39  OLED_F6x8                            
00003540  OLED_F8x16                           
00000f59  OLED_Init                            
00002899  OLED_ReverseArea                     
000008b5  OLED_ShowImage                       
000000c1  OLED_ShowNum                         
00000d69  OLED_ShowString                      
000017bd  OLED_Update                          
000031c1  OLED_WriteCommand                    
00002429  OLED_WriteData                       
00002009  PID_IncrementalPID                   
0000350f  PID_Init                             
00001d3d  PID_PositionalPID                    
00002e11  PID_SetParameter                     
2020272c  PWMA                                 
20202730  PWMB                                 
000021ef  PendSV_Handler                       
000021ef  RTC_IRQHandler                       
0000352b  Reset_Handler                        
000021ef  SPI0_IRQHandler                      
000021ef  SPI1_IRQHandler                      
000021ef  SVC_Handler                          
0000349d  SYSCFG_DL_DMA_GYRO_init              
00002399  SYSCFG_DL_DMA_init                   
000018c1  SYSCFG_DL_GPIO_init                  
000021f1  SYSCFG_DL_PWM_MOTOR_init             
000024a5  SYSCFG_DL_SYSCTL_init                
0000344d  SYSCFG_DL_SYSTICK_init               
00002c99  SYSCFG_DL_TIMER_0_init               
00002ce5  SYSCFG_DL_TIMER_1_init               
00002a25  SYSCFG_DL_UART_DEBUG_init            
00001eb1  SYSCFG_DL_UART_GYRO_init             
00002d31  SYSCFG_DL_init                       
00002a85  SYSCFG_DL_initPower                  
00001249  Send_Byte                            
000021ef  SysTick_Handler                      
000033d9  TIMA0_IRQHandler                     
00003309  TIMA1_IRQHandler                     
000021ef  TIMG0_IRQHandler                     
000021ef  TIMG12_IRQHandler                    
000021ef  TIMG6_IRQHandler                     
000021ef  TIMG7_IRQHandler                     
000021ef  TIMG8_IRQHandler                     
20202757  Task_Flag                            
20202762  Timer0_Flag                          
20202763  Timer1_Cnt                           
202026a8  Track_PID                            
000031f9  Track_PID_Init                       
00003231  Track_Position_PID_Work              
000004c9  Track_Scan                           
000021ef  UART0_IRQHandler                     
00000b19  UART1_IRQHandler                     
000021ef  UART2_IRQHandler                     
000021ef  UART3_IRQHandler                     
20208000  __STACK_END                          
00000200  __STACK_SIZE                         
00002000  __SYSMEM_SIZE                        
00000000  __TI_ATRegion0_region_sz             
00000000  __TI_ATRegion0_src_addr              
00000000  __TI_ATRegion0_trg_addr              
00000000  __TI_ATRegion1_region_sz             
00000000  __TI_ATRegion1_src_addr              
00000000  __TI_ATRegion1_trg_addr              
00000000  __TI_ATRegion2_region_sz             
00000000  __TI_ATRegion2_src_addr              
00000000  __TI_ATRegion2_trg_addr              
000041c0  __TI_CINIT_Base                      
000041d0  __TI_CINIT_Limit                     
000041d0  __TI_CINIT_Warm                      
000041ac  __TI_Handler_Table_Base              
000041b8  __TI_Handler_Table_Limit             
0000309d  __TI_auto_init_nobinit_nopinit       
00002521  __TI_decompress_lzss                 
000034c7  __TI_decompress_none                 
ffffffff  __TI_pprof_out_hndl                  
ffffffff  __TI_prof_data_size                  
ffffffff  __TI_prof_data_start                 
00000000  __TI_static_base__                   
000034e9  __TI_zero_init                       
00001c6f  __addsf3                             
00002611  __aeabi_d2f                          
00002d7d  __aeabi_d2iz                         
000028fd  __aeabi_dcmpeq                       
00002939  __aeabi_dcmpge                       
0000294d  __aeabi_dcmpgt                       
00002925  __aeabi_dcmple                       
00002911  __aeabi_dcmplt                       
000015ad  __aeabi_ddiv                         
00001aa5  __aeabi_dmul                         
00002fa5  __aeabi_f2d                          
00003269  __aeabi_f2iz                         
000032d5  __aeabi_f2uiz                        
00001c6f  __aeabi_fadd                         
00002961  __aeabi_fcmpeq                       
0000299d  __aeabi_fcmpge                       
000029b1  __aeabi_fcmpgt                       
00002989  __aeabi_fcmple                       
00002975  __aeabi_fcmplt                       
00002285  __aeabi_fmul                         
00001c65  __aeabi_fsub                         
00003365  __aeabi_i2d                          
00003025  __aeabi_i2f                          
0000295f  __aeabi_idiv0                        
000034f9  __aeabi_memclr                       
000034f9  __aeabi_memclr4                      
000034f9  __aeabi_memclr8                      
00003519  __aeabi_memcpy                       
00003519  __aeabi_memcpy4                      
00003519  __aeabi_memcpy8                      
00002f65  __aeabi_uidiv                        
00002f65  __aeabi_uidivmod                     
ffffffff  __binit__                            
000027cd  __cmpdf2                             
000030d9  __cmpsf2                             
000015ad  __divdf3                             
000027cd  __eqdf2                              
000030d9  __eqsf2                              
00002fa5  __extendsfdf2                        
00002d7d  __fixdfsi                            
00003269  __fixsfsi                            
000032d5  __fixunssfsi                         
00003365  __floatsidf                          
00003025  __floatsisf                          
0000259d  __gedf2                              
00003061  __gesf2                              
0000259d  __gtdf2                              
00003061  __gtsf2                              
000027cd  __ledf2                              
000030d9  __lesf2                              
000027cd  __ltdf2                              
000030d9  __ltsf2                              
UNDEFED   __mpu_init                           
00001aa5  __muldf3                             
00003115  __muldsi3                            
00002285  __mulsf3                             
000027cd  __nedf2                              
000030d9  __nesf2                              
20207e00  __stack                              
20200000  __start___llvm_prf_bits              
20200000  __start___llvm_prf_cnts              
20200000  __stop___llvm_prf_bits               
20200000  __stop___llvm_prf_cnts               
00001c65  __subsf3                             
00002611  __truncdfsf2                         
00003391  _c_int00_noargs                      
20200000  _sys_memory                          
UNDEFED   _system_post_cinit                   
0000352f  _system_pre_init                     
00003521  abort                                
ffffffff  binit                                
00003469  board_init                           
00002ee1  delay_ms                             
00002fe5  delay_us                             
2020275c  frame_cnt                            
20202578  gPWM_MOTORBackup                     
20202400  gTIMER_0Backup                       
202024bc  gTIMER_1Backup                       
20202734  gpio_interrup                        
00000000  interruptVectors                     
000020b1  main                                 
00002155  memcpy                               
000029c3  memset                               
000023a1  strcmp                               
00002b41  task1                                
00002b9d  task2                                


GLOBAL SYMBOLS: SORTED BY Symbol Address 

address   name                                 
-------   ----                                 
00000000  __TI_ATRegion0_region_sz             
00000000  __TI_ATRegion0_src_addr              
00000000  __TI_ATRegion0_trg_addr              
00000000  __TI_ATRegion1_region_sz             
00000000  __TI_ATRegion1_src_addr              
00000000  __TI_ATRegion1_trg_addr              
00000000  __TI_ATRegion2_region_sz             
00000000  __TI_ATRegion2_src_addr              
00000000  __TI_ATRegion2_trg_addr              
00000000  __TI_static_base__                   
00000000  interruptVectors                     
000000c1  OLED_ShowNum                         
00000200  __STACK_SIZE                         
000004c9  Track_Scan                           
000008b5  OLED_ShowImage                       
00000b19  UART1_IRQHandler                     
00000d69  OLED_ShowString                      
00000f59  OLED_Init                            
000010f5  Key_Scan                             
00001249  Send_Byte                            
00001385  Menu_Show                            
000014a1  Menu_Set                             
000015ad  __aeabi_ddiv                         
000015ad  __divdf3                             
000016b9  DL_Timer_initFourCCPWMMode           
000017bd  OLED_Update                          
000018c1  SYSCFG_DL_GPIO_init                  
000019bd  DL_Timer_initTimerMode               
00001aa5  __aeabi_dmul                         
00001aa5  __muldf3                             
00001b89  DL_SYSCTL_configSYSPLL               
00001c65  __aeabi_fsub                         
00001c65  __subsf3                             
00001c6f  __addsf3                             
00001c6f  __aeabi_fadd                         
00001d3d  PID_PositionalPID                    
00001e01  IIC_WaitAck                          
00001eb1  SYSCFG_DL_UART_GYRO_init             
00001f61  Gyro_YawZero                         
00002000  __SYSMEM_SIZE                        
00002009  PID_IncrementalPID                   
000020b1  main                                 
00002155  memcpy                               
000021ef  ADC0_IRQHandler                      
000021ef  ADC1_IRQHandler                      
000021ef  AES_IRQHandler                       
000021ef  CANFD0_IRQHandler                    
000021ef  DAC0_IRQHandler                      
000021ef  DMA_IRQHandler                       
000021ef  Default_Handler                      
000021ef  GROUP0_IRQHandler                    
000021ef  HardFault_Handler                    
000021ef  I2C0_IRQHandler                      
000021ef  I2C1_IRQHandler                      
000021ef  NMI_Handler                          
000021ef  PendSV_Handler                       
000021ef  RTC_IRQHandler                       
000021ef  SPI0_IRQHandler                      
000021ef  SPI1_IRQHandler                      
000021ef  SVC_Handler                          
000021ef  SysTick_Handler                      
000021ef  TIMG0_IRQHandler                     
000021ef  TIMG12_IRQHandler                    
000021ef  TIMG6_IRQHandler                     
000021ef  TIMG7_IRQHandler                     
000021ef  TIMG8_IRQHandler                     
000021ef  UART0_IRQHandler                     
000021ef  UART2_IRQHandler                     
000021ef  UART3_IRQHandler                     
000021f1  SYSCFG_DL_PWM_MOTOR_init             
00002285  __aeabi_fmul                         
00002285  __mulsf3                             
00002311  GROUP1_IRQHandler                    
00002399  SYSCFG_DL_DMA_init                   
000023a1  strcmp                               
00002429  OLED_WriteData                       
000024a5  SYSCFG_DL_SYSCTL_init                
00002521  __TI_decompress_lzss                 
0000259d  __gedf2                              
0000259d  __gtdf2                              
00002611  __aeabi_d2f                          
00002611  __truncdfsf2                         
00002685  Gyro_Angle_PID_Work                  
000026f5  Motor_Velocity_PID_Work              
00002765  Motor_SetSpeed                       
000027cd  __cmpdf2                             
000027cd  __eqdf2                              
000027cd  __ledf2                              
000027cd  __ltdf2                              
000027cd  __nedf2                              
00002835  DL_SYSCTL_setHFCLKSourceHFXTParams   
00002899  OLED_ReverseArea                     
000028fd  __aeabi_dcmpeq                       
00002911  __aeabi_dcmplt                       
00002925  __aeabi_dcmple                       
00002939  __aeabi_dcmpge                       
0000294d  __aeabi_dcmpgt                       
0000295f  __aeabi_idiv0                        
00002961  __aeabi_fcmpeq                       
00002975  __aeabi_fcmplt                       
00002989  __aeabi_fcmple                       
0000299d  __aeabi_fcmpge                       
000029b1  __aeabi_fcmpgt                       
000029c3  memset                               
00002a25  SYSCFG_DL_UART_DEBUG_init            
00002a85  SYSCFG_DL_initPower                  
00002ae5  Motor_PID_Init                       
00002b41  task1                                
00002b9d  task2                                
00002bf9  DL_UART_drainRXFIFO                  
00002c4d  DL_DMA_initChannel                   
00002c99  SYSCFG_DL_TIMER_0_init               
00002ce5  SYSCFG_DL_TIMER_1_init               
00002d31  SYSCFG_DL_init                       
00002d7d  __aeabi_d2iz                         
00002d7d  __fixdfsi                            
00002dc9  DL_UART_init                         
00002e11  PID_SetParameter                     
00002e59  DL_SYSCTL_switchMCLKfromSYSOSCtoHSCLK
00002e9d  Motor_Stop                           
00002ee1  delay_ms                             
00002f25  IIC_Start                            
00002f65  __aeabi_uidiv                        
00002f65  __aeabi_uidivmod                     
00002fa5  __aeabi_f2d                          
00002fa5  __extendsfdf2                        
00002fe5  delay_us                             
00003025  __aeabi_i2f                          
00003025  __floatsisf                          
00003061  __gesf2                              
00003061  __gtsf2                              
0000309d  __TI_auto_init_nobinit_nopinit       
000030d9  __cmpsf2                             
000030d9  __eqsf2                              
000030d9  __lesf2                              
000030d9  __ltsf2                              
000030d9  __nesf2                              
00003115  __muldsi3                            
00003151  Gyro_Init                            
00003189  Gyro_PID_Init                        
000031c1  OLED_WriteCommand                    
000031f9  Track_PID_Init                       
00003231  Track_Position_PID_Work              
00003269  __aeabi_f2iz                         
00003269  __fixsfsi                            
000032a1  IIC_Stop                             
000032d5  __aeabi_f2uiz                        
000032d5  __fixunssfsi                         
00003309  TIMA1_IRQHandler                     
00003339  Encoder_GetCnt                       
00003365  __aeabi_i2d                          
00003365  __floatsidf                          
00003391  _c_int00_noargs                      
000033b9  DL_UART_transmitDataBlocking         
000033d9  TIMA0_IRQHandler                     
000033f9  DL_Timer_setCaptCompUpdateMethod     
00003415  DL_Timer_setClockConfig              
00003431  Motor_Init                           
0000344d  SYSCFG_DL_SYSTICK_init               
00003469  board_init                           
00003485  DL_Timer_setCaptureCompareOutCtl     
0000349d  SYSCFG_DL_DMA_GYRO_init              
000034b5  DL_UART_setClockConfig               
000034c7  __TI_decompress_none                 
000034d9  DL_Timer_setCaptureCompareValue      
000034e9  __TI_zero_init                       
000034f9  __aeabi_memclr                       
000034f9  __aeabi_memclr4                      
000034f9  __aeabi_memclr8                      
00003505  DL_Common_delayCycles                
0000350f  PID_Init                             
00003519  __aeabi_memcpy                       
00003519  __aeabi_memcpy4                      
00003519  __aeabi_memcpy8                      
00003521  abort                                
00003526  C$$EXIT                              
00003527  HOSTexit                             
0000352b  Reset_Handler                        
0000352f  _system_pre_init                     
00003540  OLED_F8x16                           
00003b30  OLED_CF16x16                         
00003e39  OLED_F6x8                            
000041ac  __TI_Handler_Table_Base              
000041b8  __TI_Handler_Table_Limit             
000041c0  __TI_CINIT_Base                      
000041d0  __TI_CINIT_Limit                     
000041d0  __TI_CINIT_Warm                      
20200000  __start___llvm_prf_bits              
20200000  __start___llvm_prf_cnts              
20200000  __stop___llvm_prf_bits               
20200000  __stop___llvm_prf_cnts               
20200000  _sys_memory                          
20202000  OLED_DisplayBuf                      
20202400  gTIMER_0Backup                       
202024bc  gTIMER_1Backup                       
20202578  gPWM_MOTORBackup                     
20202618  Gyro_PID                             
20202648  MotorA_PID                           
20202678  MotorB_PID                           
202026a8  Track_PID                            
202026d8  Gyro_DMA_Buffer                      
202026fc  Gyro_Data                            
2020271c  EncoderA_Cnt                         
20202720  EncoderB_Cnt                         
20202724  Get_Encoder_CountA                   
20202728  Get_Encoder_CountB                   
2020272c  PWMA                                 
20202730  PWMB                                 
20202734  gpio_interrup                        
20202738  Key                                  
20202748  JY61P_SAVE_CMD                       
2020274d  JY61P_ULOCK_CMD                      
20202752  JY61P_Z0_CMD                         
20202757  Task_Flag                            
20202758  Motor_Target                         
2020275c  frame_cnt                            
20202760  Menu_Flag                            
20202762  Timer0_Flag                          
20202763  Timer1_Cnt                           
20207e00  __stack                              
20208000  __STACK_END                          
ffffffff  __TI_pprof_out_hndl                  
ffffffff  __TI_prof_data_size                  
ffffffff  __TI_prof_data_start                 
ffffffff  __binit__                            
ffffffff  binit                                
UNDEFED   __mpu_init                           
UNDEFED   _system_post_cinit                   

[228 symbols]
